Archive member included to satisfy reference by file (symbol)

e:/clion_for_stm32/gun_arm_gcc/10 2021.10/bin/../lib/gcc/arm-none-eabi/10.3.1/thumb/v7e-m+fp/hard\libgcc.a(_aeabi_uldivmod.o)
                              CMakeFiles/untitled.elf.dir/Drivers/STM32F4xx_HAL_Driver/Src/stm32f4xx_hal_rcc.c.obj (__aeabi_uldivmod)
e:/clion_for_stm32/gun_arm_gcc/10 2021.10/bin/../lib/gcc/arm-none-eabi/10.3.1/thumb/v7e-m+fp/hard\libgcc.a(_udivmoddi4.o)
                              e:/clion_for_stm32/gun_arm_gcc/10 2021.10/bin/../lib/gcc/arm-none-eabi/10.3.1/thumb/v7e-m+fp/hard\libgcc.a(_aeabi_uldivmod.o) (__udivmoddi4)
e:/clion_for_stm32/gun_arm_gcc/10 2021.10/bin/../lib/gcc/arm-none-eabi/10.3.1/thumb/v7e-m+fp/hard\libgcc.a(unwind-arm.o)
                              CMakeFiles/untitled.elf.dir/UserApp/main.cpp.obj (__aeabi_unwind_cpp_pr0)
e:/clion_for_stm32/gun_arm_gcc/10 2021.10/bin/../lib/gcc/arm-none-eabi/10.3.1/thumb/v7e-m+fp/hard\libgcc.a(libunwind.o)
                              e:/clion_for_stm32/gun_arm_gcc/10 2021.10/bin/../lib/gcc/arm-none-eabi/10.3.1/thumb/v7e-m+fp/hard\libgcc.a(unwind-arm.o) (restore_core_regs)
e:/clion_for_stm32/gun_arm_gcc/10 2021.10/bin/../lib/gcc/arm-none-eabi/10.3.1/thumb/v7e-m+fp/hard\libgcc.a(pr-support.o)
                              e:/clion_for_stm32/gun_arm_gcc/10 2021.10/bin/../lib/gcc/arm-none-eabi/10.3.1/thumb/v7e-m+fp/hard\libgcc.a(unwind-arm.o) (__gnu_unwind_execute)
e:/clion_for_stm32/gun_arm_gcc/10 2021.10/bin/../lib/gcc/arm-none-eabi/10.3.1/thumb/v7e-m+fp/hard\libgcc.a(_dvmd_tls.o)
                              e:/clion_for_stm32/gun_arm_gcc/10 2021.10/bin/../lib/gcc/arm-none-eabi/10.3.1/thumb/v7e-m+fp/hard\libgcc.a(_aeabi_uldivmod.o) (__aeabi_ldiv0)
e:/clion_for_stm32/gun_arm_gcc/10 2021.10/bin/../lib/gcc/arm-none-eabi/10.3.1/../../../../arm-none-eabi/lib/thumb/v7e-m+fp/hard\libg.a(lib_a-abort.o)
                              e:/clion_for_stm32/gun_arm_gcc/10 2021.10/bin/../lib/gcc/arm-none-eabi/10.3.1/thumb/v7e-m+fp/hard\libgcc.a(unwind-arm.o) (abort)
e:/clion_for_stm32/gun_arm_gcc/10 2021.10/bin/../lib/gcc/arm-none-eabi/10.3.1/../../../../arm-none-eabi/lib/thumb/v7e-m+fp/hard\libg.a(lib_a-errno.o)
                              CMakeFiles/untitled.elf.dir/Core/Src/syscalls.c.obj (__errno)
e:/clion_for_stm32/gun_arm_gcc/10 2021.10/bin/../lib/gcc/arm-none-eabi/10.3.1/../../../../arm-none-eabi/lib/thumb/v7e-m+fp/hard\libg.a(lib_a-exit.o)
                              e:/clion_for_stm32/gun_arm_gcc/10 2021.10/bin/../lib/gcc/arm-none-eabi/10.3.1/../../../../arm-none-eabi/lib/thumb/v7e-m+fp/hard/crt0.o (exit)
e:/clion_for_stm32/gun_arm_gcc/10 2021.10/bin/../lib/gcc/arm-none-eabi/10.3.1/../../../../arm-none-eabi/lib/thumb/v7e-m+fp/hard\libg.a(lib_a-impure.o)
                              e:/clion_for_stm32/gun_arm_gcc/10 2021.10/bin/../lib/gcc/arm-none-eabi/10.3.1/../../../../arm-none-eabi/lib/thumb/v7e-m+fp/hard\libg.a(lib_a-exit.o) (_global_impure_ptr)
e:/clion_for_stm32/gun_arm_gcc/10 2021.10/bin/../lib/gcc/arm-none-eabi/10.3.1/../../../../arm-none-eabi/lib/thumb/v7e-m+fp/hard\libg.a(lib_a-init.o)
                              e:/clion_for_stm32/gun_arm_gcc/10 2021.10/bin/../lib/gcc/arm-none-eabi/10.3.1/../../../../arm-none-eabi/lib/thumb/v7e-m+fp/hard/crt0.o (__libc_init_array)
e:/clion_for_stm32/gun_arm_gcc/10 2021.10/bin/../lib/gcc/arm-none-eabi/10.3.1/../../../../arm-none-eabi/lib/thumb/v7e-m+fp/hard\libg.a(lib_a-memcpy.o)
                              CMakeFiles/untitled.elf.dir/Middlewares/Third_Party/FreeRTOS/Source/CMSIS_RTOS_V2/cmsis_os2.c.obj (memcpy)
e:/clion_for_stm32/gun_arm_gcc/10 2021.10/bin/../lib/gcc/arm-none-eabi/10.3.1/../../../../arm-none-eabi/lib/thumb/v7e-m+fp/hard\libg.a(lib_a-memset.o)
                              e:/clion_for_stm32/gun_arm_gcc/10 2021.10/bin/../lib/gcc/arm-none-eabi/10.3.1/../../../../arm-none-eabi/lib/thumb/v7e-m+fp/hard/crt0.o (memset)
e:/clion_for_stm32/gun_arm_gcc/10 2021.10/bin/../lib/gcc/arm-none-eabi/10.3.1/../../../../arm-none-eabi/lib/thumb/v7e-m+fp/hard\libg.a(lib_a-signal.o)
                              e:/clion_for_stm32/gun_arm_gcc/10 2021.10/bin/../lib/gcc/arm-none-eabi/10.3.1/../../../../arm-none-eabi/lib/thumb/v7e-m+fp/hard\libg.a(lib_a-abort.o) (raise)
e:/clion_for_stm32/gun_arm_gcc/10 2021.10/bin/../lib/gcc/arm-none-eabi/10.3.1/../../../../arm-none-eabi/lib/thumb/v7e-m+fp/hard\libg.a(lib_a-signalr.o)
                              e:/clion_for_stm32/gun_arm_gcc/10 2021.10/bin/../lib/gcc/arm-none-eabi/10.3.1/../../../../arm-none-eabi/lib/thumb/v7e-m+fp/hard\libg.a(lib_a-signal.o) (_kill_r)
e:/clion_for_stm32/gun_arm_gcc/10 2021.10/bin/../lib/gcc/arm-none-eabi/10.3.1/../../../../arm-none-eabi/lib/thumb/v7e-m+fp/hard\libg.a(lib_a-__call_atexit.o)
                              e:/clion_for_stm32/gun_arm_gcc/10 2021.10/bin/../lib/gcc/arm-none-eabi/10.3.1/../../../../arm-none-eabi/lib/thumb/v7e-m+fp/hard\libg.a(lib_a-exit.o) (__call_exitprocs)
[...]
Memory Configuration

Name             Origin             Length             Attributes
CCMRAM           0x10000000         0x00010000         xrw
RAM              0x20000000         0x00020000         xrw
FLASH            0x08000000         0x00100000         xr
*default*        0x00000000         0xffffffff

Linker script and memory map

LOAD e:/clion_for_stm32/gun_arm_gcc/10 2021.10/bin/../lib/gcc/arm-none-eabi/10.3.1/thumb/v7e-m+fp/hard/crti.o
LOAD e:/clion_for_stm32/gun_arm_gcc/10 2021.10/bin/../lib/gcc/arm-none-eabi/10.3.1/thumb/v7e-m+fp/hard/crtbegin.o
LOAD e:/clion_for_stm32/gun_arm_gcc/10 2021.10/bin/../lib/gcc/arm-none-eabi/10.3.1/../../../../arm-none-eabi/lib/thumb/v7e-m+fp/hard/crt0.o
LOAD CMakeFiles/untitled.elf.dir/Bsp/communication/communication.cpp.obj
LOAD CMakeFiles/untitled.elf.dir/Core/Src/adc.c.obj
LOAD CMakeFiles/untitled.elf.dir/Core/Src/can.c.obj
LOAD CMakeFiles/untitled.elf.dir/Core/Src/dma.c.obj
LOAD CMakeFiles/untitled.elf.dir/Core/Src/freertos.c.obj
LOAD CMakeFiles/untitled.elf.dir/Core/Src/gpio.c.obj
LOAD CMakeFiles/untitled.elf.dir/Core/Src/i2c.c.obj
LOAD CMakeFiles/untitled.elf.dir/Core/Src/main.c.obj
LOAD CMakeFiles/untitled.elf.dir/Core/Src/spi.c.obj
LOAD CMakeFiles/untitled.elf.dir/Core/Src/stm32f4xx_hal_msp.c.obj
LOAD CMakeFiles/untitled.elf.dir/Core/Src/stm32f4xx_hal_timebase_tim.c.obj
LOAD CMakeFiles/untitled.elf.dir/Core/Src/stm32f4xx_it.c.obj
LOAD CMakeFiles/untitled.elf.dir/Core/Src/syscalls.c.obj
LOAD CMakeFiles/untitled.elf.dir/Core/Src/sysmem.c.obj
LOAD CMakeFiles/untitled.elf.dir/Core/Src/system_stm32f4xx.c.obj
LOAD CMakeFiles/untitled.elf.dir/Core/Src/tim.c.obj
LOAD CMakeFiles/untitled.elf.dir/Core/Src/usart.c.obj
LOAD CMakeFiles/untitled.elf.dir/Core/Startup/startup_stm32f405rgtx.s.obj
LOAD CMakeFiles/untitled.elf.dir/Drivers/STM32F4xx_HAL_Driver/Src/stm32f4xx_hal.c.obj
LOAD CMakeFiles/untitled.elf.dir/Drivers/STM32F4xx_HAL_Driver/Src/stm32f4xx_hal_adc.c.obj
LOAD CMakeFiles/untitled.elf.dir/Drivers/STM32F4xx_HAL_Driver/Src/stm32f4xx_hal_adc_ex.c.obj
LOAD CMakeFiles/untitled.elf.dir/Drivers/STM32F4xx_HAL_Driver/Src/stm32f4xx_hal_can.c.obj
LOAD CMakeFiles/untitled.elf.dir/Drivers/STM32F4xx_HAL_Driver/Src/stm32f4xx_hal_cortex.c.obj
LOAD CMakeFiles/untitled.elf.dir/Drivers/STM32F4xx_HAL_Driver/Src/stm32f4xx_hal_dma.c.obj
LOAD CMakeFiles/untitled.elf.dir/Drivers/STM32F4xx_HAL_Driver/Src/stm32f4xx_hal_dma_ex.c.obj
LOAD CMakeFiles/untitled.elf.dir/Drivers/STM32F4xx_HAL_Driver/Src/stm32f4xx_hal_exti.c.obj
LOAD CMakeFiles/untitled.elf.dir/Drivers/STM32F4xx_HAL_Driver/Src/stm32f4xx_hal_flash.c.obj
LOAD CMakeFiles/untitled.elf.dir/Drivers/STM32F4xx_HAL_Driver/Src/stm32f4xx_hal_flash_ex.c.obj
LOAD CMakeFiles/untitled.elf.dir/Drivers/STM32F4xx_HAL_Driver/Src/stm32f4xx_hal_flash_ramfunc.c.obj
LOAD CMakeFiles/untitled.elf.dir/Drivers/STM32F4xx_HAL_Driver/Src/stm32f4xx_hal_gpio.c.obj
LOAD CMakeFiles/untitled.elf.dir/Drivers/STM32F4xx_HAL_Driver/Src/stm32f4xx_hal_i2c.c.obj
LOAD CMakeFiles/untitled.elf.dir/Drivers/STM32F4xx_HAL_Driver/Src/stm32f4xx_hal_i2c_ex.c.obj
LOAD CMakeFiles/untitled.elf.dir/Drivers/STM32F4xx_HAL_Driver/Src/stm32f4xx_hal_pcd.c.obj
LOAD CMakeFiles/untitled.elf.dir/Drivers/STM32F4xx_HAL_Driver/Src/stm32f4xx_hal_pcd_ex.c.obj
LOAD CMakeFiles/untitled.elf.dir/Drivers/STM32F4xx_HAL_Driver/Src/stm32f4xx_hal_pwr.c.obj
LOAD CMakeFiles/untitled.elf.dir/Drivers/STM32F4xx_HAL_Driver/Src/stm32f4xx_hal_pwr_ex.c.obj
LOAD CMakeFiles/untitled.elf.dir/Drivers/STM32F4xx_HAL_Driver/Src/stm32f4xx_hal_rcc.c.obj
LOAD CMakeFiles/untitled.elf.dir/Drivers/STM32F4xx_HAL_Driver/Src/stm32f4xx_hal_rcc_ex.c.obj
LOAD CMakeFiles/untitled.elf.dir/Drivers/STM32F4xx_HAL_Driver/Src/stm32f4xx_hal_spi.c.obj
LOAD CMakeFiles/untitled.elf.dir/Drivers/STM32F4xx_HAL_Driver/Src/stm32f4xx_hal_tim.c.obj
LOAD CMakeFiles/untitled.elf.dir/Drivers/STM32F4xx_HAL_Driver/Src/stm32f4xx_hal_tim_ex.c.obj
LOAD CMakeFiles/untitled.elf.dir/Drivers/STM32F4xx_HAL_Driver/Src/stm32f4xx_hal_uart.c.obj
LOAD CMakeFiles/untitled.elf.dir/Drivers/STM32F4xx_HAL_Driver/Src/stm32f4xx_ll_adc.c.obj
LOAD CMakeFiles/untitled.elf.dir/Drivers/STM32F4xx_HAL_Driver/Src/stm32f4xx_ll_usb.c.obj
LOAD CMakeFiles/untitled.elf.dir/Middlewares/ST/STM32_USB_Device_Library/Class/CDC/Src/usbd_cdc.c.obj
LOAD CMakeFiles/untitled.elf.dir/Middlewares/ST/STM32_USB_Device_Library/Core/Src/usbd_core.c.obj
LOAD CMakeFiles/untitled.elf.dir/Middlewares/ST/STM32_USB_Device_Library/Core/Src/usbd_ctlreq.c.obj
LOAD CMakeFiles/untitled.elf.dir/Middlewares/ST/STM32_USB_Device_Library/Core/Src/usbd_ioreq.c.obj
LOAD CMakeFiles/untitled.elf.dir/Middlewares/Third_Party/FreeRTOS/Source/CMSIS_RTOS_V2/cmsis_os2.c.obj
LOAD CMakeFiles/untitled.elf.dir/Middlewares/Third_Party/FreeRTOS/Source/croutine.c.obj
LOAD CMakeFiles/untitled.elf.dir/Middlewares/Third_Party/FreeRTOS/Source/event_groups.c.obj
LOAD CMakeFiles/untitled.elf.dir/Middlewares/Third_Party/FreeRTOS/Source/list.c.obj
LOAD CMakeFiles/untitled.elf.dir/Middlewares/Third_Party/FreeRTOS/Source/portable/GCC/ARM_CM4F/port.c.obj
LOAD CMakeFiles/untitled.elf.dir/Middlewares/Third_Party/FreeRTOS/Source/portable/MemMang/heap_4.c.obj
LOAD CMakeFiles/untitled.elf.dir/Middlewares/Third_Party/FreeRTOS/Source/queue.c.obj
LOAD CMakeFiles/untitled.elf.dir/Middlewares/Third_Party/FreeRTOS/Source/stream_buffer.c.obj
LOAD CMakeFiles/untitled.elf.dir/Middlewares/Third_Party/FreeRTOS/Source/tasks.c.obj
LOAD CMakeFiles/untitled.elf.dir/Middlewares/Third_Party/FreeRTOS/Source/timers.c.obj
LOAD CMakeFiles/untitled.elf.dir/USB_DEVICE/App/usb_device.c.obj
LOAD CMakeFiles/untitled.elf.dir/USB_DEVICE/App/usbd_cdc_if.c.obj
LOAD CMakeFiles/untitled.elf.dir/USB_DEVICE/App/usbd_desc.c.obj
LOAD CMakeFiles/untitled.elf.dir/USB_DEVICE/Target/usbd_conf.c.obj
LOAD CMakeFiles/untitled.elf.dir/UserApp/main.cpp.obj
LOAD e:/clion_for_stm32/gun_arm_gcc/10 2021.10/bin/../lib/gcc/arm-none-eabi/10.3.1/../../../../arm-none-eabi/lib/thumb/v7e-m+fp/hard\libstdc++.a
LOAD e:/clion_for_stm32/gun_arm_gcc/10 2021.10/bin/../lib/gcc/arm-none-eabi/10.3.1/../../../../arm-none-eabi/lib/thumb/v7e-m+fp/hard\libm.a
START GROUP
LOAD e:/clion_for_stm32/gun_arm_gcc/10 2021.10/bin/../lib/gcc/arm-none-eabi/10.3.1/thumb/v7e-m+fp/hard\libgcc.a
LOAD e:/clion_for_stm32/gun_arm_gcc/10 2021.10/bin/../lib/gcc/arm-none-eabi/10.3.1/../../../../arm-none-eabi/lib/thumb/v7e-m+fp/hard\libg.a
LOAD e:/clion_for_stm32/gun_arm_gcc/10 2021.10/bin/../lib/gcc/arm-none-eabi/10.3.1/../../../../arm-none-eabi/lib/thumb/v7e-m+fp/hard\libc.a
END GROUP
LOAD e:/clion_for_stm32/gun_arm_gcc/10 2021.10/bin/../lib/gcc/arm-none-eabi/10.3.1/thumb/v7e-m+fp/hard/crtend.o
LOAD e:/clion_for_stm32/gun_arm_gcc/10 2021.10/bin/../lib/gcc/arm-none-eabi/10.3.1/thumb/v7e-m+fp/hard/crtn.o
                0x20020000                _estack = (ORIGIN (RAM) + LENGTH (RAM))
                0x00003c00                _Min_Heap_Size = 0x3c00
                0x00000800                _Min_Stack_Size = 0x800

.isr_vector     0x08000000      0x188
                0x08000000                . = ALIGN (0x4)
 *(.isr_vector)
 .isr_vector    0x08000000      0x188 CMakeFiles/untitled.elf.dir/Core/Startup/startup_stm32f405rgtx.s.obj
                0x08000000                g_pfnVectors
                0x08000188                . = ALIGN (0x4)

.text           0x08000190     0x96a4
                0x08000190                . = ALIGN (0x4)
 *(.text)
 .text          0x08000190       0x40 e:/clion_for_stm32/gun_arm_gcc/10 2021.10/bin/../lib/gcc/arm-none-eabi/10.3.1/thumb/v7e-m+fp/hard/crtbegin.o
 .text          0x080001d0       0x30 e:/clion_for_stm32/gun_arm_gcc/10 2021.10/bin/../lib/gcc/arm-none-eabi/10.3.1/thumb/v7e-m+fp/hard\libgcc.a(_aeabi_uldivmod.o)
                0x080001d0                __aeabi_uldivmod
 .text          0x08000200      0x2d0 e:/clion_for_stm32/gun_arm_gcc/10 2021.10/bin/../lib/gcc/arm-none-eabi/10.3.1/thumb/v7e-m+fp/hard\libgcc.a(_udivmoddi4.o)
                0x08000200                __udivmoddi4
 .text          0x080004d0      0x9d8 e:/clion_for_stm32/gun_arm_gcc/10 2021.10/bin/../lib/gcc/arm-none-eabi/10.3.1/thumb/v7e-m+fp/hard\libgcc.a(unwind-arm.o)
                0x08000778                _Unwind_GetCFA
                0x0800077c                __gnu_Unwind_RaiseException
                0x080007e4                __gnu_Unwind_ForcedUnwind
                0x080007f4                __gnu_Unwind_Resume
                0x08000838                __gnu_Unwind_Resume_or_Rethrow
                0x08000848                _Unwind_Complete
                0x0800084c                _Unwind_DeleteException
                0x08000858                _Unwind_VRS_Get
                0x080008a4                _Unwind_VRS_Set
                0x080008ec                __gnu_Unwind_Backtrace
                0x08000c18                __aeabi_unwind_cpp_pr0
                0x08000c1c                __aeabi_unwind_cpp_pr1
                0x08000c20                __aeabi_unwind_cpp_pr2
                0x08000c24                _Unwind_VRS_Pop
 .text          0x08000ea8      0x1ac e:/clion_for_stm32/gun_arm_gcc/10 2021.10/bin/../lib/gcc/arm-none-eabi/10.3.1/thumb/v7e-m+fp/hard\libgcc.a(libunwind.o)
                0x08000ea8                __restore_core_regs
                0x08000ea8                restore_core_regs
                0x08000ec0                __gnu_Unwind_Restore_VFP
                0x08000ec8                __gnu_Unwind_Save_VFP
                0x08000ed0                __gnu_Unwind_Restore_VFP_D
                0x08000ed8                __gnu_Unwind_Save_VFP_D
                0x08000ee0                __gnu_Unwind_Restore_VFP_D_16_to_31
                0x08000ee8                __gnu_Unwind_Save_VFP_D_16_to_31
                0x08000ef0                __gnu_Unwind_Restore_WMMXD
                0x08000f34                __gnu_Unwind_Save_WMMXD
                0x08000f78                __gnu_Unwind_Restore_WMMXC
                0x08000f8c                __gnu_Unwind_Save_WMMXC
                0x08000fa0                ___Unwind_RaiseException
                0x08000fa0                _Unwind_RaiseException
                0x08000fc4                _Unwind_Resume
                0x08000fc4                ___Unwind_Resume
                0x08000fe8                _Unwind_Resume_or_Rethrow
                0x08000fe8                ___Unwind_Resume_or_Rethrow
                0x0800100c                _Unwind_ForcedUnwind
                0x0800100c                ___Unwind_ForcedUnwind
                0x08001030                ___Unwind_Backtrace
                0x08001030                _Unwind_Backtrace
 .text          0x08001054      0x350 e:/clion_for_stm32/gun_arm_gcc/10 2021.10/bin/../lib/gcc/arm-none-eabi/10.3.1/thumb/v7e-m+fp/hard\libgcc.a(pr-support.o)
                0x080010ac                __gnu_unwind_execute
                0x08001358                __gnu_unwind_frame
                0x08001384                _Unwind_GetRegionStart
                0x08001390                _Unwind_GetLanguageSpecificData
 .text          0x080013a4        0x4 e:/clion_for_stm32/gun_arm_gcc/10 2021.10/bin/../lib/gcc/arm-none-eabi/10.3.1/thumb/v7e-m+fp/hard\libgcc.a(_dvmd_tls.o)
                0x080013a4                __aeabi_idiv0
                0x080013a4                __aeabi_ldiv0
 .text          0x080013a8      0x134 e:/clion_for_stm32/gun_arm_gcc/10 2021.10/bin/../lib/gcc/arm-none-eabi/10.3.1/../../../../arm-none-eabi/lib/thumb/v7e-m+fp/hard\libg.a(lib_a-memcpy.o)
                0x080013a8                memcpy
 *(.text*)
 .text.MX_ADC1_Init
                0x080014dc       0xf0 CMakeFiles/untitled.elf.dir/Core/Src/adc.c.obj
                0x080014dc                MX_ADC1_Init
 .text.HAL_ADC_MspInit
                0x080015cc       0xb8 CMakeFiles/untitled.elf.dir/Core/Src/adc.c.obj
                0x080015cc                HAL_ADC_MspInit
 .text.MX_CAN1_Init
                0x08001684       0x44 CMakeFiles/untitled.elf.dir/Core/Src/can.c.obj
                0x08001684                MX_CAN1_Init
 .text.MX_CAN2_Init
                0x080016c8       0x44 CMakeFiles/untitled.elf.dir/Core/Src/can.c.obj
                0x080016c8                MX_CAN2_Init
 .text.HAL_CAN_MspInit
                0x0800170c      0x184 CMakeFiles/untitled.elf.dir/Core/Src/can.c.obj
                0x0800170c                HAL_CAN_MspInit
 .text.MX_DMA_Init
                0x08001890       0xa8 CMakeFiles/untitled.elf.dir/Core/Src/dma.c.obj
                0x08001890                MX_DMA_Init
 .text.StartDefaultTask
                0x08001938       0x18 CMakeFiles/untitled.elf.dir/Core/Src/freertos.c.obj
                0x08001938                StartDefaultTask
 .text.MX_FREERTOS_Init
                0x08001950       0x20 CMakeFiles/untitled.elf.dir/Core/Src/freertos.c.obj
                0x08001950                MX_FREERTOS_Init
 .text.MX_GPIO_Init
                0x08001970       0x74 CMakeFiles/untitled.elf.dir/Core/Src/gpio.c.obj
                0x08001970                MX_GPIO_Init
 .text.MX_I2C1_Init
                0x080019e4       0x3c CMakeFiles/untitled.elf.dir/Core/Src/i2c.c.obj
                0x080019e4                MX_I2C1_Init
 .text.MX_I2C2_Init
                0x08001a20       0x3c CMakeFiles/untitled.elf.dir/Core/Src/i2c.c.obj
                0x08001a20                MX_I2C2_Init
 .text.MX_I2C3_Init
                0x08001a5c       0x3c CMakeFiles/untitled.elf.dir/Core/Src/i2c.c.obj
                0x08001a5c                MX_I2C3_Init
 .text.HAL_I2C_MspInit
                0x08001a98      0x150 CMakeFiles/untitled.elf.dir/Core/Src/i2c.c.obj
                0x08001a98                HAL_I2C_MspInit
 .text.HAL_TIM_PeriodElapsedCallback
                0x08001be8       0x18 CMakeFiles/untitled.elf.dir/Core/Src/main.c.obj
                0x08001be8                HAL_TIM_PeriodElapsedCallback
 .text.Error_Handler
                0x08001c00        0x4 CMakeFiles/untitled.elf.dir/Core/Src/main.c.obj
                0x08001c00                Error_Handler
 .text.SystemClock_Config
                0x08001c04       0xa8 CMakeFiles/untitled.elf.dir/Core/Src/main.c.obj
                0x08001c04                SystemClock_Config
 .text.main     0x08001cac       0x54 CMakeFiles/untitled.elf.dir/Core/Src/main.c.obj
                0x08001cac                main
 .text.MX_SPI1_Init
                0x08001d00       0x40 CMakeFiles/untitled.elf.dir/Core/Src/spi.c.obj
                0x08001d00                MX_SPI1_Init
 .text.MX_SPI3_Init
                0x08001d40       0x40 CMakeFiles/untitled.elf.dir/Core/Src/spi.c.obj
                0x08001d40                MX_SPI3_Init
 .text.HAL_SPI_MspInit
                0x08001d80       0xf0 CMakeFiles/untitled.elf.dir/Core/Src/spi.c.obj
                0x08001d80                HAL_SPI_MspInit
 .text.HAL_MspInit
                0x08001e70       0x44 CMakeFiles/untitled.elf.dir/Core/Src/stm32f4xx_hal_msp.c.obj
                0x08001e70                HAL_MspInit
 .text.HAL_InitTick
                0x08001eb4       0xa4 CMakeFiles/untitled.elf.dir/Core/Src/stm32f4xx_hal_timebase_tim.c.obj
                0x08001eb4                HAL_InitTick
 .text.NMI_Handler
                0x08001f58        0x2 CMakeFiles/untitled.elf.dir/Core/Src/stm32f4xx_it.c.obj
                0x08001f58                NMI_Handler
 .text.HardFault_Handler
                0x08001f5a        0x2 CMakeFiles/untitled.elf.dir/Core/Src/stm32f4xx_it.c.obj
                0x08001f5a                HardFault_Handler
 .text.MemManage_Handler
                0x08001f5c        0x2 CMakeFiles/untitled.elf.dir/Core/Src/stm32f4xx_it.c.obj
                0x08001f5c                MemManage_Handler
 .text.BusFault_Handler
                0x08001f5e        0x2 CMakeFiles/untitled.elf.dir/Core/Src/stm32f4xx_it.c.obj
                0x08001f5e                BusFault_Handler
 .text.UsageFault_Handler
                0x08001f60        0x2 CMakeFiles/untitled.elf.dir/Core/Src/stm32f4xx_it.c.obj
                0x08001f60                UsageFault_Handler
 .text.DebugMon_Handler
                0x08001f62        0x2 CMakeFiles/untitled.elf.dir/Core/Src/stm32f4xx_it.c.obj
                0x08001f62                DebugMon_Handler
 .text.DMA1_Stream0_IRQHandler
                0x08001f64       0x10 CMakeFiles/untitled.elf.dir/Core/Src/stm32f4xx_it.c.obj
                0x08001f64                DMA1_Stream0_IRQHandler
 .text.DMA1_Stream2_IRQHandler
                0x08001f74       0x10 CMakeFiles/untitled.elf.dir/Core/Src/stm32f4xx_it.c.obj
                0x08001f74                DMA1_Stream2_IRQHandler
 .text.DMA1_Stream4_IRQHandler
                0x08001f84       0x10 CMakeFiles/untitled.elf.dir/Core/Src/stm32f4xx_it.c.obj
                0x08001f84                DMA1_Stream4_IRQHandler
 .text.ADC_IRQHandler
                0x08001f94       0x10 CMakeFiles/untitled.elf.dir/Core/Src/stm32f4xx_it.c.obj
                0x08001f94                ADC_IRQHandler
 .text.CAN1_TX_IRQHandler
                0x08001fa4       0x10 CMakeFiles/untitled.elf.dir/Core/Src/stm32f4xx_it.c.obj
                0x08001fa4                CAN1_TX_IRQHandler
 .text.CAN1_RX0_IRQHandler
                0x08001fb4       0x10 CMakeFiles/untitled.elf.dir/Core/Src/stm32f4xx_it.c.obj
                0x08001fb4                CAN1_RX0_IRQHandler
 .text.CAN1_RX1_IRQHandler
                0x08001fc4       0x10 CMakeFiles/untitled.elf.dir/Core/Src/stm32f4xx_it.c.obj
                0x08001fc4                CAN1_RX1_IRQHandler
 .text.CAN1_SCE_IRQHandler
                0x08001fd4       0x10 CMakeFiles/untitled.elf.dir/Core/Src/stm32f4xx_it.c.obj
                0x08001fd4                CAN1_SCE_IRQHandler
 .text.USART1_IRQHandler
                0x08001fe4       0x10 CMakeFiles/untitled.elf.dir/Core/Src/stm32f4xx_it.c.obj
                0x08001fe4                USART1_IRQHandler
 .text.TIM8_UP_TIM13_IRQHandler
                0x08001ff4       0x10 CMakeFiles/untitled.elf.dir/Core/Src/stm32f4xx_it.c.obj
                0x08001ff4                TIM8_UP_TIM13_IRQHandler
 .text.TIM8_TRG_COM_TIM14_IRQHandler
                0x08002004       0x10 CMakeFiles/untitled.elf.dir/Core/Src/stm32f4xx_it.c.obj
                0x08002004                TIM8_TRG_COM_TIM14_IRQHandler
 .text.DMA1_Stream7_IRQHandler
                0x08002014       0x10 CMakeFiles/untitled.elf.dir/Core/Src/stm32f4xx_it.c.obj
                0x08002014                DMA1_Stream7_IRQHandler
 .text.UART4_IRQHandler
                0x08002024       0x10 CMakeFiles/untitled.elf.dir/Core/Src/stm32f4xx_it.c.obj
                0x08002024                UART4_IRQHandler
 .text.UART5_IRQHandler
                0x08002034       0x10 CMakeFiles/untitled.elf.dir/Core/Src/stm32f4xx_it.c.obj
                0x08002034                UART5_IRQHandler
 .text.TIM6_DAC_IRQHandler
                0x08002044       0x10 CMakeFiles/untitled.elf.dir/Core/Src/stm32f4xx_it.c.obj
                0x08002044                TIM6_DAC_IRQHandler
 .text.DMA2_Stream0_IRQHandler
                0x08002054       0x10 CMakeFiles/untitled.elf.dir/Core/Src/stm32f4xx_it.c.obj
                0x08002054                DMA2_Stream0_IRQHandler
 .text.DMA2_Stream2_IRQHandler
                0x08002064       0x10 CMakeFiles/untitled.elf.dir/Core/Src/stm32f4xx_it.c.obj
                0x08002064                DMA2_Stream2_IRQHandler
 .text.CAN2_TX_IRQHandler
                0x08002074       0x10 CMakeFiles/untitled.elf.dir/Core/Src/stm32f4xx_it.c.obj
                0x08002074                CAN2_TX_IRQHandler
 .text.CAN2_RX0_IRQHandler
                0x08002084       0x10 CMakeFiles/untitled.elf.dir/Core/Src/stm32f4xx_it.c.obj
                0x08002084                CAN2_RX0_IRQHandler
 .text.CAN2_RX1_IRQHandler
                0x08002094       0x10 CMakeFiles/untitled.elf.dir/Core/Src/stm32f4xx_it.c.obj
                0x08002094                CAN2_RX1_IRQHandler
 .text.CAN2_SCE_IRQHandler
                0x080020a4       0x10 CMakeFiles/untitled.elf.dir/Core/Src/stm32f4xx_it.c.obj
                0x080020a4                CAN2_SCE_IRQHandler
 .text.OTG_FS_IRQHandler
                0x080020b4       0x10 CMakeFiles/untitled.elf.dir/Core/Src/stm32f4xx_it.c.obj
                0x080020b4                OTG_FS_IRQHandler
 .text.DMA2_Stream7_IRQHandler
                0x080020c4       0x10 CMakeFiles/untitled.elf.dir/Core/Src/stm32f4xx_it.c.obj
                0x080020c4                DMA2_Stream7_IRQHandler
 .text._getpid  0x080020d4        0x4 CMakeFiles/untitled.elf.dir/Core/Src/syscalls.c.obj
                0x080020d4                _getpid
 .text._kill    0x080020d8       0x10 CMakeFiles/untitled.elf.dir/Core/Src/syscalls.c.obj
                0x080020d8                _kill
 .text._exit    0x080020e8        0xc CMakeFiles/untitled.elf.dir/Core/Src/syscalls.c.obj
                0x080020e8                _exit
 .text.SystemInit
                0x080020f4       0x14 CMakeFiles/untitled.elf.dir/Core/Src/system_stm32f4xx.c.obj
                0x080020f4                SystemInit
 .text.MX_TIM13_Init
                0x08002108       0x30 CMakeFiles/untitled.elf.dir/Core/Src/tim.c.obj
                0x08002108                MX_TIM13_Init
 .text.MX_TIM14_Init
                0x08002138       0x30 CMakeFiles/untitled.elf.dir/Core/Src/tim.c.obj
                0x08002138                MX_TIM14_Init
 .text.HAL_TIM_Base_MspInit
                0x08002168       0x74 CMakeFiles/untitled.elf.dir/Core/Src/tim.c.obj
                0x08002168                HAL_TIM_Base_MspInit
 .text.MX_UART4_Init
                0x080021dc       0x34 CMakeFiles/untitled.elf.dir/Core/Src/usart.c.obj
                0x080021dc                MX_UART4_Init
 .text.MX_UART5_Init
                0x08002210       0x34 CMakeFiles/untitled.elf.dir/Core/Src/usart.c.obj
                0x08002210                MX_UART5_Init
 .text.MX_USART1_UART_Init
                0x08002244       0x34 CMakeFiles/untitled.elf.dir/Core/Src/usart.c.obj
                0x08002244                MX_USART1_UART_Init
 .text.HAL_UART_MspInit
                0x08002278      0x2fc CMakeFiles/untitled.elf.dir/Core/Src/usart.c.obj
                0x08002278                HAL_UART_MspInit
 .text.Reset_Handler
                0x08002574       0x50 CMakeFiles/untitled.elf.dir/Core/Startup/startup_stm32f405rgtx.s.obj
                0x08002574                Reset_Handler
 .text.Default_Handler
                0x080025c4        0x2 CMakeFiles/untitled.elf.dir/Core/Startup/startup_stm32f405rgtx.s.obj
                0x080025c4                RTC_Alarm_IRQHandler
                0x080025c4                HASH_RNG_IRQHandler
                0x080025c4                EXTI2_IRQHandler
                0x080025c4                TIM8_CC_IRQHandler
                0x080025c4                TIM1_CC_IRQHandler
                0x080025c4                DMA2_Stream5_IRQHandler
                0x080025c4                DMA1_Stream5_IRQHandler
                0x080025c4                PVD_IRQHandler
                0x080025c4                SDIO_IRQHandler
                0x080025c4                TAMP_STAMP_IRQHandler
                0x080025c4                EXTI3_IRQHandler
                0x080025c4                TIM1_UP_TIM10_IRQHandler
                0x080025c4                I2C3_ER_IRQHandler
                0x080025c4                EXTI0_IRQHandler
                0x080025c4                I2C2_EV_IRQHandler
                0x080025c4                FPU_IRQHandler
                0x080025c4                OTG_HS_WKUP_IRQHandler
                0x080025c4                SPI1_IRQHandler
                0x080025c4                TIM1_BRK_TIM9_IRQHandler
                0x080025c4                DMA2_Stream3_IRQHandler
                0x080025c4                USART6_IRQHandler
                0x080025c4                USART3_IRQHandler
                0x080025c4                TIM4_IRQHandler
                0x080025c4                I2C1_EV_IRQHandler
                0x080025c4                DMA1_Stream6_IRQHandler
                0x080025c4                DMA1_Stream1_IRQHandler
                0x080025c4                TIM3_IRQHandler
                0x080025c4                RCC_IRQHandler
                0x080025c4                TIM8_BRK_TIM12_IRQHandler
                0x080025c4                Default_Handler
                0x080025c4                EXTI15_10_IRQHandler
                0x080025c4                TIM7_IRQHandler
                0x080025c4                TIM5_IRQHandler
                0x080025c4                I2C3_EV_IRQHandler
                0x080025c4                EXTI9_5_IRQHandler
                0x080025c4                RTC_WKUP_IRQHandler
                0x080025c4                SPI2_IRQHandler
                0x080025c4                OTG_HS_EP1_IN_IRQHandler
                0x080025c4                EXTI4_IRQHandler
                0x080025c4                FSMC_IRQHandler
                0x080025c4                OTG_HS_EP1_OUT_IRQHandler
                0x080025c4                WWDG_IRQHandler
                0x080025c4                TIM2_IRQHandler
                0x080025c4                OTG_FS_WKUP_IRQHandler
                0x080025c4                TIM1_TRG_COM_TIM11_IRQHandler
                0x080025c4                OTG_HS_IRQHandler
                0x080025c4                EXTI1_IRQHandler
                0x080025c4                USART2_IRQHandler
                0x080025c4                I2C2_ER_IRQHandler
                0x080025c4                DMA2_Stream1_IRQHandler
                0x080025c4                FLASH_IRQHandler
                0x080025c4                DMA2_Stream4_IRQHandler
                0x080025c4                SPI3_IRQHandler
                0x080025c4                I2C1_ER_IRQHandler
                0x080025c4                DMA2_Stream6_IRQHandler
                0x080025c4                DMA1_Stream3_IRQHandler
 *fill*         0x080025c6        0x2 
 .text.HAL_Init
                0x080025c8       0x34 CMakeFiles/untitled.elf.dir/Drivers/STM32F4xx_HAL_Driver/Src/stm32f4xx_hal.c.obj
                0x080025c8                HAL_Init
 .text.HAL_IncTick
                0x080025fc       0x18 CMakeFiles/untitled.elf.dir/Drivers/STM32F4xx_HAL_Driver/Src/stm32f4xx_hal.c.obj
                0x080025fc                HAL_IncTick
 .text.HAL_GetTick
                0x08002614        0xc CMakeFiles/untitled.elf.dir/Drivers/STM32F4xx_HAL_Driver/Src/stm32f4xx_hal.c.obj
                0x08002614                HAL_GetTick
 .text.HAL_Delay
                0x08002620       0x28 CMakeFiles/untitled.elf.dir/Drivers/STM32F4xx_HAL_Driver/Src/stm32f4xx_hal.c.obj
                0x08002620                HAL_Delay
 .text.ADC_Init
                0x08002648      0x134 CMakeFiles/untitled.elf.dir/Drivers/STM32F4xx_HAL_Driver/Src/stm32f4xx_hal_adc.c.obj
 .text.HAL_ADC_Init
                0x0800277c       0x56 CMakeFiles/untitled.elf.dir/Drivers/STM32F4xx_HAL_Driver/Src/stm32f4xx_hal_adc.c.obj
                0x0800277c                HAL_ADC_Init
 .text.HAL_ADC_ConvCpltCallback
                0x080027d2        0x2 CMakeFiles/untitled.elf.dir/Drivers/STM32F4xx_HAL_Driver/Src/stm32f4xx_hal_adc.c.obj
                0x080027d2                HAL_ADC_ConvCpltCallback
 .text.HAL_ADC_LevelOutOfWindowCallback
                0x080027d4        0x2 CMakeFiles/untitled.elf.dir/Drivers/STM32F4xx_HAL_Driver/Src/stm32f4xx_hal_adc.c.obj
                0x080027d4                HAL_ADC_LevelOutOfWindowCallback
 .text.HAL_ADC_ErrorCallback
                0x080027d6        0x2 CMakeFiles/untitled.elf.dir/Drivers/STM32F4xx_HAL_Driver/Src/stm32f4xx_hal_adc.c.obj
                0x080027d6                HAL_ADC_ErrorCallback
 .text.HAL_ADC_IRQHandler
                0x080027d8      0x142 CMakeFiles/untitled.elf.dir/Drivers/STM32F4xx_HAL_Driver/Src/stm32f4xx_hal_adc.c.obj
                0x080027d8                HAL_ADC_IRQHandler
 *fill*         0x0800291a        0x2 
 .text.HAL_ADC_ConfigChannel
                0x0800291c      0x198 CMakeFiles/untitled.elf.dir/Drivers/STM32F4xx_HAL_Driver/Src/stm32f4xx_hal_adc.c.obj
                0x0800291c                HAL_ADC_ConfigChannel
 .text.HAL_ADCEx_InjectedConvCpltCallback
                0x08002ab4        0x2 CMakeFiles/untitled.elf.dir/Drivers/STM32F4xx_HAL_Driver/Src/stm32f4xx_hal_adc_ex.c.obj
                0x08002ab4                HAL_ADCEx_InjectedConvCpltCallback
 .text.HAL_CAN_Init
                0x08002ab6      0x14c CMakeFiles/untitled.elf.dir/Drivers/STM32F4xx_HAL_Driver/Src/stm32f4xx_hal_can.c.obj
                0x08002ab6                HAL_CAN_Init
 .text.HAL_CAN_TxMailbox0CompleteCallback
                0x08002c02        0x2 CMakeFiles/untitled.elf.dir/Drivers/STM32F4xx_HAL_Driver/Src/stm32f4xx_hal_can.c.obj
                0x08002c02                HAL_CAN_TxMailbox0CompleteCallback
 .text.HAL_CAN_TxMailbox1CompleteCallback
                0x08002c04        0x2 CMakeFiles/untitled.elf.dir/Drivers/STM32F4xx_HAL_Driver/Src/stm32f4xx_hal_can.c.obj
                0x08002c04                HAL_CAN_TxMailbox1CompleteCallback
 .text.HAL_CAN_TxMailbox2CompleteCallback
                0x08002c06        0x2 CMakeFiles/untitled.elf.dir/Drivers/STM32F4xx_HAL_Driver/Src/stm32f4xx_hal_can.c.obj
                0x08002c06                HAL_CAN_TxMailbox2CompleteCallback
 .text.HAL_CAN_TxMailbox0AbortCallback
                0x08002c08        0x2 CMakeFiles/untitled.elf.dir/Drivers/STM32F4xx_HAL_Driver/Src/stm32f4xx_hal_can.c.obj
                0x08002c08                HAL_CAN_TxMailbox0AbortCallback
 .text.HAL_CAN_TxMailbox1AbortCallback
                0x08002c0a        0x2 CMakeFiles/untitled.elf.dir/Drivers/STM32F4xx_HAL_Driver/Src/stm32f4xx_hal_can.c.obj
                0x08002c0a                HAL_CAN_TxMailbox1AbortCallback
 .text.HAL_CAN_TxMailbox2AbortCallback
                0x08002c0c        0x2 CMakeFiles/untitled.elf.dir/Drivers/STM32F4xx_HAL_Driver/Src/stm32f4xx_hal_can.c.obj
                0x08002c0c                HAL_CAN_TxMailbox2AbortCallback
 .text.HAL_CAN_RxFifo0MsgPendingCallback
                0x08002c0e        0x2 CMakeFiles/untitled.elf.dir/Drivers/STM32F4xx_HAL_Driver/Src/stm32f4xx_hal_can.c.obj
                0x08002c0e                HAL_CAN_RxFifo0MsgPendingCallback
 .text.HAL_CAN_RxFifo0FullCallback
                0x08002c10        0x2 CMakeFiles/untitled.elf.dir/Drivers/STM32F4xx_HAL_Driver/Src/stm32f4xx_hal_can.c.obj
                0x08002c10                HAL_CAN_RxFifo0FullCallback
 .text.HAL_CAN_RxFifo1MsgPendingCallback
                0x08002c12        0x2 CMakeFiles/untitled.elf.dir/Drivers/STM32F4xx_HAL_Driver/Src/stm32f4xx_hal_can.c.obj
                0x08002c12                HAL_CAN_RxFifo1MsgPendingCallback
 .text.HAL_CAN_RxFifo1FullCallback
                0x08002c14        0x2 CMakeFiles/untitled.elf.dir/Drivers/STM32F4xx_HAL_Driver/Src/stm32f4xx_hal_can.c.obj
                0x08002c14                HAL_CAN_RxFifo1FullCallback
 .text.HAL_CAN_SleepCallback
                0x08002c16        0x2 CMakeFiles/untitled.elf.dir/Drivers/STM32F4xx_HAL_Driver/Src/stm32f4xx_hal_can.c.obj
                0x08002c16                HAL_CAN_SleepCallback
 .text.HAL_CAN_WakeUpFromRxMsgCallback
                0x08002c18        0x2 CMakeFiles/untitled.elf.dir/Drivers/STM32F4xx_HAL_Driver/Src/stm32f4xx_hal_can.c.obj
                0x08002c18                HAL_CAN_WakeUpFromRxMsgCallback
 .text.HAL_CAN_ErrorCallback
                0x08002c1a        0x2 CMakeFiles/untitled.elf.dir/Drivers/STM32F4xx_HAL_Driver/Src/stm32f4xx_hal_can.c.obj
                0x08002c1a                HAL_CAN_ErrorCallback
 .text.HAL_CAN_IRQHandler
                0x08002c1c      0x24a CMakeFiles/untitled.elf.dir/Drivers/STM32F4xx_HAL_Driver/Src/stm32f4xx_hal_can.c.obj
                0x08002c1c                HAL_CAN_IRQHandler
 *fill*         0x08002e66        0x2 
 .text.HAL_NVIC_SetPriorityGrouping
                0x08002e68       0x24 CMakeFiles/untitled.elf.dir/Drivers/STM32F4xx_HAL_Driver/Src/stm32f4xx_hal_cortex.c.obj
                0x08002e68                HAL_NVIC_SetPriorityGrouping
 .text.HAL_NVIC_SetPriority
                0x08002e8c       0x70 CMakeFiles/untitled.elf.dir/Drivers/STM32F4xx_HAL_Driver/Src/stm32f4xx_hal_cortex.c.obj
                0x08002e8c                HAL_NVIC_SetPriority
 .text.HAL_NVIC_EnableIRQ
                0x08002efc       0x1c CMakeFiles/untitled.elf.dir/Drivers/STM32F4xx_HAL_Driver/Src/stm32f4xx_hal_cortex.c.obj
                0x08002efc                HAL_NVIC_EnableIRQ
 .text.DMA_CalcBaseAndBitshift
                0x08002f18       0x44 CMakeFiles/untitled.elf.dir/Drivers/STM32F4xx_HAL_Driver/Src/stm32f4xx_hal_dma.c.obj
 .text.DMA_CheckFifoParam
                0x08002f5c       0x8e CMakeFiles/untitled.elf.dir/Drivers/STM32F4xx_HAL_Driver/Src/stm32f4xx_hal_dma.c.obj
 *fill*         0x08002fea        0x2 
 .text.HAL_DMA_Init
                0x08002fec       0xcc CMakeFiles/untitled.elf.dir/Drivers/STM32F4xx_HAL_Driver/Src/stm32f4xx_hal_dma.c.obj
                0x08002fec                HAL_DMA_Init
 .text.HAL_DMA_Abort
                0x080030b8       0x94 CMakeFiles/untitled.elf.dir/Drivers/STM32F4xx_HAL_Driver/Src/stm32f4xx_hal_dma.c.obj
                0x080030b8                HAL_DMA_Abort
 .text.HAL_DMA_Abort_IT
                0x0800314c       0x26 CMakeFiles/untitled.elf.dir/Drivers/STM32F4xx_HAL_Driver/Src/stm32f4xx_hal_dma.c.obj
                0x0800314c                HAL_DMA_Abort_IT
 *fill*         0x08003172        0x2 
 .text.HAL_DMA_IRQHandler
                0x08003174      0x1dc CMakeFiles/untitled.elf.dir/Drivers/STM32F4xx_HAL_Driver/Src/stm32f4xx_hal_dma.c.obj
                0x08003174                HAL_DMA_IRQHandler
 .text.HAL_GPIO_Init
                0x08003350      0x1e4 CMakeFiles/untitled.elf.dir/Drivers/STM32F4xx_HAL_Driver/Src/stm32f4xx_hal_gpio.c.obj
                0x08003350                HAL_GPIO_Init
 .text.HAL_I2C_Init
                0x08003534      0x1bc CMakeFiles/untitled.elf.dir/Drivers/STM32F4xx_HAL_Driver/Src/stm32f4xx_hal_i2c.c.obj
                0x08003534                HAL_I2C_Init
 .text.PCD_WriteEmptyTxFifo
                0x080036f0       0xd0 CMakeFiles/untitled.elf.dir/Drivers/STM32F4xx_HAL_Driver/Src/stm32f4xx_hal_pcd.c.obj
 .text.HAL_PCD_Init
                0x080037c0      0x12e CMakeFiles/untitled.elf.dir/Drivers/STM32F4xx_HAL_Driver/Src/stm32f4xx_hal_pcd.c.obj
                0x080037c0                HAL_PCD_Init
 .text.HAL_PCD_Start
                0x080038ee       0x42 CMakeFiles/untitled.elf.dir/Drivers/STM32F4xx_HAL_Driver/Src/stm32f4xx_hal_pcd.c.obj
                0x080038ee                HAL_PCD_Start
 .text.PCD_EP_OutXfrComplete_int
                0x08003930      0x104 CMakeFiles/untitled.elf.dir/Drivers/STM32F4xx_HAL_Driver/Src/stm32f4xx_hal_pcd.c.obj
 .text.PCD_EP_OutSetupPacket_int
                0x08003a34       0x50 CMakeFiles/untitled.elf.dir/Drivers/STM32F4xx_HAL_Driver/Src/stm32f4xx_hal_pcd.c.obj
 .text.HAL_PCD_SetAddress
                0x08003a84       0x28 CMakeFiles/untitled.elf.dir/Drivers/STM32F4xx_HAL_Driver/Src/stm32f4xx_hal_pcd.c.obj
                0x08003a84                HAL_PCD_SetAddress
 .text.HAL_PCD_EP_Open
                0x08003aac       0x8a CMakeFiles/untitled.elf.dir/Drivers/STM32F4xx_HAL_Driver/Src/stm32f4xx_hal_pcd.c.obj
                0x08003aac                HAL_PCD_EP_Open
 .text.HAL_PCD_EP_Close
                0x08003b36       0x72 CMakeFiles/untitled.elf.dir/Drivers/STM32F4xx_HAL_Driver/Src/stm32f4xx_hal_pcd.c.obj
                0x08003b36                HAL_PCD_EP_Close
 .text.HAL_PCD_EP_Receive
                0x08003ba8       0x5e CMakeFiles/untitled.elf.dir/Drivers/STM32F4xx_HAL_Driver/Src/stm32f4xx_hal_pcd.c.obj
                0x08003ba8                HAL_PCD_EP_Receive
 .text.HAL_PCD_EP_GetRxCount
                0x08003c06       0x12 CMakeFiles/untitled.elf.dir/Drivers/STM32F4xx_HAL_Driver/Src/stm32f4xx_hal_pcd.c.obj
                0x08003c06                HAL_PCD_EP_GetRxCount
 .text.HAL_PCD_EP_Transmit
                0x08003c18       0x5e CMakeFiles/untitled.elf.dir/Drivers/STM32F4xx_HAL_Driver/Src/stm32f4xx_hal_pcd.c.obj
                0x08003c18                HAL_PCD_EP_Transmit
 .text.HAL_PCD_EP_SetStall
                0x08003c76       0x88 CMakeFiles/untitled.elf.dir/Drivers/STM32F4xx_HAL_Driver/Src/stm32f4xx_hal_pcd.c.obj
                0x08003c76                HAL_PCD_EP_SetStall
 .text.HAL_PCD_EP_ClrStall
                0x08003cfe       0x76 CMakeFiles/untitled.elf.dir/Drivers/STM32F4xx_HAL_Driver/Src/stm32f4xx_hal_pcd.c.obj
                0x08003cfe                HAL_PCD_EP_ClrStall
 .text.HAL_PCD_EP_Abort
                0x08003d74       0x34 CMakeFiles/untitled.elf.dir/Drivers/STM32F4xx_HAL_Driver/Src/stm32f4xx_hal_pcd.c.obj
                0x08003d74                HAL_PCD_EP_Abort
 .text.HAL_PCD_IRQHandler
                0x08003da8      0x5c4 CMakeFiles/untitled.elf.dir/Drivers/STM32F4xx_HAL_Driver/Src/stm32f4xx_hal_pcd.c.obj
                0x08003da8                HAL_PCD_IRQHandler
 .text.HAL_PCDEx_SetTxFiFo
                0x0800436c       0x4c CMakeFiles/untitled.elf.dir/Drivers/STM32F4xx_HAL_Driver/Src/stm32f4xx_hal_pcd_ex.c.obj
                0x0800436c                HAL_PCDEx_SetTxFiFo
 .text.HAL_PCDEx_SetRxFiFo
                0x080043b8        0x8 CMakeFiles/untitled.elf.dir/Drivers/STM32F4xx_HAL_Driver/Src/stm32f4xx_hal_pcd_ex.c.obj
                0x080043b8                HAL_PCDEx_SetRxFiFo
 .text.HAL_PCDEx_LPM_Callback
                0x080043c0        0x2 CMakeFiles/untitled.elf.dir/Drivers/STM32F4xx_HAL_Driver/Src/stm32f4xx_hal_pcd_ex.c.obj
                0x080043c0                HAL_PCDEx_LPM_Callback
 *fill*         0x080043c2        0x2 
 .text.HAL_RCC_OscConfig
                0x080043c4      0x3f8 CMakeFiles/untitled.elf.dir/Drivers/STM32F4xx_HAL_Driver/Src/stm32f4xx_hal_rcc.c.obj
                0x080043c4                HAL_RCC_OscConfig
 .text.HAL_RCC_GetSysClockFreq
                0x080047bc       0xa4 CMakeFiles/untitled.elf.dir/Drivers/STM32F4xx_HAL_Driver/Src/stm32f4xx_hal_rcc.c.obj
                0x080047bc                HAL_RCC_GetSysClockFreq
 .text.HAL_RCC_ClockConfig
                0x08004860      0x160 CMakeFiles/untitled.elf.dir/Drivers/STM32F4xx_HAL_Driver/Src/stm32f4xx_hal_rcc.c.obj
                0x08004860                HAL_RCC_ClockConfig
 .text.HAL_RCC_GetHCLKFreq
                0x080049c0        0xc CMakeFiles/untitled.elf.dir/Drivers/STM32F4xx_HAL_Driver/Src/stm32f4xx_hal_rcc.c.obj
                0x080049c0                HAL_RCC_GetHCLKFreq
 .text.HAL_RCC_GetPCLK1Freq
                0x080049cc       0x20 CMakeFiles/untitled.elf.dir/Drivers/STM32F4xx_HAL_Driver/Src/stm32f4xx_hal_rcc.c.obj
                0x080049cc                HAL_RCC_GetPCLK1Freq
 .text.HAL_RCC_GetPCLK2Freq
                0x080049ec       0x20 CMakeFiles/untitled.elf.dir/Drivers/STM32F4xx_HAL_Driver/Src/stm32f4xx_hal_rcc.c.obj
                0x080049ec                HAL_RCC_GetPCLK2Freq
 .text.HAL_RCC_GetClockConfig
                0x08004a0c       0x3c CMakeFiles/untitled.elf.dir/Drivers/STM32F4xx_HAL_Driver/Src/stm32f4xx_hal_rcc.c.obj
                0x08004a0c                HAL_RCC_GetClockConfig
 .text.HAL_SPI_Init
                0x08004a48       0xbe CMakeFiles/untitled.elf.dir/Drivers/STM32F4xx_HAL_Driver/Src/stm32f4xx_hal_spi.c.obj
                0x08004a48                HAL_SPI_Init
 *fill*         0x08004b06        0x2 
 .text.HAL_TIM_Base_Start_IT
                0x08004b08       0x88 CMakeFiles/untitled.elf.dir/Drivers/STM32F4xx_HAL_Driver/Src/stm32f4xx_hal_tim.c.obj
                0x08004b08                HAL_TIM_Base_Start_IT
 .text.HAL_TIM_OC_DelayElapsedCallback
                0x08004b90        0x2 CMakeFiles/untitled.elf.dir/Drivers/STM32F4xx_HAL_Driver/Src/stm32f4xx_hal_tim.c.obj
                0x08004b90                HAL_TIM_OC_DelayElapsedCallback
 .text.HAL_TIM_IC_CaptureCallback
                0x08004b92        0x2 CMakeFiles/untitled.elf.dir/Drivers/STM32F4xx_HAL_Driver/Src/stm32f4xx_hal_tim.c.obj
                0x08004b92                HAL_TIM_IC_CaptureCallback
 .text.HAL_TIM_PWM_PulseFinishedCallback
                0x08004b94        0x2 CMakeFiles/untitled.elf.dir/Drivers/STM32F4xx_HAL_Driver/Src/stm32f4xx_hal_tim.c.obj
                0x08004b94                HAL_TIM_PWM_PulseFinishedCallback
 .text.HAL_TIM_TriggerCallback
                0x08004b96        0x2 CMakeFiles/untitled.elf.dir/Drivers/STM32F4xx_HAL_Driver/Src/stm32f4xx_hal_tim.c.obj
                0x08004b96                HAL_TIM_TriggerCallback
 .text.HAL_TIM_IRQHandler
                0x08004b98      0x17a CMakeFiles/untitled.elf.dir/Drivers/STM32F4xx_HAL_Driver/Src/stm32f4xx_hal_tim.c.obj
                0x08004b98                HAL_TIM_IRQHandler
 *fill*         0x08004d12        0x2 
 .text.TIM_Base_SetConfig
                0x08004d14       0xc8 CMakeFiles/untitled.elf.dir/Drivers/STM32F4xx_HAL_Driver/Src/stm32f4xx_hal_tim.c.obj
                0x08004d14                TIM_Base_SetConfig
 .text.HAL_TIM_Base_Init
                0x08004ddc       0x58 CMakeFiles/untitled.elf.dir/Drivers/STM32F4xx_HAL_Driver/Src/stm32f4xx_hal_tim.c.obj
                0x08004ddc                HAL_TIM_Base_Init
 .text.HAL_TIMEx_CommutCallback
                0x08004e34        0x2 CMakeFiles/untitled.elf.dir/Drivers/STM32F4xx_HAL_Driver/Src/stm32f4xx_hal_tim_ex.c.obj
                0x08004e34                HAL_TIMEx_CommutCallback
 .text.HAL_TIMEx_BreakCallback
                0x08004e36        0x2 CMakeFiles/untitled.elf.dir/Drivers/STM32F4xx_HAL_Driver/Src/stm32f4xx_hal_tim_ex.c.obj
                0x08004e36                HAL_TIMEx_BreakCallback
 .text.UART_EndRxTransfer
                0x08004e38       0x5c CMakeFiles/untitled.elf.dir/Drivers/STM32F4xx_HAL_Driver/Src/stm32f4xx_hal_uart.c.obj
 .text.UART_Transmit_IT
                0x08004e94       0x60 CMakeFiles/untitled.elf.dir/Drivers/STM32F4xx_HAL_Driver/Src/stm32f4xx_hal_uart.c.obj
 .text.UART_SetConfig
                0x08004ef4      0x110 CMakeFiles/untitled.elf.dir/Drivers/STM32F4xx_HAL_Driver/Src/stm32f4xx_hal_uart.c.obj
 .text.HAL_UART_Init
                0x08005004       0x5e CMakeFiles/untitled.elf.dir/Drivers/STM32F4xx_HAL_Driver/Src/stm32f4xx_hal_uart.c.obj
                0x08005004                HAL_UART_Init
 .text.HAL_UART_TxCpltCallback
                0x08005062        0x2 CMakeFiles/untitled.elf.dir/Drivers/STM32F4xx_HAL_Driver/Src/stm32f4xx_hal_uart.c.obj
                0x08005062                HAL_UART_TxCpltCallback
 .text.UART_EndTransmit_IT
                0x08005064       0x1a CMakeFiles/untitled.elf.dir/Drivers/STM32F4xx_HAL_Driver/Src/stm32f4xx_hal_uart.c.obj
 .text.HAL_UART_RxCpltCallback
                0x0800507e        0x2 CMakeFiles/untitled.elf.dir/Drivers/STM32F4xx_HAL_Driver/Src/stm32f4xx_hal_uart.c.obj
                0x0800507e                HAL_UART_RxCpltCallback
 .text.HAL_UART_ErrorCallback
                0x08005080        0x2 CMakeFiles/untitled.elf.dir/Drivers/STM32F4xx_HAL_Driver/Src/stm32f4xx_hal_uart.c.obj
                0x08005080                HAL_UART_ErrorCallback
 .text.UART_DMAAbortOnError
                0x08005082       0x10 CMakeFiles/untitled.elf.dir/Drivers/STM32F4xx_HAL_Driver/Src/stm32f4xx_hal_uart.c.obj
 .text.HAL_UARTEx_RxEventCallback
                0x08005092        0x2 CMakeFiles/untitled.elf.dir/Drivers/STM32F4xx_HAL_Driver/Src/stm32f4xx_hal_uart.c.obj
                0x08005092                HAL_UARTEx_RxEventCallback
 .text.UART_Receive_IT
                0x08005094       0xe2 CMakeFiles/untitled.elf.dir/Drivers/STM32F4xx_HAL_Driver/Src/stm32f4xx_hal_uart.c.obj
 *fill*         0x08005176        0x2 
 .text.HAL_UART_IRQHandler
                0x08005178      0x280 CMakeFiles/untitled.elf.dir/Drivers/STM32F4xx_HAL_Driver/Src/stm32f4xx_hal_uart.c.obj
                0x08005178                HAL_UART_IRQHandler
 .text.USB_CoreReset
                0x080053f8       0x50 CMakeFiles/untitled.elf.dir/Drivers/STM32F4xx_HAL_Driver/Src/stm32f4xx_ll_usb.c.obj
 .text.USB_CoreInit
                0x08005448       0x8a CMakeFiles/untitled.elf.dir/Drivers/STM32F4xx_HAL_Driver/Src/stm32f4xx_ll_usb.c.obj
                0x08005448                USB_CoreInit
 *fill*         0x080054d2        0x2 
 .text.USB_SetTurnaroundTime
                0x080054d4       0xe4 CMakeFiles/untitled.elf.dir/Drivers/STM32F4xx_HAL_Driver/Src/stm32f4xx_ll_usb.c.obj
                0x080054d4                USB_SetTurnaroundTime
 .text.USB_EnableGlobalInt
                0x080055b8        0xc CMakeFiles/untitled.elf.dir/Drivers/STM32F4xx_HAL_Driver/Src/stm32f4xx_ll_usb.c.obj
                0x080055b8                USB_EnableGlobalInt
 .text.USB_DisableGlobalInt
                0x080055c4        0xc CMakeFiles/untitled.elf.dir/Drivers/STM32F4xx_HAL_Driver/Src/stm32f4xx_ll_usb.c.obj
                0x080055c4                USB_DisableGlobalInt
 .text.USB_FlushTxFifo
                0x080055d0       0x50 CMakeFiles/untitled.elf.dir/Drivers/STM32F4xx_HAL_Driver/Src/stm32f4xx_ll_usb.c.obj
                0x080055d0                USB_FlushTxFifo
 .text.USB_FlushRxFifo
                0x08005620       0x4c CMakeFiles/untitled.elf.dir/Drivers/STM32F4xx_HAL_Driver/Src/stm32f4xx_ll_usb.c.obj
                0x08005620                USB_FlushRxFifo
 .text.USB_SetDevSpeed
                0x0800566c        0xe CMakeFiles/untitled.elf.dir/Drivers/STM32F4xx_HAL_Driver/Src/stm32f4xx_ll_usb.c.obj
                0x0800566c                USB_SetDevSpeed
 *fill*         0x0800567a        0x2 
 .text.USB_DevInit
                0x0800567c      0x190 CMakeFiles/untitled.elf.dir/Drivers/STM32F4xx_HAL_Driver/Src/stm32f4xx_ll_usb.c.obj
                0x0800567c                USB_DevInit
 .text.USB_GetDevSpeed
                0x0800580c       0x22 CMakeFiles/untitled.elf.dir/Drivers/STM32F4xx_HAL_Driver/Src/stm32f4xx_ll_usb.c.obj
                0x0800580c                USB_GetDevSpeed
 .text.USB_ActivateEndpoint
                0x0800582e       0x9c CMakeFiles/untitled.elf.dir/Drivers/STM32F4xx_HAL_Driver/Src/stm32f4xx_ll_usb.c.obj
                0x0800582e                USB_ActivateEndpoint
 *fill*         0x080058ca        0x2 
 .text.USB_DeactivateEndpoint
                0x080058cc       0xe0 CMakeFiles/untitled.elf.dir/Drivers/STM32F4xx_HAL_Driver/Src/stm32f4xx_ll_usb.c.obj
                0x080058cc                USB_DeactivateEndpoint
 .text.USB_EP0StartXfer
                0x080059ac      0x124 CMakeFiles/untitled.elf.dir/Drivers/STM32F4xx_HAL_Driver/Src/stm32f4xx_ll_usb.c.obj
                0x080059ac                USB_EP0StartXfer
 .text.USB_EPStopXfer
                0x08005ad0       0xbe CMakeFiles/untitled.elf.dir/Drivers/STM32F4xx_HAL_Driver/Src/stm32f4xx_ll_usb.c.obj
                0x08005ad0                USB_EPStopXfer
 .text.USB_WritePacket
                0x08005b8e       0x2e CMakeFiles/untitled.elf.dir/Drivers/STM32F4xx_HAL_Driver/Src/stm32f4xx_ll_usb.c.obj
                0x08005b8e                USB_WritePacket
 .text.USB_EPStartXfer
                0x08005bbc      0x234 CMakeFiles/untitled.elf.dir/Drivers/STM32F4xx_HAL_Driver/Src/stm32f4xx_ll_usb.c.obj
                0x08005bbc                USB_EPStartXfer
 .text.USB_ReadPacket
                0x08005df0       0x54 CMakeFiles/untitled.elf.dir/Drivers/STM32F4xx_HAL_Driver/Src/stm32f4xx_ll_usb.c.obj
                0x08005df0                USB_ReadPacket
 .text.USB_EPSetStall
                0x08005e44       0x5a CMakeFiles/untitled.elf.dir/Drivers/STM32F4xx_HAL_Driver/Src/stm32f4xx_ll_usb.c.obj
                0x08005e44                USB_EPSetStall
 .text.USB_EPClearStall
                0x08005e9e       0x5c CMakeFiles/untitled.elf.dir/Drivers/STM32F4xx_HAL_Driver/Src/stm32f4xx_ll_usb.c.obj
                0x08005e9e                USB_EPClearStall
 .text.USB_SetDevAddress
                0x08005efa       0x20 CMakeFiles/untitled.elf.dir/Drivers/STM32F4xx_HAL_Driver/Src/stm32f4xx_ll_usb.c.obj
                0x08005efa                USB_SetDevAddress
 .text.USB_DevConnect
                0x08005f1a       0x1c CMakeFiles/untitled.elf.dir/Drivers/STM32F4xx_HAL_Driver/Src/stm32f4xx_ll_usb.c.obj
                0x08005f1a                USB_DevConnect
 .text.USB_DevDisconnect
                0x08005f36       0x1c CMakeFiles/untitled.elf.dir/Drivers/STM32F4xx_HAL_Driver/Src/stm32f4xx_ll_usb.c.obj
                0x08005f36                USB_DevDisconnect
 .text.USB_ReadInterrupts
                0x08005f52        0x8 CMakeFiles/untitled.elf.dir/Drivers/STM32F4xx_HAL_Driver/Src/stm32f4xx_ll_usb.c.obj
                0x08005f52                USB_ReadInterrupts
 .text.USB_ReadDevAllOutEpInterrupt
                0x08005f5a       0x10 CMakeFiles/untitled.elf.dir/Drivers/STM32F4xx_HAL_Driver/Src/stm32f4xx_ll_usb.c.obj
                0x08005f5a                USB_ReadDevAllOutEpInterrupt
 .text.USB_ReadDevAllInEpInterrupt
                0x08005f6a       0x10 CMakeFiles/untitled.elf.dir/Drivers/STM32F4xx_HAL_Driver/Src/stm32f4xx_ll_usb.c.obj
                0x08005f6a                USB_ReadDevAllInEpInterrupt
 .text.USB_ReadDevOutEPInterrupt
                0x08005f7a       0x12 CMakeFiles/untitled.elf.dir/Drivers/STM32F4xx_HAL_Driver/Src/stm32f4xx_ll_usb.c.obj
                0x08005f7a                USB_ReadDevOutEPInterrupt
 .text.USB_ReadDevInEPInterrupt
                0x08005f8c       0x28 CMakeFiles/untitled.elf.dir/Drivers/STM32F4xx_HAL_Driver/Src/stm32f4xx_ll_usb.c.obj
                0x08005f8c                USB_ReadDevInEPInterrupt
 .text.USB_GetMode
                0x08005fb4        0x8 CMakeFiles/untitled.elf.dir/Drivers/STM32F4xx_HAL_Driver/Src/stm32f4xx_ll_usb.c.obj
                0x08005fb4                USB_GetMode
 .text.USB_SetCurrentMode
                0x08005fbc       0x62 CMakeFiles/untitled.elf.dir/Drivers/STM32F4xx_HAL_Driver/Src/stm32f4xx_ll_usb.c.obj
                0x08005fbc                USB_SetCurrentMode
 .text.USB_ActivateSetup
                0x0800601e       0x20 CMakeFiles/untitled.elf.dir/Drivers/STM32F4xx_HAL_Driver/Src/stm32f4xx_ll_usb.c.obj
                0x0800601e                USB_ActivateSetup
 *fill*         0x0800603e        0x2 
 .text.USB_EP0_OutStart
                0x08006040       0x60 CMakeFiles/untitled.elf.dir/Drivers/STM32F4xx_HAL_Driver/Src/stm32f4xx_ll_usb.c.obj
                0x08006040                USB_EP0_OutStart
 .text.USBD_CDC_EP0_RxReady
                0x080060a0       0x40 CMakeFiles/untitled.elf.dir/Middlewares/ST/STM32_USB_Device_Library/Class/CDC/Src/usbd_cdc.c.obj
 .text.USBD_CDC_GetDeviceQualifierDescriptor
                0x080060e0        0xc CMakeFiles/untitled.elf.dir/Middlewares/ST/STM32_USB_Device_Library/Class/CDC/Src/usbd_cdc.c.obj
                0x080060e0                USBD_CDC_GetDeviceQualifierDescriptor
 .text.USBD_CDC_GetOtherSpeedCfgDesc
                0x080060ec       0x48 CMakeFiles/untitled.elf.dir/Middlewares/ST/STM32_USB_Device_Library/Class/CDC/Src/usbd_cdc.c.obj
 .text.USBD_CDC_GetFSCfgDesc
                0x08006134       0x48 CMakeFiles/untitled.elf.dir/Middlewares/ST/STM32_USB_Device_Library/Class/CDC/Src/usbd_cdc.c.obj
 .text.USBD_CDC_GetHSCfgDesc
                0x0800617c       0x48 CMakeFiles/untitled.elf.dir/Middlewares/ST/STM32_USB_Device_Library/Class/CDC/Src/usbd_cdc.c.obj
 .text.USBD_CDC_DataOut
                0x080061c4       0x38 CMakeFiles/untitled.elf.dir/Middlewares/ST/STM32_USB_Device_Library/Class/CDC/Src/usbd_cdc.c.obj
 .text.USBD_CDC_DataIn
                0x080061fc       0x7c CMakeFiles/untitled.elf.dir/Middlewares/ST/STM32_USB_Device_Library/Class/CDC/Src/usbd_cdc.c.obj
 .text.USBD_CDC_Setup
                0x08006278      0x11a CMakeFiles/untitled.elf.dir/Middlewares/ST/STM32_USB_Device_Library/Class/CDC/Src/usbd_cdc.c.obj
 .text.USBD_CDC_DeInit
                0x08006392       0x64 CMakeFiles/untitled.elf.dir/Middlewares/ST/STM32_USB_Device_Library/Class/CDC/Src/usbd_cdc.c.obj
 .text.USBD_CDC_Init
                0x080063f6       0xee CMakeFiles/untitled.elf.dir/Middlewares/ST/STM32_USB_Device_Library/Class/CDC/Src/usbd_cdc.c.obj
 .text.USBD_CDC_RegisterInterface
                0x080064e4       0x16 CMakeFiles/untitled.elf.dir/Middlewares/ST/STM32_USB_Device_Library/Class/CDC/Src/usbd_cdc.c.obj
                0x080064e4                USBD_CDC_RegisterInterface
 .text.USBD_CDC_SetTxBuffer
                0x080064fa       0x1c CMakeFiles/untitled.elf.dir/Middlewares/ST/STM32_USB_Device_Library/Class/CDC/Src/usbd_cdc.c.obj
                0x080064fa                USBD_CDC_SetTxBuffer
 .text.USBD_CDC_SetRxBuffer
                0x08006516       0x18 CMakeFiles/untitled.elf.dir/Middlewares/ST/STM32_USB_Device_Library/Class/CDC/Src/usbd_cdc.c.obj
                0x08006516                USBD_CDC_SetRxBuffer
 .text.USBD_CDC_ReceivePacket
                0x0800652e       0x38 CMakeFiles/untitled.elf.dir/Middlewares/ST/STM32_USB_Device_Library/Class/CDC/Src/usbd_cdc.c.obj
                0x0800652e                USBD_CDC_ReceivePacket
 .text.USBD_Init
                0x08006566       0x2e CMakeFiles/untitled.elf.dir/Middlewares/ST/STM32_USB_Device_Library/Core/Src/usbd_core.c.obj
                0x08006566                USBD_Init
 .text.USBD_RegisterClass
                0x08006594       0x34 CMakeFiles/untitled.elf.dir/Middlewares/ST/STM32_USB_Device_Library/Core/Src/usbd_core.c.obj
                0x08006594                USBD_RegisterClass
 .text.USBD_Start
                0x080065c8        0x8 CMakeFiles/untitled.elf.dir/Middlewares/ST/STM32_USB_Device_Library/Core/Src/usbd_core.c.obj
                0x080065c8                USBD_Start
 .text.USBD_SetClassConfig
                0x080065d0       0x12 CMakeFiles/untitled.elf.dir/Middlewares/ST/STM32_USB_Device_Library/Core/Src/usbd_core.c.obj
                0x080065d0                USBD_SetClassConfig
 .text.USBD_ClrClassConfig
                0x080065e2       0x12 CMakeFiles/untitled.elf.dir/Middlewares/ST/STM32_USB_Device_Library/Core/Src/usbd_core.c.obj
                0x080065e2                USBD_ClrClassConfig
 .text.USBD_LL_SetupStage
                0x080065f4       0x58 CMakeFiles/untitled.elf.dir/Middlewares/ST/STM32_USB_Device_Library/Core/Src/usbd_core.c.obj
                0x080065f4                USBD_LL_SetupStage
 .text.USBD_LL_Reset
                0x0800664c       0x64 CMakeFiles/untitled.elf.dir/Middlewares/ST/STM32_USB_Device_Library/Core/Src/usbd_core.c.obj
                0x0800664c                USBD_LL_Reset
 .text.USBD_LL_SetSpeed
                0x080066b0        0x6 CMakeFiles/untitled.elf.dir/Middlewares/ST/STM32_USB_Device_Library/Core/Src/usbd_core.c.obj
                0x080066b0                USBD_LL_SetSpeed
 .text.USBD_LL_Suspend
                0x080066b6       0x14 CMakeFiles/untitled.elf.dir/Middlewares/ST/STM32_USB_Device_Library/Core/Src/usbd_core.c.obj
                0x080066b6                USBD_LL_Suspend
 .text.USBD_LL_Resume
                0x080066ca       0x1a CMakeFiles/untitled.elf.dir/Middlewares/ST/STM32_USB_Device_Library/Core/Src/usbd_core.c.obj
                0x080066ca                USBD_LL_Resume
 .text.USBD_LL_SOF
                0x080066e4       0x22 CMakeFiles/untitled.elf.dir/Middlewares/ST/STM32_USB_Device_Library/Core/Src/usbd_core.c.obj
                0x080066e4                USBD_LL_SOF
 .text.USBD_LL_IsoINIncomplete
                0x08006706       0x2e CMakeFiles/untitled.elf.dir/Middlewares/ST/STM32_USB_Device_Library/Core/Src/usbd_core.c.obj
                0x08006706                USBD_LL_IsoINIncomplete
 .text.USBD_LL_IsoOUTIncomplete
                0x08006734       0x2e CMakeFiles/untitled.elf.dir/Middlewares/ST/STM32_USB_Device_Library/Core/Src/usbd_core.c.obj
                0x08006734                USBD_LL_IsoOUTIncomplete
 .text.USBD_LL_DevConnected
                0x08006762        0x4 CMakeFiles/untitled.elf.dir/Middlewares/ST/STM32_USB_Device_Library/Core/Src/usbd_core.c.obj
                0x08006762                USBD_LL_DevConnected
 .text.USBD_LL_DevDisconnected
                0x08006766       0x20 CMakeFiles/untitled.elf.dir/Middlewares/ST/STM32_USB_Device_Library/Core/Src/usbd_core.c.obj
                0x08006766                USBD_LL_DevDisconnected
 .text.USBD_CoreFindIF
                0x08006786        0x4 CMakeFiles/untitled.elf.dir/Middlewares/ST/STM32_USB_Device_Library/Core/Src/usbd_core.c.obj
                0x08006786                USBD_CoreFindIF
 .text.USBD_CoreFindEP
                0x0800678a        0x4 CMakeFiles/untitled.elf.dir/Middlewares/ST/STM32_USB_Device_Library/Core/Src/usbd_core.c.obj
                0x0800678a                USBD_CoreFindEP
 .text.USBD_LL_DataOutStage
                0x0800678e       0xc6 CMakeFiles/untitled.elf.dir/Middlewares/ST/STM32_USB_Device_Library/Core/Src/usbd_core.c.obj
                0x0800678e                USBD_LL_DataOutStage
 .text.USBD_LL_DataInStage
                0x08006854       0xd6 CMakeFiles/untitled.elf.dir/Middlewares/ST/STM32_USB_Device_Library/Core/Src/usbd_core.c.obj
                0x08006854                USBD_LL_DataInStage
 .text.USBD_GetNextDesc
                0x0800692a        0xe CMakeFiles/untitled.elf.dir/Middlewares/ST/STM32_USB_Device_Library/Core/Src/usbd_core.c.obj
                0x0800692a                USBD_GetNextDesc
 .text.USBD_GetEpDesc
                0x08006938       0x3e CMakeFiles/untitled.elf.dir/Middlewares/ST/STM32_USB_Device_Library/Core/Src/usbd_core.c.obj
                0x08006938                USBD_GetEpDesc
 .text.USBD_GetLen
                0x08006976       0x14 CMakeFiles/untitled.elf.dir/Middlewares/ST/STM32_USB_Device_Library/Core/Src/usbd_ctlreq.c.obj
 .text.USBD_ParseSetupRequest
                0x0800698a       0x28 CMakeFiles/untitled.elf.dir/Middlewares/ST/STM32_USB_Device_Library/Core/Src/usbd_ctlreq.c.obj
                0x0800698a                USBD_ParseSetupRequest
 .text.USBD_CtlError
                0x080069b2       0x14 CMakeFiles/untitled.elf.dir/Middlewares/ST/STM32_USB_Device_Library/Core/Src/usbd_ctlreq.c.obj
                0x080069b2                USBD_CtlError
 .text.USBD_GetDescriptor
                0x080069c6      0x18a CMakeFiles/untitled.elf.dir/Middlewares/ST/STM32_USB_Device_Library/Core/Src/usbd_ctlreq.c.obj
 .text.USBD_SetAddress
                0x08006b50       0x50 CMakeFiles/untitled.elf.dir/Middlewares/ST/STM32_USB_Device_Library/Core/Src/usbd_ctlreq.c.obj
 .text.USBD_SetConfig
                0x08006ba0       0xcc CMakeFiles/untitled.elf.dir/Middlewares/ST/STM32_USB_Device_Library/Core/Src/usbd_ctlreq.c.obj
 .text.USBD_GetConfig
                0x08006c6c       0x40 CMakeFiles/untitled.elf.dir/Middlewares/ST/STM32_USB_Device_Library/Core/Src/usbd_ctlreq.c.obj
 .text.USBD_GetStatus
                0x08006cac       0x38 CMakeFiles/untitled.elf.dir/Middlewares/ST/STM32_USB_Device_Library/Core/Src/usbd_ctlreq.c.obj
 .text.USBD_SetFeature
                0x08006ce4       0x2a CMakeFiles/untitled.elf.dir/Middlewares/ST/STM32_USB_Device_Library/Core/Src/usbd_ctlreq.c.obj
 .text.USBD_ClrFeature
                0x08006d0e       0x26 CMakeFiles/untitled.elf.dir/Middlewares/ST/STM32_USB_Device_Library/Core/Src/usbd_ctlreq.c.obj
 .text.USBD_StdDevReq
                0x08006d34       0x76 CMakeFiles/untitled.elf.dir/Middlewares/ST/STM32_USB_Device_Library/Core/Src/usbd_ctlreq.c.obj
                0x08006d34                USBD_StdDevReq
 .text.USBD_StdItfReq
                0x08006daa       0x84 CMakeFiles/untitled.elf.dir/Middlewares/ST/STM32_USB_Device_Library/Core/Src/usbd_ctlreq.c.obj
                0x08006daa                USBD_StdItfReq
 .text.USBD_StdEPReq
                0x08006e2e      0x230 CMakeFiles/untitled.elf.dir/Middlewares/ST/STM32_USB_Device_Library/Core/Src/usbd_ctlreq.c.obj
                0x08006e2e                USBD_StdEPReq
 .text.USBD_GetString
                0x0800705e       0x3a CMakeFiles/untitled.elf.dir/Middlewares/ST/STM32_USB_Device_Library/Core/Src/usbd_ctlreq.c.obj
                0x0800705e                USBD_GetString
 .text.USBD_CtlSendData
                0x08007098       0x1a CMakeFiles/untitled.elf.dir/Middlewares/ST/STM32_USB_Device_Library/Core/Src/usbd_ioreq.c.obj
                0x08007098                USBD_CtlSendData
 .text.USBD_CtlContinueSendData
                0x080070b2       0x10 CMakeFiles/untitled.elf.dir/Middlewares/ST/STM32_USB_Device_Library/Core/Src/usbd_ioreq.c.obj
                0x080070b2                USBD_CtlContinueSendData
 .text.USBD_CtlPrepareRx
                0x080070c2       0x1e CMakeFiles/untitled.elf.dir/Middlewares/ST/STM32_USB_Device_Library/Core/Src/usbd_ioreq.c.obj
                0x080070c2                USBD_CtlPrepareRx
 .text.USBD_CtlContinueRx
                0x080070e0       0x10 CMakeFiles/untitled.elf.dir/Middlewares/ST/STM32_USB_Device_Library/Core/Src/usbd_ioreq.c.obj
                0x080070e0                USBD_CtlContinueRx
 .text.USBD_CtlSendStatus
                0x080070f0       0x16 CMakeFiles/untitled.elf.dir/Middlewares/ST/STM32_USB_Device_Library/Core/Src/usbd_ioreq.c.obj
                0x080070f0                USBD_CtlSendStatus
 .text.USBD_CtlReceiveStatus
                0x08007106       0x16 CMakeFiles/untitled.elf.dir/Middlewares/ST/STM32_USB_Device_Library/Core/Src/usbd_ioreq.c.obj
                0x08007106                USBD_CtlReceiveStatus
 .text.SysTick_Handler
                0x0800711c       0x18 CMakeFiles/untitled.elf.dir/Middlewares/Third_Party/FreeRTOS/Source/CMSIS_RTOS_V2/cmsis_os2.c.obj
                0x0800711c                SysTick_Handler
 .text.osKernelInitialize
                0x08007134       0x24 CMakeFiles/untitled.elf.dir/Middlewares/Third_Party/FreeRTOS/Source/CMSIS_RTOS_V2/cmsis_os2.c.obj
                0x08007134                osKernelInitialize
 .text.osKernelStart
                0x08007158       0x38 CMakeFiles/untitled.elf.dir/Middlewares/Third_Party/FreeRTOS/Source/CMSIS_RTOS_V2/cmsis_os2.c.obj
                0x08007158                osKernelStart
 .text.osThreadNew
                0x08007190       0xbc CMakeFiles/untitled.elf.dir/Middlewares/Third_Party/FreeRTOS/Source/CMSIS_RTOS_V2/cmsis_os2.c.obj
                0x08007190                osThreadNew
 .text.osSemaphoreNew
                0x0800724c       0xb4 CMakeFiles/untitled.elf.dir/Middlewares/Third_Party/FreeRTOS/Source/CMSIS_RTOS_V2/cmsis_os2.c.obj
                0x0800724c                osSemaphoreNew
 .text.vApplicationGetIdleTaskMemory
                0x08007300       0x18 CMakeFiles/untitled.elf.dir/Middlewares/Third_Party/FreeRTOS/Source/CMSIS_RTOS_V2/cmsis_os2.c.obj
                0x08007300                vApplicationGetIdleTaskMemory
 .text.vApplicationGetTimerTaskMemory
                0x08007318       0x18 CMakeFiles/untitled.elf.dir/Middlewares/Third_Party/FreeRTOS/Source/CMSIS_RTOS_V2/cmsis_os2.c.obj
                0x08007318                vApplicationGetTimerTaskMemory
 .text.vListInitialise
                0x08007330       0x16 CMakeFiles/untitled.elf.dir/Middlewares/Third_Party/FreeRTOS/Source/list.c.obj
                0x08007330                vListInitialise
 .text.vListInitialiseItem
                0x08007346        0x6 CMakeFiles/untitled.elf.dir/Middlewares/Third_Party/FreeRTOS/Source/list.c.obj
                0x08007346                vListInitialiseItem
 .text.vListInsertEnd
                0x0800734c       0x16 CMakeFiles/untitled.elf.dir/Middlewares/Third_Party/FreeRTOS/Source/list.c.obj
                0x0800734c                vListInsertEnd
 .text.vListInsert
                0x08007362       0x32 CMakeFiles/untitled.elf.dir/Middlewares/Third_Party/FreeRTOS/Source/list.c.obj
                0x08007362                vListInsert
 .text.uxListRemove
                0x08007394       0x26 CMakeFiles/untitled.elf.dir/Middlewares/Third_Party/FreeRTOS/Source/list.c.obj
                0x08007394                uxListRemove
 *fill*         0x080073ba        0x2 
 .text.prvTaskExitError
                0x080073bc       0x40 CMakeFiles/untitled.elf.dir/Middlewares/Third_Party/FreeRTOS/Source/portable/GCC/ARM_CM4F/port.c.obj
 .text.prvPortStartFirstTask
                0x080073fc       0x28 CMakeFiles/untitled.elf.dir/Middlewares/Third_Party/FreeRTOS/Source/portable/GCC/ARM_CM4F/port.c.obj
 .text.vPortEnableVFP
                0x08007424       0x14 CMakeFiles/untitled.elf.dir/Middlewares/Third_Party/FreeRTOS/Source/portable/GCC/ARM_CM4F/port.c.obj
 .text.pxPortInitialiseStack
                0x08007438       0x2c CMakeFiles/untitled.elf.dir/Middlewares/Third_Party/FreeRTOS/Source/portable/GCC/ARM_CM4F/port.c.obj
                0x08007438                pxPortInitialiseStack
 *fill*         0x08007464        0xc 
 .text.SVC_Handler
                0x08007470       0x24 CMakeFiles/untitled.elf.dir/Middlewares/Third_Party/FreeRTOS/Source/portable/GCC/ARM_CM4F/port.c.obj
                0x08007470                SVC_Handler
 .text.vPortEnterCritical
                0x08007494       0x44 CMakeFiles/untitled.elf.dir/Middlewares/Third_Party/FreeRTOS/Source/portable/GCC/ARM_CM4F/port.c.obj
                0x08007494                vPortEnterCritical
 .text.vPortExitCritical
                0x080074d8       0x2c CMakeFiles/untitled.elf.dir/Middlewares/Third_Party/FreeRTOS/Source/portable/GCC/ARM_CM4F/port.c.obj
                0x080074d8                vPortExitCritical
 *fill*         0x08007504        0xc 
 .text.PendSV_Handler
                0x08007510       0x64 CMakeFiles/untitled.elf.dir/Middlewares/Third_Party/FreeRTOS/Source/portable/GCC/ARM_CM4F/port.c.obj
                0x08007510                PendSV_Handler
 .text.xPortSysTickHandler
                0x08007574       0x2c CMakeFiles/untitled.elf.dir/Middlewares/Third_Party/FreeRTOS/Source/portable/GCC/ARM_CM4F/port.c.obj
                0x08007574                xPortSysTickHandler
 .text.vPortSetupTimerInterrupt
                0x080075a0       0x28 CMakeFiles/untitled.elf.dir/Middlewares/Third_Party/FreeRTOS/Source/portable/GCC/ARM_CM4F/port.c.obj
                0x080075a0                vPortSetupTimerInterrupt
 .text.xPortStartScheduler
                0x080075c8      0x118 CMakeFiles/untitled.elf.dir/Middlewares/Third_Party/FreeRTOS/Source/portable/GCC/ARM_CM4F/port.c.obj
                0x080075c8                xPortStartScheduler
 .text.vPortValidateInterruptPriority
                0x080076e0       0x5c CMakeFiles/untitled.elf.dir/Middlewares/Third_Party/FreeRTOS/Source/portable/GCC/ARM_CM4F/port.c.obj
                0x080076e0                vPortValidateInterruptPriority
 .text.prvHeapInit
                0x0800773c       0x68 CMakeFiles/untitled.elf.dir/Middlewares/Third_Party/FreeRTOS/Source/portable/MemMang/heap_4.c.obj
 .text.prvInsertBlockIntoFreeList
                0x080077a4       0x64 CMakeFiles/untitled.elf.dir/Middlewares/Third_Party/FreeRTOS/Source/portable/MemMang/heap_4.c.obj
 .text.pvPortMalloc
                0x08007808       0xfc CMakeFiles/untitled.elf.dir/Middlewares/Third_Party/FreeRTOS/Source/portable/MemMang/heap_4.c.obj
                0x08007808                pvPortMalloc
 .text.vPortFree
                0x08007904       0x7c CMakeFiles/untitled.elf.dir/Middlewares/Third_Party/FreeRTOS/Source/portable/MemMang/heap_4.c.obj
                0x08007904                vPortFree
 .text.prvIsQueueFull
                0x08007980       0x1e CMakeFiles/untitled.elf.dir/Middlewares/Third_Party/FreeRTOS/Source/queue.c.obj
 .text.prvIsQueueEmpty
                0x0800799e       0x1a CMakeFiles/untitled.elf.dir/Middlewares/Third_Party/FreeRTOS/Source/queue.c.obj
 .text.prvCopyDataToQueue
                0x080079b8       0x76 CMakeFiles/untitled.elf.dir/Middlewares/Third_Party/FreeRTOS/Source/queue.c.obj
 .text.prvCopyDataFromQueue
                0x08007a2e       0x24 CMakeFiles/untitled.elf.dir/Middlewares/Third_Party/FreeRTOS/Source/queue.c.obj
 .text.prvUnlockQueue
                0x08007a52       0x6e CMakeFiles/untitled.elf.dir/Middlewares/Third_Party/FreeRTOS/Source/queue.c.obj
 .text.xQueueGenericReset
                0x08007ac0       0x84 CMakeFiles/untitled.elf.dir/Middlewares/Third_Party/FreeRTOS/Source/queue.c.obj
                0x08007ac0                xQueueGenericReset
 .text.prvInitialiseNewQueue
                0x08007b44       0x22 CMakeFiles/untitled.elf.dir/Middlewares/Third_Party/FreeRTOS/Source/queue.c.obj
 .text.xQueueGenericCreateStatic
                0x08007b66       0x94 CMakeFiles/untitled.elf.dir/Middlewares/Third_Party/FreeRTOS/Source/queue.c.obj
                0x08007b66                xQueueGenericCreateStatic
 .text.xQueueGenericCreate
                0x08007bfa       0x48 CMakeFiles/untitled.elf.dir/Middlewares/Third_Party/FreeRTOS/Source/queue.c.obj
                0x08007bfa                xQueueGenericCreate
 .text.xQueueCreateCountingSemaphoreStatic
                0x08007c42       0x46 CMakeFiles/untitled.elf.dir/Middlewares/Third_Party/FreeRTOS/Source/queue.c.obj
                0x08007c42                xQueueCreateCountingSemaphoreStatic
 .text.xQueueCreateCountingSemaphore
                0x08007c88       0x3c CMakeFiles/untitled.elf.dir/Middlewares/Third_Party/FreeRTOS/Source/queue.c.obj
                0x08007c88                xQueueCreateCountingSemaphore
 .text.xQueueGenericSend
                0x08007cc4      0x188 CMakeFiles/untitled.elf.dir/Middlewares/Third_Party/FreeRTOS/Source/queue.c.obj
                0x08007cc4                xQueueGenericSend
 .text.xQueueGenericSendFromISR
                0x08007e4c       0xce CMakeFiles/untitled.elf.dir/Middlewares/Third_Party/FreeRTOS/Source/queue.c.obj
                0x08007e4c                xQueueGenericSendFromISR
 .text.xQueueReceive
                0x08007f1a      0x15e CMakeFiles/untitled.elf.dir/Middlewares/Third_Party/FreeRTOS/Source/queue.c.obj
                0x08007f1a                xQueueReceive
 .text.vQueueAddToRegistry
                0x08008078       0x28 CMakeFiles/untitled.elf.dir/Middlewares/Third_Party/FreeRTOS/Source/queue.c.obj
                0x08008078                vQueueAddToRegistry
 .text.vQueueUnregisterQueue
                0x080080a0       0x2c CMakeFiles/untitled.elf.dir/Middlewares/Third_Party/FreeRTOS/Source/queue.c.obj
                0x080080a0                vQueueUnregisterQueue
 .text.vQueueDelete
                0x080080cc       0x2c CMakeFiles/untitled.elf.dir/Middlewares/Third_Party/FreeRTOS/Source/queue.c.obj
                0x080080cc                vQueueDelete
 .text.vQueueWaitForMessageRestricted
                0x080080f8       0x52 CMakeFiles/untitled.elf.dir/Middlewares/Third_Party/FreeRTOS/Source/queue.c.obj
                0x080080f8                vQueueWaitForMessageRestricted
 *fill*         0x0800814a        0x2 
 .text.prvResetNextTaskUnblockTime
                0x0800814c       0x2c CMakeFiles/untitled.elf.dir/Middlewares/Third_Party/FreeRTOS/Source/tasks.c.obj
 .text.prvInitialiseNewTask
                0x08008178       0xa6 CMakeFiles/untitled.elf.dir/Middlewares/Third_Party/FreeRTOS/Source/tasks.c.obj
 *fill*         0x0800821e        0x2 
 .text.prvInitialiseTaskLists
                0x08008220       0x68 CMakeFiles/untitled.elf.dir/Middlewares/Third_Party/FreeRTOS/Source/tasks.c.obj
 .text.prvAddNewTaskToReadyList
                0x08008288       0xac CMakeFiles/untitled.elf.dir/Middlewares/Third_Party/FreeRTOS/Source/tasks.c.obj
 .text.prvDeleteTCB
                0x08008334       0x38 CMakeFiles/untitled.elf.dir/Middlewares/Third_Party/FreeRTOS/Source/tasks.c.obj
 .text.prvCheckTasksWaitingTermination
                0x0800836c       0x4c CMakeFiles/untitled.elf.dir/Middlewares/Third_Party/FreeRTOS/Source/tasks.c.obj
 .text.prvIdleTask
                0x080083b8       0x28 CMakeFiles/untitled.elf.dir/Middlewares/Third_Party/FreeRTOS/Source/tasks.c.obj
 .text.prvAddCurrentTaskToDelayedList
                0x080083e0       0x7c CMakeFiles/untitled.elf.dir/Middlewares/Third_Party/FreeRTOS/Source/tasks.c.obj
 .text.xTaskCreateStatic
                0x0800845c       0x76 CMakeFiles/untitled.elf.dir/Middlewares/Third_Party/FreeRTOS/Source/tasks.c.obj
                0x0800845c                xTaskCreateStatic
 .text.xTaskCreate
                0x080084d2       0x68 CMakeFiles/untitled.elf.dir/Middlewares/Third_Party/FreeRTOS/Source/tasks.c.obj
                0x080084d2                xTaskCreate
 *fill*         0x0800853a        0x2 
 .text.vTaskDelete
                0x0800853c       0xb8 CMakeFiles/untitled.elf.dir/Middlewares/Third_Party/FreeRTOS/Source/tasks.c.obj
                0x0800853c                vTaskDelete
 .text.vTaskStartScheduler
                0x080085f4       0x9c CMakeFiles/untitled.elf.dir/Middlewares/Third_Party/FreeRTOS/Source/tasks.c.obj
                0x080085f4                vTaskStartScheduler
 .text.vTaskSuspendAll
                0x08008690       0x10 CMakeFiles/untitled.elf.dir/Middlewares/Third_Party/FreeRTOS/Source/tasks.c.obj
                0x08008690                vTaskSuspendAll
 .text.xTaskGetTickCount
                0x080086a0        0xc CMakeFiles/untitled.elf.dir/Middlewares/Third_Party/FreeRTOS/Source/tasks.c.obj
                0x080086a0                xTaskGetTickCount
 .text.xTaskIncrementTick
                0x080086ac      0x118 CMakeFiles/untitled.elf.dir/Middlewares/Third_Party/FreeRTOS/Source/tasks.c.obj
                0x080086ac                xTaskIncrementTick
 .text.xTaskResumeAll
                0x080087c4       0xf8 CMakeFiles/untitled.elf.dir/Middlewares/Third_Party/FreeRTOS/Source/tasks.c.obj
                0x080087c4                xTaskResumeAll
 .text.vTaskSwitchContext
                0x080088bc       0x94 CMakeFiles/untitled.elf.dir/Middlewares/Third_Party/FreeRTOS/Source/tasks.c.obj
                0x080088bc                vTaskSwitchContext
 .text.vTaskPlaceOnEventList
                0x08008950       0x30 CMakeFiles/untitled.elf.dir/Middlewares/Third_Party/FreeRTOS/Source/tasks.c.obj
                0x08008950                vTaskPlaceOnEventList
 .text.vTaskPlaceOnEventListRestricted
                0x08008980       0x38 CMakeFiles/untitled.elf.dir/Middlewares/Third_Party/FreeRTOS/Source/tasks.c.obj
                0x08008980                vTaskPlaceOnEventListRestricted
 .text.xTaskRemoveFromEventList
                0x080089b8       0x8c CMakeFiles/untitled.elf.dir/Middlewares/Third_Party/FreeRTOS/Source/tasks.c.obj
                0x080089b8                xTaskRemoveFromEventList
 .text.vTaskInternalSetTimeOutState
                0x08008a44       0x18 CMakeFiles/untitled.elf.dir/Middlewares/Third_Party/FreeRTOS/Source/tasks.c.obj
                0x08008a44                vTaskInternalSetTimeOutState
 .text.xTaskCheckForTimeOut
                0x08008a5c       0x84 CMakeFiles/untitled.elf.dir/Middlewares/Third_Party/FreeRTOS/Source/tasks.c.obj
                0x08008a5c                xTaskCheckForTimeOut
 .text.vTaskMissedYield
                0x08008ae0        0xc CMakeFiles/untitled.elf.dir/Middlewares/Third_Party/FreeRTOS/Source/tasks.c.obj
                0x08008ae0                vTaskMissedYield
 .text.xTaskGetSchedulerState
                0x08008aec       0x20 CMakeFiles/untitled.elf.dir/Middlewares/Third_Party/FreeRTOS/Source/tasks.c.obj
                0x08008aec                xTaskGetSchedulerState
 .text.xTaskPriorityDisinherit
                0x08008b0c       0x90 CMakeFiles/untitled.elf.dir/Middlewares/Third_Party/FreeRTOS/Source/tasks.c.obj
                0x08008b0c                xTaskPriorityDisinherit
 .text.prvGetNextExpireTime
                0x08008b9c       0x20 CMakeFiles/untitled.elf.dir/Middlewares/Third_Party/FreeRTOS/Source/timers.c.obj
 .text.prvInsertTimerInActiveList
                0x08008bbc       0x48 CMakeFiles/untitled.elf.dir/Middlewares/Third_Party/FreeRTOS/Source/timers.c.obj
 .text.prvCheckForValidListAndQueue
                0x08008c04       0x70 CMakeFiles/untitled.elf.dir/Middlewares/Third_Party/FreeRTOS/Source/timers.c.obj
 .text.xTimerCreateTimerTask
                0x08008c74       0x64 CMakeFiles/untitled.elf.dir/Middlewares/Third_Party/FreeRTOS/Source/timers.c.obj
                0x08008c74                xTimerCreateTimerTask
 .text.xTimerGenericCommand
                0x08008cd8       0x6c CMakeFiles/untitled.elf.dir/Middlewares/Third_Party/FreeRTOS/Source/timers.c.obj
                0x08008cd8                xTimerGenericCommand
 .text.prvSwitchTimerLists
                0x08008d44       0x7c CMakeFiles/untitled.elf.dir/Middlewares/Third_Party/FreeRTOS/Source/timers.c.obj
 .text.prvSampleTimeNow
                0x08008dc0       0x2c CMakeFiles/untitled.elf.dir/Middlewares/Third_Party/FreeRTOS/Source/timers.c.obj
 .text.prvProcessExpiredTimer
                0x08008dec       0x6c CMakeFiles/untitled.elf.dir/Middlewares/Third_Party/FreeRTOS/Source/timers.c.obj
 .text.prvProcessTimerOrBlockTask
                0x08008e58       0x74 CMakeFiles/untitled.elf.dir/Middlewares/Third_Party/FreeRTOS/Source/timers.c.obj
 .text.prvProcessReceivedCommands
                0x08008ecc      0x10c CMakeFiles/untitled.elf.dir/Middlewares/Third_Party/FreeRTOS/Source/timers.c.obj
 .text.prvTimerTask
                0x08008fd8       0x16 CMakeFiles/untitled.elf.dir/Middlewares/Third_Party/FreeRTOS/Source/timers.c.obj
 *fill*         0x08008fee        0x2 
 .text.MX_USB_DEVICE_Init
                0x08008ff0       0x54 CMakeFiles/untitled.elf.dir/USB_DEVICE/App/usb_device.c.obj
                0x08008ff0                MX_USB_DEVICE_Init
 .text.CDC_DeInit_FS
                0x08009044        0x4 CMakeFiles/untitled.elf.dir/USB_DEVICE/App/usbd_cdc_if.c.obj
 .text.CDC_Control_FS
                0x08009048        0x4 CMakeFiles/untitled.elf.dir/USB_DEVICE/App/usbd_cdc_if.c.obj
 .text.CDC_TransmitCplt_FS
                0x0800904c        0x4 CMakeFiles/untitled.elf.dir/USB_DEVICE/App/usbd_cdc_if.c.obj
 .text.CDC_Receive_FS
                0x08009050       0x1c CMakeFiles/untitled.elf.dir/USB_DEVICE/App/usbd_cdc_if.c.obj
 .text.CDC_Init_FS
                0x0800906c       0x28 CMakeFiles/untitled.elf.dir/USB_DEVICE/App/usbd_cdc_if.c.obj
 .text.USBD_FS_DeviceDescriptor
                0x08009094        0xc CMakeFiles/untitled.elf.dir/USB_DEVICE/App/usbd_desc.c.obj
                0x08009094                USBD_FS_DeviceDescriptor
 .text.USBD_FS_LangIDStrDescriptor
                0x080090a0        0xc CMakeFiles/untitled.elf.dir/USB_DEVICE/App/usbd_desc.c.obj
                0x080090a0                USBD_FS_LangIDStrDescriptor
 .text.IntToUnicode
                0x080090ac       0x46 CMakeFiles/untitled.elf.dir/USB_DEVICE/App/usbd_desc.c.obj
 *fill*         0x080090f2        0x2 
 .text.Get_SerialNum
                0x080090f4       0x38 CMakeFiles/untitled.elf.dir/USB_DEVICE/App/usbd_desc.c.obj
 .text.USBD_FS_SerialStrDescriptor
                0x0800912c       0x14 CMakeFiles/untitled.elf.dir/USB_DEVICE/App/usbd_desc.c.obj
                0x0800912c                USBD_FS_SerialStrDescriptor
 .text.USBD_FS_ProductStrDescriptor
                0x08009140       0x24 CMakeFiles/untitled.elf.dir/USB_DEVICE/App/usbd_desc.c.obj
                0x08009140                USBD_FS_ProductStrDescriptor
 .text.USBD_FS_ManufacturerStrDescriptor
                0x08009164       0x1c CMakeFiles/untitled.elf.dir/USB_DEVICE/App/usbd_desc.c.obj
                0x08009164                USBD_FS_ManufacturerStrDescriptor
 .text.USBD_FS_ConfigStrDescriptor
                0x08009180       0x24 CMakeFiles/untitled.elf.dir/USB_DEVICE/App/usbd_desc.c.obj
                0x08009180                USBD_FS_ConfigStrDescriptor
 .text.USBD_FS_InterfaceStrDescriptor
                0x080091a4       0x24 CMakeFiles/untitled.elf.dir/USB_DEVICE/App/usbd_desc.c.obj
                0x080091a4                USBD_FS_InterfaceStrDescriptor
 .text.HAL_PCD_MspInit
                0x080091c8       0x84 CMakeFiles/untitled.elf.dir/USB_DEVICE/Target/usbd_conf.c.obj
                0x080091c8                HAL_PCD_MspInit
 .text.HAL_PCD_SetupStageCallback
                0x0800924c       0x10 CMakeFiles/untitled.elf.dir/USB_DEVICE/Target/usbd_conf.c.obj
                0x0800924c                HAL_PCD_SetupStageCallback
 .text.HAL_PCD_DataOutStageCallback
                0x0800925c       0x18 CMakeFiles/untitled.elf.dir/USB_DEVICE/Target/usbd_conf.c.obj
                0x0800925c                HAL_PCD_DataOutStageCallback
 .text.HAL_PCD_DataInStageCallback
                0x08009274       0x16 CMakeFiles/untitled.elf.dir/USB_DEVICE/Target/usbd_conf.c.obj
                0x08009274                HAL_PCD_DataInStageCallback
 .text.HAL_PCD_SOFCallback
                0x0800928a        0xc CMakeFiles/untitled.elf.dir/USB_DEVICE/Target/usbd_conf.c.obj
                0x0800928a                HAL_PCD_SOFCallback
 .text.HAL_PCD_ResetCallback
                0x08009296       0x2c CMakeFiles/untitled.elf.dir/USB_DEVICE/Target/usbd_conf.c.obj
                0x08009296                HAL_PCD_ResetCallback
 *fill*         0x080092c2        0x2 
 .text.HAL_PCD_SuspendCallback
                0x080092c4       0x30 CMakeFiles/untitled.elf.dir/USB_DEVICE/Target/usbd_conf.c.obj
                0x080092c4                HAL_PCD_SuspendCallback
 .text.HAL_PCD_ResumeCallback
                0x080092f4        0xc CMakeFiles/untitled.elf.dir/USB_DEVICE/Target/usbd_conf.c.obj
                0x080092f4                HAL_PCD_ResumeCallback
 .text.HAL_PCD_ISOOUTIncompleteCallback
                0x08009300        0xc CMakeFiles/untitled.elf.dir/USB_DEVICE/Target/usbd_conf.c.obj
                0x08009300                HAL_PCD_ISOOUTIncompleteCallback
 .text.HAL_PCD_ISOINIncompleteCallback
                0x0800930c        0xc CMakeFiles/untitled.elf.dir/USB_DEVICE/Target/usbd_conf.c.obj
                0x0800930c                HAL_PCD_ISOINIncompleteCallback
 .text.HAL_PCD_ConnectCallback
                0x08009318        0xc CMakeFiles/untitled.elf.dir/USB_DEVICE/Target/usbd_conf.c.obj
                0x08009318                HAL_PCD_ConnectCallback
 .text.HAL_PCD_DisconnectCallback
                0x08009324        0xc CMakeFiles/untitled.elf.dir/USB_DEVICE/Target/usbd_conf.c.obj
                0x08009324                HAL_PCD_DisconnectCallback
 .text.USBD_LL_Init
                0x08009330       0x68 CMakeFiles/untitled.elf.dir/USB_DEVICE/Target/usbd_conf.c.obj
                0x08009330                USBD_LL_Init
 .text.USBD_LL_IsStallEP
                0x08009398       0x2e CMakeFiles/untitled.elf.dir/USB_DEVICE/Target/usbd_conf.c.obj
                0x08009398                USBD_LL_IsStallEP
 .text.USBD_LL_GetRxDataSize
                0x080093c6        0xc CMakeFiles/untitled.elf.dir/USB_DEVICE/Target/usbd_conf.c.obj
                0x080093c6                USBD_LL_GetRxDataSize
 *fill*         0x080093d2        0x2 
 .text.USBD_static_malloc
                0x080093d4        0x8 CMakeFiles/untitled.elf.dir/USB_DEVICE/Target/usbd_conf.c.obj
                0x080093d4                USBD_static_malloc
 .text.USBD_static_free
                0x080093dc        0x2 CMakeFiles/untitled.elf.dir/USB_DEVICE/Target/usbd_conf.c.obj
                0x080093dc                USBD_static_free
 .text.USBD_Get_USB_Status
                0x080093de       0x14 CMakeFiles/untitled.elf.dir/USB_DEVICE/Target/usbd_conf.c.obj
                0x080093de                USBD_Get_USB_Status
 .text.USBD_LL_Start
                0x080093f2       0x10 CMakeFiles/untitled.elf.dir/USB_DEVICE/Target/usbd_conf.c.obj
                0x080093f2                USBD_LL_Start
 .text.USBD_LL_OpenEP
                0x08009402       0x16 CMakeFiles/untitled.elf.dir/USB_DEVICE/Target/usbd_conf.c.obj
                0x08009402                USBD_LL_OpenEP
 .text.USBD_LL_CloseEP
                0x08009418       0x10 CMakeFiles/untitled.elf.dir/USB_DEVICE/Target/usbd_conf.c.obj
                0x08009418                USBD_LL_CloseEP
 .text.USBD_LL_StallEP
                0x08009428       0x10 CMakeFiles/untitled.elf.dir/USB_DEVICE/Target/usbd_conf.c.obj
                0x08009428                USBD_LL_StallEP
 .text.USBD_LL_ClearStallEP
                0x08009438       0x10 CMakeFiles/untitled.elf.dir/USB_DEVICE/Target/usbd_conf.c.obj
                0x08009438                USBD_LL_ClearStallEP
 .text.USBD_LL_SetUSBAddress
                0x08009448       0x10 CMakeFiles/untitled.elf.dir/USB_DEVICE/Target/usbd_conf.c.obj
                0x08009448                USBD_LL_SetUSBAddress
 .text.USBD_LL_Transmit
                0x08009458       0x10 CMakeFiles/untitled.elf.dir/USB_DEVICE/Target/usbd_conf.c.obj
                0x08009458                USBD_LL_Transmit
 .text.USBD_LL_PrepareReceive
                0x08009468       0x10 CMakeFiles/untitled.elf.dir/USB_DEVICE/Target/usbd_conf.c.obj
                0x08009468                USBD_LL_PrepareReceive
 .text._Z26ThreadControlLoopFixUpdatePv
                0x08009478        0x2 CMakeFiles/untitled.elf.dir/UserApp/main.cpp.obj
                0x08009478                ThreadControlLoopFixUpdate(void*)
 *fill*         0x0800947a        0x2 
 .text._Z18user_freertos_initv
                0x0800947c       0xec CMakeFiles/untitled.elf.dir/UserApp/main.cpp.obj
                0x0800947c                user_freertos_init()
 .text.Main     0x08009568       0x40 CMakeFiles/untitled.elf.dir/UserApp/main.cpp.obj
                0x08009568                Main
 .text.abort    0x080095a8       0x10 e:/clion_for_stm32/gun_arm_gcc/10 2021.10/bin/../lib/gcc/arm-none-eabi/10.3.1/../../../../arm-none-eabi/lib/thumb/v7e-m+fp/hard\libg.a(lib_a-abort.o)
                0x080095a8                abort
 .text.__errno  0x080095b8        0xc e:/clion_for_stm32/gun_arm_gcc/10 2021.10/bin/../lib/gcc/arm-none-eabi/10.3.1/../../../../arm-none-eabi/lib/thumb/v7e-m+fp/hard\libg.a(lib_a-errno.o)
                0x080095b8                __errno
 .text.__libc_init_array
                0x080095c4       0x48 e:/clion_for_stm32/gun_arm_gcc/10 2021.10/bin/../lib/gcc/arm-none-eabi/10.3.1/../../../../arm-none-eabi/lib/thumb/v7e-m+fp/hard\libg.a(lib_a-init.o)
                0x080095c4                __libc_init_array
 .text.memset   0x0800960c       0xa4 e:/clion_for_stm32/gun_arm_gcc/10 2021.10/bin/../lib/gcc/arm-none-eabi/10.3.1/../../../../arm-none-eabi/lib/thumb/v7e-m+fp/hard\libg.a(lib_a-memset.o)
                0x0800960c                memset
 .text.raise    0x080096b0       0x5c e:/clion_for_stm32/gun_arm_gcc/10 2021.10/bin/../lib/gcc/arm-none-eabi/10.3.1/../../../../arm-none-eabi/lib/thumb/v7e-m+fp/hard\libg.a(lib_a-signal.o)
                0x080096b0                raise
 .text._kill_r  0x0800970c       0x2c e:/clion_for_stm32/gun_arm_gcc/10 2021.10/bin/../lib/gcc/arm-none-eabi/10.3.1/../../../../arm-none-eabi/lib/thumb/v7e-m+fp/hard\libg.a(lib_a-signalr.o)
                0x0800970c                _kill_r
 .text._getpid_r
                0x08009738        0x4 e:/clion_for_stm32/gun_arm_gcc/10 2021.10/bin/../lib/gcc/arm-none-eabi/10.3.1/../../../../arm-none-eabi/lib/thumb/v7e-m+fp/hard\libg.a(lib_a-signalr.o)
                0x08009738                _getpid_r
 .text.startup.register_fini
                0x0800973c       0x14 e:/clion_for_stm32/gun_arm_gcc/10 2021.10/bin/../lib/gcc/arm-none-eabi/10.3.1/../../../../arm-none-eabi/lib/thumb/v7e-m+fp/hard\libg.a(lib_a-__call_atexit.o)
 .text.atexit   0x08009750        0xc e:/clion_for_stm32/gun_arm_gcc/10 2021.10/bin/../lib/gcc/arm-none-eabi/10.3.1/../../../../arm-none-eabi/lib/thumb/v7e-m+fp/hard\libg.a(lib_a-atexit.o)
                0x08009750                atexit
 .text.__libc_fini_array
                0x0800975c       0x2c e:/clion_for_stm32/gun_arm_gcc/10 2021.10/bin/../lib/gcc/arm-none-eabi/10.3.1/../../../../arm-none-eabi/lib/thumb/v7e-m+fp/hard\libg.a(lib_a-fini.o)
                0x0800975c                __libc_fini_array
 .text.__retarget_lock_acquire_recursive
                0x08009788        0x4 e:/clion_for_stm32/gun_arm_gcc/10 2021.10/bin/../lib/gcc/arm-none-eabi/10.3.1/../../../../arm-none-eabi/lib/thumb/v7e-m+fp/hard\libg.a(lib_a-lock.o)
                0x08009788                __retarget_lock_acquire_recursive
 .text.__retarget_lock_release_recursive
                0x0800978c        0x4 e:/clion_for_stm32/gun_arm_gcc/10 2021.10/bin/../lib/gcc/arm-none-eabi/10.3.1/../../../../arm-none-eabi/lib/thumb/v7e-m+fp/hard\libg.a(lib_a-lock.o)
                0x0800978c                __retarget_lock_release_recursive
 .text.__register_exitproc
                0x08009790       0x8c e:/clion_for_stm32/gun_arm_gcc/10 2021.10/bin/../lib/gcc/arm-none-eabi/10.3.1/../../../../arm-none-eabi/lib/thumb/v7e-m+fp/hard\libg.a(lib_a-__atexit.o)
                0x08009790                __register_exitproc
 *(.glue_7)
 .glue_7        0x0800981c        0x0 linker stubs
 *(.glue_7t)
 .glue_7t       0x0800981c        0x0 linker stubs
 *(.eh_frame)
 .eh_frame      0x0800981c        0x0 e:/clion_for_stm32/gun_arm_gcc/10 2021.10/bin/../lib/gcc/arm-none-eabi/10.3.1/thumb/v7e-m+fp/hard/crtbegin.o
 *(.init)
 .init          0x0800981c        0x4 e:/clion_for_stm32/gun_arm_gcc/10 2021.10/bin/../lib/gcc/arm-none-eabi/10.3.1/thumb/v7e-m+fp/hard/crti.o
                0x0800981c                _init
 .init          0x08009820        0x8 e:/clion_for_stm32/gun_arm_gcc/10 2021.10/bin/../lib/gcc/arm-none-eabi/10.3.1/thumb/v7e-m+fp/hard/crtn.o
 *(.fini)
 .fini          0x08009828        0x4 e:/clion_for_stm32/gun_arm_gcc/10 2021.10/bin/../lib/gcc/arm-none-eabi/10.3.1/thumb/v7e-m+fp/hard/crti.o
                0x08009828                _fini
 .fini          0x0800982c        0x8 e:/clion_for_stm32/gun_arm_gcc/10 2021.10/bin/../lib/gcc/arm-none-eabi/10.3.1/thumb/v7e-m+fp/hard/crtn.o
                0x08009834                . = ALIGN (0x4)
                0x08009834                _etext = .

.vfp11_veneer   0x08009834        0x0
 .vfp11_veneer  0x08009834        0x0 linker stubs

.v4_bx          0x08009834        0x0
 .v4_bx         0x08009834        0x0 linker stubs

.iplt           0x08009834        0x0
 .iplt          0x08009834        0x0 e:/clion_for_stm32/gun_arm_gcc/10 2021.10/bin/../lib/gcc/arm-none-eabi/10.3.1/thumb/v7e-m+fp/hard/crtbegin.o

.rodata         0x08009834      0x140
                0x08009834                . = ALIGN (0x4)
 *(.rodata)
 .rodata        0x08009834       0x70 CMakeFiles/untitled.elf.dir/UserApp/main.cpp.obj
 *(.rodata*)
 .rodata.str1.4
                0x080098a4        0xc CMakeFiles/untitled.elf.dir/Core/Src/freertos.c.obj
 .rodata.defaultTask_attributes
                0x080098b0       0x24 CMakeFiles/untitled.elf.dir/Core/Src/freertos.c.obj
                0x080098b0                defaultTask_attributes
 .rodata.AHBPrescTable
                0x080098d4       0x10 CMakeFiles/untitled.elf.dir/Core/Src/system_stm32f4xx.c.obj
                0x080098d4                AHBPrescTable
 .rodata.APBPrescTable
                0x080098e4        0x8 CMakeFiles/untitled.elf.dir/Core/Src/system_stm32f4xx.c.obj
                0x080098e4                APBPrescTable
 .rodata.flagBitshiftOffset.0
                0x080098ec        0x8 CMakeFiles/untitled.elf.dir/Drivers/STM32F4xx_HAL_Driver/Src/stm32f4xx_hal_dma.c.obj
 .rodata.vTaskStartScheduler.str1.4
                0x080098f4        0x5 CMakeFiles/untitled.elf.dir/Middlewares/Third_Party/FreeRTOS/Source/tasks.c.obj
 *fill*         0x080098f9        0x3 
 .rodata.prvCheckForValidListAndQueue.str1.4
                0x080098fc        0x5 CMakeFiles/untitled.elf.dir/Middlewares/Third_Party/FreeRTOS/Source/timers.c.obj
 *fill*         0x08009901        0x3 
 .rodata.xTimerCreateTimerTask.str1.4
                0x08009904        0x8 CMakeFiles/untitled.elf.dir/Middlewares/Third_Party/FreeRTOS/Source/timers.c.obj
 .rodata.USBD_FS_ProductStrDescriptor.str1.4
                0x0800990c       0x16 CMakeFiles/untitled.elf.dir/USB_DEVICE/App/usbd_desc.c.obj
 *fill*         0x08009922        0x2 
 .rodata.USBD_FS_ManufacturerStrDescriptor.str1.4
                0x08009924       0x13 CMakeFiles/untitled.elf.dir/USB_DEVICE/App/usbd_desc.c.obj
 *fill*         0x08009937        0x1 
 .rodata.USBD_FS_ConfigStrDescriptor.str1.4
                0x08009938        0xb CMakeFiles/untitled.elf.dir/USB_DEVICE/App/usbd_desc.c.obj
 *fill*         0x08009943        0x1 
 .rodata.USBD_FS_InterfaceStrDescriptor.str1.4
                0x08009944        0xe CMakeFiles/untitled.elf.dir/USB_DEVICE/App/usbd_desc.c.obj
 *fill*         0x08009952        0x2 
 .rodata.Main.str1.4
                0x08009954       0x19 CMakeFiles/untitled.elf.dir/UserApp/main.cpp.obj
 *fill*         0x0800996d        0x3 
 .rodata._global_impure_ptr
                0x08009970        0x4 e:/clion_for_stm32/gun_arm_gcc/10 2021.10/bin/../lib/gcc/arm-none-eabi/10.3.1/../../../../arm-none-eabi/lib/thumb/v7e-m+fp/hard\libg.a(lib_a-impure.o)
                0x08009970                _global_impure_ptr
                0x08009974                . = ALIGN (0x4)

.ARM.extab      0x08009974       0x18
                0x08009974                . = ALIGN (0x4)
 *(.ARM.extab* .gnu.linkonce.armextab.*)
 .ARM.extab     0x08009974       0x18 e:/clion_for_stm32/gun_arm_gcc/10 2021.10/bin/../lib/gcc/arm-none-eabi/10.3.1/thumb/v7e-m+fp/hard\libgcc.a(pr-support.o)
                0x0800998c                . = ALIGN (0x4)

.ARM            0x0800998c       0xd0
                0x0800998c                . = ALIGN (0x4)
                0x0800998c                __exidx_start = .
 *(.ARM.exidx*)
 .ARM.exidx.text._Z26ThreadControlLoopFixUpdatePv
                0x08009a44        0x0 CMakeFiles/untitled.elf.dir/UserApp/main.cpp.obj
                                  0x8 (size before relaxing)
 .ARM.exidx.text._Z18user_freertos_initv
                0x08009a44        0x8 CMakeFiles/untitled.elf.dir/UserApp/main.cpp.obj
 .ARM.exidx.text.Main
                0x08009a4c       0x10 CMakeFiles/untitled.elf.dir/UserApp/main.cpp.obj
                                  0x8 (size before relaxing)
 .ARM.exidx     0x0800998c        0x8 e:/clion_for_stm32/gun_arm_gcc/10 2021.10/bin/../lib/gcc/arm-none-eabi/10.3.1/thumb/v7e-m+fp/hard\libgcc.a(_udivmoddi4.o)
 .ARM.exidx     0x08009994       0x78 e:/clion_for_stm32/gun_arm_gcc/10 2021.10/bin/../lib/gcc/arm-none-eabi/10.3.1/thumb/v7e-m+fp/hard\libgcc.a(unwind-arm.o)
                                 0xd8 (size before relaxing)
 .ARM.exidx     0x08009a0c       0x38 e:/clion_for_stm32/gun_arm_gcc/10 2021.10/bin/../lib/gcc/arm-none-eabi/10.3.1/thumb/v7e-m+fp/hard\libgcc.a(pr-support.o)
                0x08009a5c                __exidx_end = .