Component: ARM Compiler 5.06 update 5 (build 528) Tool: armlink [4d35e2]

==============================================================================

Section Cross References

    startup_stm32f405xx.o(STACK) refers (Special) to heapauxi.o(.text) for __use_two_region_memory
    startup_stm32f405xx.o(HEAP) refers (Special) to heapauxi.o(.text) for __use_two_region_memory
    startup_stm32f405xx.o(RESET) refers (Special) to heapauxi.o(.text) for __use_two_region_memory
    startup_stm32f405xx.o(RESET) refers to startup_stm32f405xx.o(STACK) for __initial_sp
    startup_stm32f405xx.o(RESET) refers to startup_stm32f405xx.o(.text) for Reset_Handler
    startup_stm32f405xx.o(RESET) refers to stm32f4xx_it.o(i.NMI_Handler) for NMI_Handler
    startup_stm32f405xx.o(RESET) refers to stm32f4xx_it.o(i.HardFault_Handler) for HardFault_Handler
    startup_stm32f405xx.o(RESET) refers to stm32f4xx_it.o(i.MemManage_Handler) for MemManage_Handler
    startup_stm32f405xx.o(RESET) refers to stm32f4xx_it.o(i.BusFault_Handler) for BusFault_Handler
    startup_stm32f405xx.o(RESET) refers to stm32f4xx_it.o(i.UsageFault_Handler) for UsageFault_Handler
    startup_stm32f405xx.o(RESET) refers to port.o(.emb_text) for SVC_Handler
    startup_stm32f405xx.o(RESET) refers to stm32f4xx_it.o(i.DebugMon_Handler) for DebugMon_Handler
    startup_stm32f405xx.o(RESET) refers to cmsis_os2.o(i.SysTick_Handler) for SysTick_Handler
    startup_stm32f405xx.o(RESET) refers to stm32f4xx_it.o(i.DMA1_Stream0_IRQHandler) for DMA1_Stream0_IRQHandler
    startup_stm32f405xx.o(RESET) refers to stm32f4xx_it.o(i.DMA1_Stream2_IRQHandler) for DMA1_Stream2_IRQHandler
    startup_stm32f405xx.o(RESET) refers to stm32f4xx_it.o(i.DMA1_Stream4_IRQHandler) for DMA1_Stream4_IRQHandler
    startup_stm32f405xx.o(RESET) refers to stm32f4xx_it.o(i.ADC_IRQHandler) for ADC_IRQHandler
    startup_stm32f405xx.o(RESET) refers to stm32f4xx_it.o(i.CAN1_TX_IRQHandler) for CAN1_TX_IRQHandler
    startup_stm32f405xx.o(RESET) refers to stm32f4xx_it.o(i.CAN1_RX0_IRQHandler) for CAN1_RX0_IRQHandler
    startup_stm32f405xx.o(RESET) refers to stm32f4xx_it.o(i.CAN1_RX1_IRQHandler) for CAN1_RX1_IRQHandler
    startup_stm32f405xx.o(RESET) refers to stm32f4xx_it.o(i.CAN1_SCE_IRQHandler) for CAN1_SCE_IRQHandler
    startup_stm32f405xx.o(RESET) refers to stm32f4xx_it.o(i.TIM1_UP_TIM10_IRQHandler) for TIM1_UP_TIM10_IRQHandler
    startup_stm32f405xx.o(RESET) refers to stm32f4xx_it.o(i.TIM2_IRQHandler) for TIM2_IRQHandler
    startup_stm32f405xx.o(RESET) refers to stm32f4xx_it.o(i.TIM3_IRQHandler) for TIM3_IRQHandler
    startup_stm32f405xx.o(RESET) refers to stm32f4xx_it.o(i.TIM8_UP_TIM13_IRQHandler) for TIM8_UP_TIM13_IRQHandler
    startup_stm32f405xx.o(RESET) refers to stm32f4xx_it.o(i.TIM8_TRG_COM_TIM14_IRQHandler) for TIM8_TRG_COM_TIM14_IRQHandler
    startup_stm32f405xx.o(RESET) refers to stm32f4xx_it.o(i.DMA1_Stream7_IRQHandler) for DMA1_Stream7_IRQHandler
    startup_stm32f405xx.o(RESET) refers to stm32f4xx_it.o(i.SPI3_IRQHandler) for SPI3_IRQHandler
    startup_stm32f405xx.o(RESET) refers to stm32f4xx_it.o(i.UART4_IRQHandler) for UART4_IRQHandler
    startup_stm32f405xx.o(RESET) refers to stm32f4xx_it.o(i.UART5_IRQHandler) for UART5_IRQHandler
    startup_stm32f405xx.o(RESET) refers to stm32f4xx_it.o(i.TIM6_DAC_IRQHandler) for TIM6_DAC_IRQHandler
    startup_stm32f405xx.o(RESET) refers to stm32f4xx_it.o(i.TIM7_IRQHandler) for TIM7_IRQHandler
    startup_stm32f405xx.o(RESET) refers to stm32f4xx_it.o(i.DMA2_Stream0_IRQHandler) for DMA2_Stream0_IRQHandler
    startup_stm32f405xx.o(RESET) refers to stm32f4xx_it.o(i.CAN2_TX_IRQHandler) for CAN2_TX_IRQHandler
    startup_stm32f405xx.o(RESET) refers to stm32f4xx_it.o(i.CAN2_RX0_IRQHandler) for CAN2_RX0_IRQHandler
    startup_stm32f405xx.o(RESET) refers to stm32f4xx_it.o(i.CAN2_RX1_IRQHandler) for CAN2_RX1_IRQHandler
    startup_stm32f405xx.o(RESET) refers to stm32f4xx_it.o(i.CAN2_SCE_IRQHandler) for CAN2_SCE_IRQHandler
    startup_stm32f405xx.o(RESET) refers to stm32f4xx_it.o(i.OTG_FS_IRQHandler) for OTG_FS_IRQHandler
    startup_stm32f405xx.o(.text) refers (Special) to heapauxi.o(.text) for __use_two_region_memory
    startup_stm32f405xx.o(.text) refers to system_stm32f4xx.o(i.SystemInit) for SystemInit
    startup_stm32f405xx.o(.text) refers to __main.o(!!!main) for __main
    startup_stm32f405xx.o(.text) refers to startup_stm32f405xx.o(HEAP) for Heap_Mem
    startup_stm32f405xx.o(.text) refers to startup_stm32f405xx.o(STACK) for Stack_Mem
    main.o(i.HAL_TIM_PeriodElapsedCallback) refers to stm32f4xx_hal.o(i.HAL_IncTick) for HAL_IncTick
    main.o(i.SystemClock_Config) refers to rt_memclr_w.o(.text) for __aeabi_memclr4
    main.o(i.SystemClock_Config) refers to stm32f4xx_hal_rcc.o(i.HAL_RCC_OscConfig) for HAL_RCC_OscConfig
    main.o(i.SystemClock_Config) refers to stm32f4xx_hal_rcc.o(i.HAL_RCC_ClockConfig) for HAL_RCC_ClockConfig
    main.o(i.main) refers to stm32f4xx_hal.o(i.HAL_Init) for HAL_Init
[...]
    HAL_CAN_RxFifo1MsgPendingCallback        0x080010ff   Thumb Code     2  stm32f4xx_hal_can.o(i.HAL_CAN_RxFifo1MsgPendingCallback)
    HAL_CAN_SleepCallback                    0x08001101   Thumb Code     2  stm32f4xx_hal_can.o(i.HAL_CAN_SleepCallback)
    HAL_CAN_TxMailbox0AbortCallback          0x08001103   Thumb Code     2  stm32f4xx_hal_can.o(i.HAL_CAN_TxMailbox0AbortCallback)
    HAL_CAN_TxMailbox0CompleteCallback       0x08001105   Thumb Code     2  stm32f4xx_hal_can.o(i.HAL_CAN_TxMailbox0CompleteCallback)
    HAL_CAN_TxMailbox1AbortCallback          0x08001107   Thumb Code     2  stm32f4xx_hal_can.o(i.HAL_CAN_TxMailbox1AbortCallback)
    HAL_CAN_TxMailbox1CompleteCallback       0x08001109   Thumb Code     2  stm32f4xx_hal_can.o(i.HAL_CAN_TxMailbox1CompleteCallback)
    HAL_CAN_TxMailbox2AbortCallback          0x0800110b   Thumb Code     2  stm32f4xx_hal_can.o(i.HAL_CAN_TxMailbox2AbortCallback)
    HAL_CAN_TxMailbox2CompleteCallback       0x0800110d   Thumb Code     2  stm32f4xx_hal_can.o(i.HAL_CAN_TxMailbox2CompleteCallback)
    HAL_CAN_WakeUpFromRxMsgCallback          0x0800110f   Thumb Code     2  stm32f4xx_hal_can.o(i.HAL_CAN_WakeUpFromRxMsgCallback)
    HAL_DMA_Abort                            0x08001111   Thumb Code   146  stm32f4xx_hal_dma.o(i.HAL_DMA_Abort)
    HAL_DMA_Abort_IT                         0x080011a3   Thumb Code    36  stm32f4xx_hal_dma.o(i.HAL_DMA_Abort_IT)
    HAL_DMA_IRQHandler                       0x080011c9   Thumb Code   412  stm32f4xx_hal_dma.o(i.HAL_DMA_IRQHandler)
    HAL_DMA_Init                             0x08001369   Thumb Code   206  stm32f4xx_hal_dma.o(i.HAL_DMA_Init)
    HAL_Delay                                0x0800143d   Thumb Code    32  stm32f4xx_hal.o(i.HAL_Delay)
    HAL_GPIO_Init                            0x08001461   Thumb Code   450  stm32f4xx_hal_gpio.o(i.HAL_GPIO_Init)
    HAL_GetTick                              0x08001651   Thumb Code     6  stm32f4xx_hal.o(i.HAL_GetTick)
    HAL_I2C_Init                             0x0800165d   Thumb Code   376  stm32f4xx_hal_i2c.o(i.HAL_I2C_Init)
    HAL_I2C_MspInit                          0x080017e5   Thumb Code   252  i2c.o(i.HAL_I2C_MspInit)
    HAL_IncTick                              0x080018fd   Thumb Code    12  stm32f4xx_hal.o(i.HAL_IncTick)
    HAL_Init                                 0x0800190d   Thumb Code    48  stm32f4xx_hal.o(i.HAL_Init)
    HAL_InitTick                             0x08001941   Thumb Code   132  stm32f4xx_hal_timebase_tim.o(i.HAL_InitTick)
    HAL_MspInit                              0x080019d9   Thumb Code    52  stm32f4xx_hal_msp.o(i.HAL_MspInit)
    HAL_NVIC_EnableIRQ                       0x08001a11   Thumb Code    26  stm32f4xx_hal_cortex.o(i.HAL_NVIC_EnableIRQ)
    HAL_NVIC_SetPriority                     0x08001a2d   Thumb Code    60  stm32f4xx_hal_cortex.o(i.HAL_NVIC_SetPriority)
    HAL_NVIC_SetPriorityGrouping             0x08001a6d   Thumb Code    26  stm32f4xx_hal_cortex.o(i.HAL_NVIC_SetPriorityGrouping)
    HAL_PCDEx_LPM_Callback                   0x08001a91   Thumb Code     2  stm32f4xx_hal_pcd_ex.o(i.HAL_PCDEx_LPM_Callback)
    HAL_PCDEx_SetRxFiFo                      0x08001a93   Thumb Code     8  stm32f4xx_hal_pcd_ex.o(i.HAL_PCDEx_SetRxFiFo)
    HAL_PCDEx_SetTxFiFo                      0x08001a9b   Thumb Code    68  stm32f4xx_hal_pcd_ex.o(i.HAL_PCDEx_SetTxFiFo)
    HAL_PCD_ConnectCallback                  0x08001adf   Thumb Code     8  usbd_conf.o(i.HAL_PCD_ConnectCallback)
    HAL_PCD_DataInStageCallback              0x08001ae7   Thumb Code    18  usbd_conf.o(i.HAL_PCD_DataInStageCallback)
    HAL_PCD_DataOutStageCallback             0x08001af9   Thumb Code    20  usbd_conf.o(i.HAL_PCD_DataOutStageCallback)
    HAL_PCD_DisconnectCallback               0x08001b0d   Thumb Code     8  usbd_conf.o(i.HAL_PCD_DisconnectCallback)
    HAL_PCD_EP_Abort                         0x08001b15   Thumb Code    30  stm32f4xx_hal_pcd.o(i.HAL_PCD_EP_Abort)
    HAL_PCD_EP_Close                         0x08001b33   Thumb Code    74  stm32f4xx_hal_pcd.o(i.HAL_PCD_EP_Close)
    HAL_PCD_EP_ClrStall                      0x08001b7d   Thumb Code    90  stm32f4xx_hal_pcd.o(i.HAL_PCD_EP_ClrStall)
    HAL_PCD_EP_GetRxCount                    0x08001bd7   Thumb Code    18  stm32f4xx_hal_pcd.o(i.HAL_PCD_EP_GetRxCount)
    HAL_PCD_EP_Open                          0x08001be9   Thumb Code    98  stm32f4xx_hal_pcd.o(i.HAL_PCD_EP_Open)
    HAL_PCD_EP_Receive                       0x08001c4b   Thumb Code    56  stm32f4xx_hal_pcd.o(i.HAL_PCD_EP_Receive)
    HAL_PCD_EP_SetStall                      0x08001c83   Thumb Code   114  stm32f4xx_hal_pcd.o(i.HAL_PCD_EP_SetStall)
    HAL_PCD_EP_Transmit                      0x08001cf5   Thumb Code    50  stm32f4xx_hal_pcd.o(i.HAL_PCD_EP_Transmit)
    HAL_PCD_IRQHandler                       0x08001d29   Thumb Code  1372  stm32f4xx_hal_pcd.o(i.HAL_PCD_IRQHandler)
    HAL_PCD_ISOINIncompleteCallback          0x08002285   Thumb Code     8  usbd_conf.o(i.HAL_PCD_ISOINIncompleteCallback)
    HAL_PCD_ISOOUTIncompleteCallback         0x0800228d   Thumb Code     8  usbd_conf.o(i.HAL_PCD_ISOOUTIncompleteCallback)
    HAL_PCD_Init                             0x08002295   Thumb Code   204  stm32f4xx_hal_pcd.o(i.HAL_PCD_Init)
    HAL_PCD_MspInit                          0x08002361   Thumb Code   122  usbd_conf.o(i.HAL_PCD_MspInit)
    HAL_PCD_ResetCallback                    0x080023e5   Thumb Code    44  usbd_conf.o(i.HAL_PCD_ResetCallback)
    HAL_PCD_ResumeCallback                   0x08002411   Thumb Code     8  usbd_conf.o(i.HAL_PCD_ResumeCallback)
    HAL_PCD_SOFCallback                      0x08002419   Thumb Code     8  usbd_conf.o(i.HAL_PCD_SOFCallback)
    HAL_PCD_SetAddress                       0x08002421   Thumb Code    38  stm32f4xx_hal_pcd.o(i.HAL_PCD_SetAddress)
    HAL_PCD_SetupStageCallback               0x08002447   Thumb Code    14  usbd_conf.o(i.HAL_PCD_SetupStageCallback)
    HAL_PCD_Start                            0x08002455   Thumb Code    66  stm32f4xx_hal_pcd.o(i.HAL_PCD_Start)
    HAL_PCD_SuspendCallback                  0x08002499   Thumb Code    44  usbd_conf.o(i.HAL_PCD_SuspendCallback)
    HAL_RCC_ClockConfig                      0x080024c9   Thumb Code   288  stm32f4xx_hal_rcc.o(i.HAL_RCC_ClockConfig)
    HAL_RCC_GetClockConfig                   0x080025fd   Thumb Code    54  stm32f4xx_hal_rcc.o(i.HAL_RCC_GetClockConfig)
    HAL_RCC_GetHCLKFreq                      0x0800263d   Thumb Code     6  stm32f4xx_hal_rcc.o(i.HAL_RCC_GetHCLKFreq)
    HAL_RCC_GetPCLK1Freq                     0x08002649   Thumb Code    20  stm32f4xx_hal_rcc.o(i.HAL_RCC_GetPCLK1Freq)
    HAL_RCC_GetPCLK2Freq                     0x08002669   Thumb Code    20  stm32f4xx_hal_rcc.o(i.HAL_RCC_GetPCLK2Freq)
    HAL_RCC_GetSysClockFreq                  0x08002689   Thumb Code    88  stm32f4xx_hal_rcc.o(i.HAL_RCC_GetSysClockFreq)
    HAL_RCC_OscConfig                        0x080026e9   Thumb Code   856  stm32f4xx_hal_rcc.o(i.HAL_RCC_OscConfig)
    HAL_SPI_ErrorCallback                    0x08002a55   Thumb Code     2  stm32f4xx_hal_spi.o(i.HAL_SPI_ErrorCallback)
    HAL_SPI_IRQHandler                       0x08002a59   Thumb Code   246  stm32f4xx_hal_spi.o(i.HAL_SPI_IRQHandler)
    HAL_SPI_Init                             0x08002b55   Thumb Code   188  stm32f4xx_hal_spi.o(i.HAL_SPI_Init)
    HAL_SPI_MspInit                          0x08002c11   Thumb Code   212  spi.o(i.HAL_SPI_MspInit)
    HAL_TIMEx_BreakCallback                  0x08002cfd   Thumb Code     2  stm32f4xx_hal_tim_ex.o(i.HAL_TIMEx_BreakCallback)
    HAL_TIMEx_CommutCallback                 0x08002cff   Thumb Code     2  stm32f4xx_hal_tim_ex.o(i.HAL_TIMEx_CommutCallback)
    HAL_TIMEx_MasterConfigSynchronization    0x08002d01   Thumb Code   116  stm32f4xx_hal_tim_ex.o(i.HAL_TIMEx_MasterConfigSynchronization)
    HAL_TIM_Base_Init                        0x08002d91   Thumb Code    90  stm32f4xx_hal_tim.o(i.HAL_TIM_Base_Init)
    HAL_TIM_Base_MspInit                     0x08002ded   Thumb Code   184  tim.o(i.HAL_TIM_Base_MspInit)
    HAL_TIM_Base_Start_IT                    0x08002ebd   Thumb Code   100  stm32f4xx_hal_tim.o(i.HAL_TIM_Base_Start_IT)
    HAL_TIM_Encoder_Init                     0x08002f3d   Thumb Code   164  stm32f4xx_hal_tim.o(i.HAL_TIM_Encoder_Init)
    HAL_TIM_Encoder_MspInit                  0x08002fe1   Thumb Code   218  tim.o(i.HAL_TIM_Encoder_MspInit)
    HAL_TIM_IC_CaptureCallback               0x080030d1   Thumb Code     2  stm32f4xx_hal_tim.o(i.HAL_TIM_IC_CaptureCallback)
    HAL_TIM_IRQHandler                       0x080030d3   Thumb Code   304  stm32f4xx_hal_tim.o(i.HAL_TIM_IRQHandler)
    HAL_TIM_MspPostInit                      0x08003205   Thumb Code   112  tim.o(i.HAL_TIM_MspPostInit)
    HAL_TIM_OC_DelayElapsedCallback          0x08003289   Thumb Code     2  stm32f4xx_hal_tim.o(i.HAL_TIM_OC_DelayElapsedCallback)
    HAL_TIM_PWM_ConfigChannel                0x0800328b   Thumb Code   204  stm32f4xx_hal_tim.o(i.HAL_TIM_PWM_ConfigChannel)
    HAL_TIM_PWM_Init                         0x08003357   Thumb Code    90  stm32f4xx_hal_tim.o(i.HAL_TIM_PWM_Init)
    HAL_TIM_PWM_MspInit                      0x080033b1   Thumb Code    56  tim.o(i.HAL_TIM_PWM_MspInit)
    HAL_TIM_PWM_PulseFinishedCallback        0x080033f5   Thumb Code     2  stm32f4xx_hal_tim.o(i.HAL_TIM_PWM_PulseFinishedCallback)
    HAL_TIM_PeriodElapsedCallback            0x080033f9   Thumb Code    14  main.o(i.HAL_TIM_PeriodElapsedCallback)
    HAL_TIM_TriggerCallback                  0x0800340d   Thumb Code     2  stm32f4xx_hal_tim.o(i.HAL_TIM_TriggerCallback)
    HAL_UARTEx_RxEventCallback               0x0800340f   Thumb Code     2  stm32f4xx_hal_uart.o(i.HAL_UARTEx_RxEventCallback)
    HAL_UART_ErrorCallback                   0x08003411   Thumb Code     2  stm32f4xx_hal_uart.o(i.HAL_UART_ErrorCallback)
    HAL_UART_IRQHandler                      0x08003415   Thumb Code   618  stm32f4xx_hal_uart.o(i.HAL_UART_IRQHandler)
    HAL_UART_Init                            0x08003685   Thumb Code   100  stm32f4xx_hal_uart.o(i.HAL_UART_Init)
    HAL_UART_MspInit                         0x080036e9   Thumb Code   496  usart.o(i.HAL_UART_MspInit)
    HAL_UART_RxCpltCallback                  0x08003901   Thumb Code     2  stm32f4xx_hal_uart.o(i.HAL_UART_RxCpltCallback)
    HAL_UART_TxCpltCallback                  0x08003903   Thumb Code     2  stm32f4xx_hal_uart.o(i.HAL_UART_TxCpltCallback)
    HardFault_Handler                        0x08003905   Thumb Code     2  stm32f4xx_it.o(i.HardFault_Handler)
    MX_ADC1_Init                             0x08003941   Thumb Code   198  adc.o(i.MX_ADC1_Init)
    MX_CAN1_Init                             0x08003a15   Thumb Code    60  can.o(i.MX_CAN1_Init)
    MX_CAN2_Init                             0x08003a59   Thumb Code    60  can.o(i.MX_CAN2_Init)
    MX_DMA_Init                              0x08003a9d   Thumb Code   120  dma.o(i.MX_DMA_Init)
    MX_FREERTOS_Init                         0x08003b19   Thumb Code    18  freertos.o(i.MX_FREERTOS_Init)
    MX_GPIO_Init                             0x08003b39   Thumb Code    86  gpio.o(i.MX_GPIO_Init)
    MX_I2C1_Init                             0x08003b95   Thumb Code    50  i2c.o(i.MX_I2C1_Init)
    MX_I2C2_Init                             0x08003bd5   Thumb Code    50  i2c.o(i.MX_I2C2_Init)
    MX_I2C3_Init                             0x08003c15   Thumb Code    50  i2c.o(i.MX_I2C3_Init)
    MX_SPI1_Init                             0x08003c55   Thumb Code    60  spi.o(i.MX_SPI1_Init)
    MX_SPI3_Init                             0x08003c99   Thumb Code    60  spi.o(i.MX_SPI3_Init)
    MX_TIM10_Init                            0x08003cdd   Thumb Code    46  tim.o(i.MX_TIM10_Init)
    MX_TIM11_Init                            0x08003d15   Thumb Code    42  tim.o(i.MX_TIM11_Init)
    MX_TIM12_Init                            0x08003d49   Thumb Code    98  tim.o(i.MX_TIM12_Init)
    MX_TIM13_Init                            0x08003db5   Thumb Code    44  tim.o(i.MX_TIM13_Init)
    MX_TIM14_Init                            0x08003de9   Thumb Code    44  tim.o(i.MX_TIM14_Init)
    MX_TIM2_Init                             0x08003e1d   Thumb Code   102  tim.o(i.MX_TIM2_Init)
    MX_TIM3_Init                             0x08003e89   Thumb Code   100  tim.o(i.MX_TIM3_Init)
    MX_TIM7_Init                             0x08003ef5   Thumb Code    62  tim.o(i.MX_TIM7_Init)
    MX_TIM9_Init                             0x08003f3d   Thumb Code    98  tim.o(i.MX_TIM9_Init)
    MX_UART4_Init                            0x08003fa9   Thumb Code    48  usart.o(i.MX_UART4_Init)
    MX_UART5_Init                            0x08003fe1   Thumb Code    48  usart.o(i.MX_UART5_Init)
    MX_USART1_UART_Init                      0x08004019   Thumb Code    48  usart.o(i.MX_USART1_UART_Init)
    MX_USB_DEVICE_Init                       0x08004051   Thumb Code    66  usb_device.o(i.MX_USB_DEVICE_Init)
    MemManage_Handler                        0x080040a5   Thumb Code     2  stm32f4xx_it.o(i.MemManage_Handler)
    NMI_Handler                              0x080040a7   Thumb Code     2  stm32f4xx_it.o(i.NMI_Handler)
    OTG_FS_IRQHandler                        0x080040a9   Thumb Code     6  stm32f4xx_it.o(i.OTG_FS_IRQHandler)
    SPI3_IRQHandler                          0x08004225   Thumb Code     6  stm32f4xx_it.o(i.SPI3_IRQHandler)
    StartDefaultTask                         0x0800424b   Thumb Code    12  freertos.o(i.StartDefaultTask)
    SysTick_Handler                          0x08004257   Thumb Code    26  cmsis_os2.o(i.SysTick_Handler)
    SystemClock_Config                       0x08004271   Thumb Code   140  main.o(i.SystemClock_Config)
    SystemInit                               0x08004305   Thumb Code    12  system_stm32f4xx.o(i.SystemInit)
    TIM1_UP_TIM10_IRQHandler                 0x08004315   Thumb Code     6  stm32f4xx_it.o(i.TIM1_UP_TIM10_IRQHandler)
    TIM2_IRQHandler                          0x08004321   Thumb Code     6  stm32f4xx_it.o(i.TIM2_IRQHandler)
    TIM3_IRQHandler                          0x0800432d   Thumb Code     6  stm32f4xx_it.o(i.TIM3_IRQHandler)
    TIM6_DAC_IRQHandler                      0x08004339   Thumb Code     6  stm32f4xx_it.o(i.TIM6_DAC_IRQHandler)
    TIM7_IRQHandler                          0x08004345   Thumb Code     6  stm32f4xx_it.o(i.TIM7_IRQHandler)
    TIM8_TRG_COM_TIM14_IRQHandler            0x08004351   Thumb Code     6  stm32f4xx_it.o(i.TIM8_TRG_COM_TIM14_IRQHandler)
    TIM8_UP_TIM13_IRQHandler                 0x0800435d   Thumb Code     6  stm32f4xx_it.o(i.TIM8_UP_TIM13_IRQHandler)
    TIM_Base_SetConfig                       0x08004369   Thumb Code   170  stm32f4xx_hal_tim.o(i.TIM_Base_SetConfig)
    TIM_OC2_SetConfig                        0x080044a1   Thumb Code    98  stm32f4xx_hal_tim.o(i.TIM_OC2_SetConfig)
    UART4_IRQHandler                         0x080045c5   Thumb Code     6  stm32f4xx_it.o(i.UART4_IRQHandler)
    UART5_IRQHandler                         0x080045d1   Thumb Code     6  stm32f4xx_it.o(i.UART5_IRQHandler)
    USBD_CDC_GetDeviceQualifierDescriptor    0x08004985   Thumb Code     8  usbd_cdc.o(i.USBD_CDC_GetDeviceQualifierDescriptor)
    USBD_CDC_ReceivePacket                   0x08004b61   Thumb Code    50  usbd_cdc.o(i.USBD_CDC_ReceivePacket)
    USBD_CDC_RegisterInterface               0x08004b99   Thumb Code    22  usbd_cdc.o(i.USBD_CDC_RegisterInterface)
    USBD_CDC_SetRxBuffer                     0x08004baf   Thumb Code    26  usbd_cdc.o(i.USBD_CDC_SetRxBuffer)
    USBD_CDC_SetTxBuffer                     0x08004bc9   Thumb Code    30  usbd_cdc.o(i.USBD_CDC_SetTxBuffer)
    USBD_ClrClassConfig                      0x08004cbb   Thumb Code    20  usbd_core.o(i.USBD_ClrClassConfig)
    USBD_CoreFindEP                          0x08004ccf   Thumb Code     4  usbd_core.o(i.USBD_CoreFindEP)
    USBD_CoreFindIF                          0x08004cd3   Thumb Code     4  usbd_core.o(i.USBD_CoreFindIF)
    USBD_CtlContinueRx                       0x08004cd7   Thumb Code    16  usbd_ioreq.o(i.USBD_CtlContinueRx)
    USBD_CtlContinueSendData                 0x08004ce7   Thumb Code    16  usbd_ioreq.o(i.USBD_CtlContinueSendData)
    USBD_CtlError                            0x08004cf7   Thumb Code    22  usbd_ctlreq.o(i.USBD_CtlError)
    USBD_CtlPrepareRx                        0x08004d0d   Thumb Code    30  usbd_ioreq.o(i.USBD_CtlPrepareRx)
    USBD_CtlReceiveStatus                    0x08004d2b   Thumb Code    22  usbd_ioreq.o(i.USBD_CtlReceiveStatus)
    USBD_CtlSendData                         0x08004d41   Thumb Code    26  usbd_ioreq.o(i.USBD_CtlSendData)
    USBD_CtlSendStatus                       0x08004d5b   Thumb Code    22  usbd_ioreq.o(i.USBD_CtlSendStatus)
    USBD_FS_ConfigStrDescriptor              0x08004d71   Thumb Code    16  usbd_desc.o(i.USBD_FS_ConfigStrDescriptor)
    USBD_FS_DeviceDescriptor                 0x08004d91   Thumb Code     8  usbd_desc.o(i.USBD_FS_DeviceDescriptor)
    USBD_FS_InterfaceStrDescriptor           0x08004d9d   Thumb Code    16  usbd_desc.o(i.USBD_FS_InterfaceStrDescriptor)
    USBD_FS_LangIDStrDescriptor              0x08004dc1   Thumb Code     8  usbd_desc.o(i.USBD_FS_LangIDStrDescriptor)
    USBD_FS_ManufacturerStrDescriptor        0x08004dcd   Thumb Code    16  usbd_desc.o(i.USBD_FS_ManufacturerStrDescriptor)
    USBD_FS_ProductStrDescriptor             0x08004df5   Thumb Code    16  usbd_desc.o(i.USBD_FS_ProductStrDescriptor)
    USBD_FS_SerialStrDescriptor              0x08004e21   Thumb Code    48  usbd_desc.o(i.USBD_FS_SerialStrDescriptor)
    USBD_GetEpDesc                           0x08004f3f   Thumb Code    58  usbd_core.o(i.USBD_GetEpDesc)
    USBD_GetNextDesc                         0x08004f8d   Thumb Code    14  usbd_core.o(i.USBD_GetNextDesc)
    USBD_GetString                           0x08004f9b   Thumb Code    78  usbd_ctlreq.o(i.USBD_GetString)
    USBD_Get_USB_Status                      0x08004fe9   Thumb Code    24  usbd_conf.o(i.USBD_Get_USB_Status)
    USBD_Init                                0x08005001   Thumb Code    38  usbd_core.o(i.USBD_Init)
    USBD_LL_ClearStallEP                     0x08005027   Thumb Code    18  usbd_conf.o(i.USBD_LL_ClearStallEP)
    USBD_LL_CloseEP                          0x08005039   Thumb Code    18  usbd_conf.o(i.USBD_LL_CloseEP)
    USBD_LL_DataInStage                      0x0800504b   Thumb Code   182  usbd_core.o(i.USBD_LL_DataInStage)
    USBD_LL_DataOutStage                     0x08005101   Thumb Code   142  usbd_core.o(i.USBD_LL_DataOutStage)
    USBD_LL_DevConnected                     0x0800518f   Thumb Code     4  usbd_core.o(i.USBD_LL_DevConnected)
    USBD_LL_DevDisconnected                  0x08005193   Thumb Code    30  usbd_core.o(i.USBD_LL_DevDisconnected)
    USBD_LL_GetRxDataSize                    0x080051b1   Thumb Code     8  usbd_conf.o(i.USBD_LL_GetRxDataSize)
    USBD_LL_Init                             0x080051b9   Thumb Code    90  usbd_conf.o(i.USBD_LL_Init)
    USBD_LL_IsStallEP                        0x08005219   Thumb Code    30  usbd_conf.o(i.USBD_LL_IsStallEP)
    USBD_LL_IsoINIncomplete                  0x08005237   Thumb Code    40  usbd_core.o(i.USBD_LL_IsoINIncomplete)
    USBD_LL_IsoOUTIncomplete                 0x0800525f   Thumb Code    40  usbd_core.o(i.USBD_LL_IsoOUTIncomplete)
    USBD_LL_OpenEP                           0x08005287   Thumb Code    24  usbd_conf.o(i.USBD_LL_OpenEP)
    USBD_LL_PrepareReceive                   0x0800529f   Thumb Code    18  usbd_conf.o(i.USBD_LL_PrepareReceive)
    USBD_LL_Reset                            0x080052b1   Thumb Code    92  usbd_core.o(i.USBD_LL_Reset)
    USBD_LL_Resume                           0x0800530d   Thumb Code    20  usbd_core.o(i.USBD_LL_Resume)
    USBD_LL_SOF                              0x08005321   Thumb Code    26  usbd_core.o(i.USBD_LL_SOF)
    USBD_LL_SetSpeed                         0x0800533b   Thumb Code     6  usbd_core.o(i.USBD_LL_SetSpeed)
    USBD_LL_SetUSBAddress                    0x08005341   Thumb Code    18  usbd_conf.o(i.USBD_LL_SetUSBAddress)
    USBD_LL_SetupStage                       0x08005353   Thumb Code    96  usbd_core.o(i.USBD_LL_SetupStage)
    USBD_LL_StallEP                          0x080053b3   Thumb Code    18  usbd_conf.o(i.USBD_LL_StallEP)
    USBD_LL_Start                            0x080053c5   Thumb Code    18  usbd_conf.o(i.USBD_LL_Start)
    USBD_LL_Suspend                          0x080053d7   Thumb Code    26  usbd_core.o(i.USBD_LL_Suspend)
    USBD_LL_Transmit                         0x080053f1   Thumb Code    18  usbd_conf.o(i.USBD_LL_Transmit)
    USBD_ParseSetupRequest                   0x08005403   Thumb Code    44  usbd_ctlreq.o(i.USBD_ParseSetupRequest)
    USBD_RegisterClass                       0x0800542f   Thumb Code    58  usbd_core.o(i.USBD_RegisterClass)
    USBD_SetClassConfig                      0x08005469   Thumb Code    20  usbd_core.o(i.USBD_SetClassConfig)
    USBD_Start                               0x08005535   Thumb Code     4  usbd_core.o(i.USBD_Start)
    USBD_StdDevReq                           0x08005539   Thumb Code   300  usbd_ctlreq.o(i.USBD_StdDevReq)
    USBD_StdEPReq                            0x08005665   Thumb Code   352  usbd_ctlreq.o(i.USBD_StdEPReq)
    USBD_StdItfReq                           0x080057c5   Thumb Code   114  usbd_ctlreq.o(i.USBD_StdItfReq)
    USBD_static_free                         0x08005837   Thumb Code     2  usbd_conf.o(i.USBD_static_free)
    USBD_static_malloc                       0x08005839   Thumb Code     4  usbd_conf.o(i.USBD_static_malloc)
    USB_ActivateEndpoint                     0x08005841   Thumb Code   122  stm32f4xx_ll_usb.o(i.USB_ActivateEndpoint)
    USB_ActivateSetup                        0x080058c1   Thumb Code    28  stm32f4xx_ll_usb.o(i.USB_ActivateSetup)
    USB_CoreInit                             0x080058dd   Thumb Code   126  stm32f4xx_ll_usb.o(i.USB_CoreInit)
    USB_DeactivateEndpoint                   0x0800599d   Thumb Code   194  stm32f4xx_ll_usb.o(i.USB_DeactivateEndpoint)
    USB_DevConnect                           0x08005a69   Thumb Code    28  stm32f4xx_ll_usb.o(i.USB_DevConnect)
    USB_DevDisconnect                        0x08005a85   Thumb Code    28  stm32f4xx_ll_usb.o(i.USB_DevDisconnect)
    USB_DevInit                              0x08005aa1   Thumb Code   370  stm32f4xx_ll_usb.o(i.USB_DevInit)
    USB_DisableGlobalInt                     0x08005c1d   Thumb Code    12  stm32f4xx_ll_usb.o(i.USB_DisableGlobalInt)
    USB_EP0_OutStart                         0x08005c29   Thumb Code    84  stm32f4xx_ll_usb.o(i.USB_EP0_OutStart)
    USB_EPClearStall                         0x08005c81   Thumb Code    88  stm32f4xx_ll_usb.o(i.USB_EPClearStall)
    USB_EPSetStall                           0x08005cd9   Thumb Code    88  stm32f4xx_ll_usb.o(i.USB_EPSetStall)
    USB_EPStartXfer                          0x08005d31   Thumb Code   562  stm32f4xx_ll_usb.o(i.USB_EPStartXfer)
    USB_EPStopXfer                           0x08005f69   Thumb Code   158  stm32f4xx_ll_usb.o(i.USB_EPStopXfer)
    USB_EnableGlobalInt                      0x08006007   Thumb Code    12  stm32f4xx_ll_usb.o(i.USB_EnableGlobalInt)
    USB_FlushRxFifo                          0x08006013   Thumb Code    56  stm32f4xx_ll_usb.o(i.USB_FlushRxFifo)
    USB_FlushTxFifo                          0x0800604b   Thumb Code    60  stm32f4xx_ll_usb.o(i.USB_FlushTxFifo)
    USB_GetDevSpeed                          0x08006087   Thumb Code    26  stm32f4xx_ll_usb.o(i.USB_GetDevSpeed)
    USB_GetMode                              0x080060a1   Thumb Code     8  stm32f4xx_ll_usb.o(i.USB_GetMode)
    USB_ReadDevAllInEpInterrupt              0x080060a9   Thumb Code    14  stm32f4xx_ll_usb.o(i.USB_ReadDevAllInEpInterrupt)
    USB_ReadDevAllOutEpInterrupt             0x080060b7   Thumb Code    14  stm32f4xx_ll_usb.o(i.USB_ReadDevAllOutEpInterrupt)
    USB_ReadDevInEPInterrupt                 0x080060c5   Thumb Code    36  stm32f4xx_ll_usb.o(i.USB_ReadDevInEPInterrupt)
    USB_ReadDevOutEPInterrupt                0x080060e9   Thumb Code    16  stm32f4xx_ll_usb.o(i.USB_ReadDevOutEPInterrupt)
    USB_ReadInterrupts                       0x080060f9   Thumb Code     8  stm32f4xx_ll_usb.o(i.USB_ReadInterrupts)
    USB_ReadPacket                           0x08006101   Thumb Code    62  stm32f4xx_ll_usb.o(i.USB_ReadPacket)
    USB_SetCurrentMode                       0x0800613f   Thumb Code    92  stm32f4xx_ll_usb.o(i.USB_SetCurrentMode)
    USB_SetDevAddress                        0x0800619b   Thumb Code    34  stm32f4xx_ll_usb.o(i.USB_SetDevAddress)
    USB_SetTurnaroundTime                    0x080061bd   Thumb Code   158  stm32f4xx_ll_usb.o(i.USB_SetTurnaroundTime)
    USB_WritePacket                          0x080062a5   Thumb Code    40  stm32f4xx_ll_usb.o(i.USB_WritePacket)
    UsageFault_Handler                       0x080062cd   Thumb Code     2  stm32f4xx_it.o(i.UsageFault_Handler)
    main                                     0x080062ef   Thumb Code   110  main.o(i.main)
    osDelay                                  0x0800635d   Thumb Code    26  cmsis_os2.o(i.osDelay)
    osKernelInitialize                       0x08006379   Thumb Code    32  cmsis_os2.o(i.osKernelInitialize)
    osKernelStart                            0x0800639d   Thumb Code    48  cmsis_os2.o(i.osKernelStart)
    osThreadNew                              0x080063d5   Thumb Code   138  cmsis_os2.o(i.osThreadNew)
    pvPortMalloc                             0x08006bf5   Thumb Code   216  heap_4.o(i.pvPortMalloc)
    pxPortInitialiseStack                    0x08006cd1   Thumb Code    40  port.o(i.pxPortInitialiseStack)
    uxListRemove                             0x08006cfd   Thumb Code    38  list.o(i.uxListRemove)
    vApplicationGetIdleTaskMemory            0x08006d25   Thumb Code    16  cmsis_os2.o(i.vApplicationGetIdleTaskMemory)
    vApplicationGetTimerTaskMemory           0x08006d39   Thumb Code    18  cmsis_os2.o(i.vApplicationGetTimerTaskMemory)
    vListInitialise                          0x08006d51   Thumb Code    22  list.o(i.vListInitialise)
    vListInitialiseItem                      0x08006d67   Thumb Code     6  list.o(i.vListInitialiseItem)
    vListInsert                              0x08006d6d   Thumb Code    48  list.o(i.vListInsert)
    vListInsertEnd                           0x08006d9d   Thumb Code    24  list.o(i.vListInsertEnd)
    vPortEnterCritical                       0x08006db5   Thumb Code    54  port.o(i.vPortEnterCritical)
    vPortExitCritical                        0x08006df5   Thumb Code    34  port.o(i.vPortExitCritical)
    vPortFree                                0x08006e1d   Thumb Code    94  heap_4.o(i.vPortFree)
    vPortSetupTimerInterrupt                 0x08006e81   Thumb Code    32  port.o(i.vPortSetupTimerInterrupt)
    vPortValidateInterruptPriority           0x08006ea5   Thumb Code    74  port.o(i.vPortValidateInterruptPriority)
    vQueueAddToRegistry                      0x08006ef9   Thumb Code    34  queue.o(i.vQueueAddToRegistry)
    vQueueWaitForMessageRestricted           0x08006f21   Thumb Code    68  queue.o(i.vQueueWaitForMessageRestricted)
    vTaskDelay                               0x08006f65   Thumb Code    66  tasks.o(i.vTaskDelay)
    vTaskInternalSetTimeOutState             0x08006fb1   Thumb Code    12  tasks.o(i.vTaskInternalSetTimeOutState)
    vTaskMissedYield                         0x08006fc1   Thumb Code     8  tasks.o(i.vTaskMissedYield)
    vTaskPlaceOnEventList                    0x08006fcd   Thumb Code    44  tasks.o(i.vTaskPlaceOnEventList)
    vTaskPlaceOnEventListRestricted          0x08006ffd   Thumb Code    52  tasks.o(i.vTaskPlaceOnEventListRestricted)
    vTaskStartScheduler                      0x08007035   Thumb Code   118  tasks.o(i.vTaskStartScheduler)
    vTaskSuspendAll                          0x080070bd   Thumb Code    10  tasks.o(i.vTaskSuspendAll)
    vTaskSwitchContext                       0x080070cd   Thumb Code    90  tasks.o(i.vTaskSwitchContext)
    xPortStartScheduler                      0x08007131   Thumb Code   222  port.o(i.xPortStartScheduler)
    xPortSysTickHandler                      0x08007225   Thumb Code    38  port.o(i.xPortSysTickHandler)
    xQueueGenericCreateStatic                0x08007251   Thumb Code   102  queue.o(i.xQueueGenericCreateStatic)
    xQueueGenericReset                       0x080072b9   Thumb Code   132  queue.o(i.xQueueGenericReset)
    xQueueGenericSend                        0x08007341   Thumb Code   346  queue.o(i.xQueueGenericSend)
    xQueueGenericSendFromISR                 0x080074a1   Thumb Code   190  queue.o(i.xQueueGenericSendFromISR)
    xQueueReceive                            0x08007561   Thumb Code   308  queue.o(i.xQueueReceive)
    xTaskCheckForTimeOut                     0x08007699   Thumb Code   112  tasks.o(i.xTaskCheckForTimeOut)
    xTaskCreate                              0x0800770d   Thumb Code    90  tasks.o(i.xTaskCreate)
    xTaskCreateStatic                        0x08007767   Thumb Code    86  tasks.o(i.xTaskCreateStatic)
    xTaskGetSchedulerState                   0x080077bd   Thumb Code    22  tasks.o(i.xTaskGetSchedulerState)
    xTaskGetTickCount                        0x080077d9   Thumb Code     6  tasks.o(i.xTaskGetTickCount)
    xTaskIncrementTick                       0x080077e5   Thumb Code   192  tasks.o(i.xTaskIncrementTick)
    xTaskPriorityDisinherit                  0x080078ad   Thumb Code   118  tasks.o(i.xTaskPriorityDisinherit)
    xTaskRemoveFromEventList                 0x0800792d   Thumb Code    98  tasks.o(i.xTaskRemoveFromEventList)
    xTaskResumeAll                           0x0800799d   Thumb Code   182  tasks.o(i.xTaskResumeAll)
    xTimerCreateTimerTask                    0x08007a61   Thumb Code    78  timers.o(i.xTimerCreateTimerTask)
    xTimerGenericCommand                     0x08007ac1   Thumb Code    98  timers.o(i.xTimerGenericCommand)
    _fp_init                                 0x08007b29   Thumb Code    10  fpinit.o(x$fpl$fpinit)
    __fplib_config_fpu_vfp                   0x08007b31   Thumb Code     0  fpinit.o(x$fpl$fpinit)
    __fplib_config_pureend_doubles           0x08007b31   Thumb Code     0  fpinit.o(x$fpl$fpinit)
    defaultTask_attributes                   0x08007b34   Data          36  freertos.o(.constdata)
    AHBPrescTable                            0x08007b60   Data          16  system_stm32f4xx.o(.constdata)
    APBPrescTable                            0x08007b70   Data           8  system_stm32f4xx.o(.constdata)
    Region$$Table$$Base                      0x08007b84   Number         0  anon$$obj.o(Region$$Table)
    Region$$Table$$Limit                     0x08007ba4   Number         0  anon$$obj.o(Region$$Table)
    defaultTaskHandle                        0x20000000   Data           4  freertos.o(.data)
    FS_Desc                                  0x20000008   Data          28  usbd_desc.o(.data)
    USBD_LangIDDesc                          0x20000024   Data           4  usbd_desc.o(.data)
    USBD_FS_DeviceDesc                       0x20000028   Data          18  usbd_desc.o(.data)
    USBD_StringSerial                        0x2000003c   Data          26  usbd_desc.o(.data)
    USBD_Interface_fops_FS                   0x20000058   Data          20  usbd_cdc_if.o(.data)
    uwTickFreq                               0x2000006c   Data           1  stm32f4xx_hal.o(.data)
    uwTickPrio                               0x20000070   Data           4  stm32f4xx_hal.o(.data)
    uwTick                                   0x20000074   Data           4  stm32f4xx_hal.o(.data)
    SystemCoreClock                          0x20000078   Data           4  system_stm32f4xx.o(.data)
    pxCurrentTCB                             0x2000007c   Data           4  tasks.o(.data)
    USBD_CDC                                 0x20000154   Data          56  usbd_cdc.o(.data)
    hadc1                                    0x2000018c   Data          72  adc.o(.bss)
    hdma_adc1                                0x200001d4   Data          96  adc.o(.bss)
    hcan1                                    0x20000234   Data          40  can.o(.bss)
    hcan2                                    0x2000025c   Data          40  can.o(.bss)
    hi2c1                                    0x20000284   Data          84  i2c.o(.bss)
    hi2c2                                    0x200002d8   Data          84  i2c.o(.bss)
    hi2c3                                    0x2000032c   Data          84  i2c.o(.bss)
    hspi1                                    0x20000380   Data          88  spi.o(.bss)
    hspi3                                    0x200003d8   Data          88  spi.o(.bss)
    htim2                                    0x20000430   Data          72  tim.o(.bss)
    htim3                                    0x20000478   Data          72  tim.o(.bss)
    htim7                                    0x200004c0   Data          72  tim.o(.bss)
    htim9                                    0x20000508   Data          72  tim.o(.bss)
    htim10                                   0x20000550   Data          72  tim.o(.bss)
    htim11                                   0x20000598   Data          72  tim.o(.bss)
    htim12                                   0x200005e0   Data          72  tim.o(.bss)
    htim13                                   0x20000628   Data          72  tim.o(.bss)
    htim14                                   0x20000670   Data          72  tim.o(.bss)
    huart4                                   0x200006b8   Data          72  usart.o(.bss)
    huart5                                   0x20000700   Data          72  usart.o(.bss)
    huart1                                   0x20000748   Data          72  usart.o(.bss)
    hdma_uart4_rx                            0x20000790   Data          96  usart.o(.bss)
    hdma_uart4_tx                            0x200007f0   Data          96  usart.o(.bss)
    hdma_uart5_rx                            0x20000850   Data          96  usart.o(.bss)
    hdma_uart5_tx                            0x200008b0   Data          96  usart.o(.bss)
    htim6                                    0x20000910   Data          72  stm32f4xx_hal_timebase_tim.o(.bss)
    hUsbDeviceFS                             0x20000958   Data         732  usb_device.o(.bss)
    USBD_StrDesc                             0x20000c34   Data         512  usbd_desc.o(.bss)
    UserRxBufferFS                           0x20000e34   Data        2048  usbd_cdc_if.o(.bss)
    UserTxBufferFS                           0x20001634   Data        2048  usbd_cdc_if.o(.bss)
    hpcd_USB_OTG_FS                          0x20002054   Data        1252  usbd_conf.o(.bss)
    xQueueRegistry                           0x20002538   Data          64  queue.o(.bss)
    __libspace_start                         0x2001320c   Data          96  libspace.o(.bss)
    __temporary_stack_top$libspace           0x2001326c   Data           0  libspace.o(.bss)



==============================================================================

Memory Map of the image

  Image Entry point : 0x08000189

  Load Region LR_IROM1 (Base: 0x08000000, Size: 0x00007d30, Max: 0x00100000, ABSOLUTE, COMPRESSED[0x00007c64])

    Execution Region ER_IROM1 (Exec base: 0x08000000, Load base: 0x08000000, Size: 0x00007ba4, Max: 0x00100000, ABSOLUTE)

    Exec Addr    Load Addr    Size         Type   Attr      Idx    E Section Name        Object

    0x08000000   0x08000000   0x00000188   Data   RO            3    RESET               startup_stm32f405xx.o
    0x08000188   0x08000188   0x00000008   Code   RO         7961  * !!!main             c_w.l(__main.o)
    0x08000190   0x08000190   0x00000034   Code   RO         8134    !!!scatter          c_w.l(__scatter.o)
    0x080001c4   0x080001c4   0x0000005a   Code   RO         8132    !!dczerorl2         c_w.l(__dczerorl2.o)
    0x0800021e   0x0800021e   0x00000002   PAD
    0x08000220   0x08000220   0x0000001c   Code   RO         8136    !!handler_zi        c_w.l(__scatter_zi.o)
    0x0800023c   0x0800023c   0x00000002   Code   RO         8002    .ARM.Collect$$libinit$$00000000  c_w.l(libinit.o)
    0x0800023e   0x0800023e   0x00000004   Code   RO         8014    .ARM.Collect$$libinit$$00000001  c_w.l(libinit2.o)
    0x08000242   0x08000242   0x00000000   Code   RO         8017    .ARM.Collect$$libinit$$00000004  c_w.l(libinit2.o)
    0x08000242   0x08000242   0x00000000   Code   RO         8020    .ARM.Collect$$libinit$$0000000A  c_w.l(libinit2.o)
    0x08000242   0x08000242   0x00000000   Code   RO         8022    .ARM.Collect$$libinit$$0000000C  c_w.l(libinit2.o)
    0x08000242   0x08000242   0x00000000   Code   RO         8024    .ARM.Collect$$libinit$$0000000E  c_w.l(libinit2.o)
    0x08000242   0x08000242   0x00000000   Code   RO         8027    .ARM.Collect$$libinit$$00000011  c_w.l(libinit2.o)
    0x08000242   0x08000242   0x00000000   Code   RO         8029    .ARM.Collect$$libinit$$00000013  c_w.l(libinit2.o)
    0x08000242   0x08000242   0x00000000   Code   RO         8031    .ARM.Collect$$libinit$$00000015  c_w.l(libinit2.o)
    0x08000242   0x08000242   0x00000000   Code   RO         8033    .ARM.Collect$$libinit$$00000017  c_w.l(libinit2.o)
    0x08000242   0x08000242   0x00000000   Code   RO         8035    .ARM.Collect$$libinit$$00000019  c_w.l(libinit2.o)
    0x08000242   0x08000242   0x00000000   Code   RO         8037    .ARM.Collect$$libinit$$0000001B  c_w.l(libinit2.o)
    0x08000242   0x08000242   0x00000000   Code   RO         8039    .ARM.Collect$$libinit$$0000001D  c_w.l(libinit2.o)
    0x08000242   0x08000242   0x00000000   Code   RO         8041    .ARM.Collect$$libinit$$0000001F  c_w.l(libinit2.o)
    0x08000242   0x08000242   0x00000000   Code   RO         8043    .ARM.Collect$$libinit$$00000021  c_w.l(libinit2.o)
    0x08000242   0x08000242   0x00000000   Code   RO         8045    .ARM.Collect$$libinit$$00000023  c_w.l(libinit2.o)
    0x08000242   0x08000242   0x00000000   Code   RO         8047    .ARM.Collect$$libinit$$00000025  c_w.l(libinit2.o)
    0x08000242   0x08000242   0x00000000   Code   RO         8051    .ARM.Collect$$libinit$$0000002C  c_w.l(libinit2.o)
    0x08000242   0x08000242   0x00000000   Code   RO         8053    .ARM.Collect$$libinit$$0000002E  c_w.l(libinit2.o)
    0x08000242   0x08000242   0x00000000   Code   RO         8055    .ARM.Collect$$libinit$$00000030  c_w.l(libinit2.o)
    0x08000242   0x08000242   0x00000000   Code   RO         8057    .ARM.Collect$$libinit$$00000032  c_w.l(libinit2.o)
    0x08000242   0x08000242   0x00000002   Code   RO         8058    .ARM.Collect$$libinit$$00000033  c_w.l(libinit2.o)
    0x08000244   0x08000244   0x00000002   Code   RO         8089    .ARM.Collect$$libshutdown$$00000000  c_w.l(libshutdown.o)
    0x08000246   0x08000246   0x00000000   Code   RO         8115    .ARM.Collect$$libshutdown$$00000002  c_w.l(libshutdown2.o)
    0x08000246   0x08000246   0x00000000   Code   RO         8117    .ARM.Collect$$libshutdown$$00000004  c_w.l(libshutdown2.o)
    0x08000246   0x08000246   0x00000000   Code   RO         8120    .ARM.Collect$$libshutdown$$00000007  c_w.l(libshutdown2.o)
    0x08000246   0x08000246   0x00000000   Code   RO         8123    .ARM.Collect$$libshutdown$$0000000A  c_w.l(libshutdown2.o)
    0x08000246   0x08000246   0x00000000   Code   RO         8125    .ARM.Collect$$libshutdown$$0000000C  c_w.l(libshutdown2.o)
    0x08000246   0x08000246   0x00000000   Code   RO         8128    .ARM.Collect$$libshutdown$$0000000F  c_w.l(libshutdown2.o)
    0x08000246   0x08000246   0x00000002   Code   RO         8129    .ARM.Collect$$libshutdown$$00000010  c_w.l(libshutdown2.o)
    0x08000248   0x08000248   0x00000000   Code   RO         7963    .ARM.Collect$$rtentry$$00000000  c_w.l(__rtentry.o)
    0x08000248   0x08000248   0x00000000   Code   RO         7973    .ARM.Collect$$rtentry$$00000002  c_w.l(__rtentry2.o)
    0x08000248   0x08000248   0x00000006   Code   RO         7985    .ARM.Collect$$rtentry$$00000004  c_w.l(__rtentry4.o)
    0x0800024e   0x0800024e   0x00000000   Code   RO         7975    .ARM.Collect$$rtentry$$00000009  c_w.l(__rtentry2.o)
    0x0800024e   0x0800024e   0x00000004   Code   RO         7976    .ARM.Collect$$rtentry$$0000000A  c_w.l(__rtentry2.o)
    0x08000252   0x08000252   0x00000000   Code   RO         7978    .ARM.Collect$$rtentry$$0000000C  c_w.l(__rtentry2.o)
    0x08000252   0x08000252   0x00000008   Code   RO         7979    .ARM.Collect$$rtentry$$0000000D  c_w.l(__rtentry2.o)
    0x0800025a   0x0800025a   0x00000002   Code   RO         8006    .ARM.Collect$$rtexit$$00000000  c_w.l(rtexit.o)
    0x0800025c   0x0800025c   0x00000000   Code   RO         8062    .ARM.Collect$$rtexit$$00000002  c_w.l(rtexit2.o)
    0x0800025c   0x0800025c   0x00000004   Code   RO         8063    .ARM.Collect$$rtexit$$00000003  c_w.l(rtexit2.o)
    0x08000260   0x08000260   0x00000006   Code   RO         8064    .ARM.Collect$$rtexit$$00000004  c_w.l(rtexit2.o)
    0x08000266   0x08000266   0x00000002   PAD
    0x08000268   0x08000268   0x000000be   Code   RO         7467    .emb_text           port.o
    0x08000326   0x08000326   0x00000002   PAD
    0x08000328   0x08000328   0x00000040   Code   RO            4    .text               startup_stm32f405xx.o
    0x08000368   0x08000368   0x000000ee   Code   RO         7949    .text               c_w.l(lludivv7m.o)
    0x08000456   0x08000456   0x0000008a   Code   RO         7951    .text               c_w.l(rt_memcpy_v6.o)
    0x080004e0   0x080004e0   0x00000010   Code   RO         7955    .text               c_w.l(aeabi_memset.o)
    0x080004f0   0x080004f0   0x0000004e   Code   RO         7957    .text               c_w.l(rt_memclr_w.o)
    0x0800053e   0x0800053e   0x00000006   Code   RO         7959    .text               c_w.l(heapauxi.o)
    0x08000544   0x08000544   0x00000064   Code   RO         7968    .text               c_w.l(rt_memcpy_w.o)
    0x080005a8   0x080005a8   0x00000044   Code   RO         7970    .text               c_w.l(rt_memclr.o)
    0x080005ec   0x080005ec   0x0000004a   Code   RO         7989    .text               c_w.l(sys_stackheap_outer.o)
    0x08000636   0x08000636   0x00000012   Code   RO         7991    .text               c_w.l(exit.o)
    0x08000648   0x08000648   0x00000008   Code   RO         8003    .text               c_w.l(libspace.o)
    0x08000650   0x08000650   0x0000000c   Code   RO         8059    .text               c_w.l(sys_exit.o)
    0x0800065c   0x0800065c   0x00000002   Code   RO         8078    .text               c_w.l(use_no_semi.o)
    0x0800065e   0x0800065e   0x00000000   Code   RO         8080    .text               c_w.l(indicate_semi.o)
    0x0800065e   0x0800065e   0x00000002   PAD
    0x08000660   0x08000660   0x0000000c   Code   RO          722    i.ADC_IRQHandler    stm32f4xx_it.o
    0x0800066c   0x0800066c   0x00000128   Code   RO         4102    i.ADC_Init          stm32f4xx_hal_adc.o
    0x08000794   0x08000794   0x00000002   Code   RO          723    i.BusFault_Handler  stm32f4xx_it.o
    0x08000796   0x08000796   0x00000002   PAD
    0x08000798   0x08000798   0x0000000c   Code   RO          724    i.CAN1_RX0_IRQHandler  stm32f4xx_it.o
    0x080007a4   0x080007a4   0x0000000c   Code   RO          725    i.CAN1_RX1_IRQHandler  stm32f4xx_it.o
    0x080007b0   0x080007b0   0x0000000c   Code   RO          726    i.CAN1_SCE_IRQHandler  stm32f4xx_it.o
    0x080007bc   0x080007bc   0x0000000c   Code   RO          727    i.CAN1_TX_IRQHandler  stm32f4xx_it.o
    0x080007c8   0x080007c8   0x0000000c   Code   RO          728    i.CAN2_RX0_IRQHandler  stm32f4xx_it.o
    0x080007d4   0x080007d4   0x0000000c   Code   RO          729    i.CAN2_RX1_IRQHandler  stm32f4xx_it.o
    0x080007e0   0x080007e0   0x0000000c   Code   RO          730    i.CAN2_SCE_IRQHandler  stm32f4xx_it.o
    0x080007ec   0x080007ec   0x0000000c   Code   RO          731    i.CAN2_TX_IRQHandler  stm32f4xx_it.o
    0x080007f8   0x080007f8   0x00000004   Code   RO         1127    i.CDC_Control_FS    usbd_cdc_if.o
    0x080007fc   0x080007fc   0x00000004   Code   RO         1128    i.CDC_DeInit_FS     usbd_cdc_if.o
    0x08000800   0x08000800   0x00000024   Code   RO         1129    i.CDC_Init_FS       usbd_cdc_if.o
    0x08000824   0x08000824   0x00000018   Code   RO         1130    i.CDC_Receive_FS    usbd_cdc_if.o
    0x0800083c   0x0800083c   0x00000004   Code   RO         1131    i.CDC_TransmitCplt_FS  usbd_cdc_if.o
    0x08000840   0x08000840   0x0000000c   Code   RO          732    i.DMA1_Stream0_IRQHandler  stm32f4xx_it.o
    0x0800084c   0x0800084c   0x0000000c   Code   RO          733    i.DMA1_Stream2_IRQHandler  stm32f4xx_it.o
    0x08000858   0x08000858   0x0000000c   Code   RO          734    i.DMA1_Stream4_IRQHandler  stm32f4xx_it.o
    0x08000864   0x08000864   0x0000000c   Code   RO          735    i.DMA1_Stream7_IRQHandler  stm32f4xx_it.o
    0x08000870   0x08000870   0x0000000c   Code   RO          736    i.DMA2_Stream0_IRQHandler  stm32f4xx_it.o
    0x0800087c   0x0800087c   0x00000028   Code   RO         3408    i.DMA_CalcBaseAndBitshift  stm32f4xx_hal_dma.o
    0x080008a4   0x080008a4   0x00000054   Code   RO         3409    i.DMA_CheckFifoParam  stm32f4xx_hal_dma.o
    0x080008f8   0x080008f8   0x00000002   Code   RO          737    i.DebugMon_Handler  stm32f4xx_it.o
    0x080008fa   0x080008fa   0x00000004   Code   RO           13    i.Error_Handler     main.o
    0x080008fe   0x080008fe   0x00000002   Code   RO         4273    i.HAL_ADCEx_InjectedConvCpltCallback  stm32f4xx_hal_adc_ex.o
    0x08000900   0x08000900   0x0000014c   Code   RO         4104    i.HAL_ADC_ConfigChannel  stm32f4xx_hal_adc.o
    0x08000a4c   0x08000a4c   0x00000002   Code   RO         4105    i.HAL_ADC_ConvCpltCallback  stm32f4xx_hal_adc.o
    0x08000a4e   0x08000a4e   0x00000002   Code   RO         4108    i.HAL_ADC_ErrorCallback  stm32f4xx_hal_adc.o
    0x08000a50   0x08000a50   0x0000012e   Code   RO         4112    i.HAL_ADC_IRQHandler  stm32f4xx_hal_adc.o
    0x08000b7e   0x08000b7e   0x00000054   Code   RO         4113    i.HAL_ADC_Init      stm32f4xx_hal_adc.o
    0x08000bd2   0x08000bd2   0x00000002   Code   RO         4114    i.HAL_ADC_LevelOutOfWindowCallback  stm32f4xx_hal_adc.o
    0x08000bd4   0x08000bd4   0x000000a8   Code   RO          332    i.HAL_ADC_MspInit   adc.o
    0x08000c7c   0x08000c7c   0x00000002   Code   RO         4383    i.HAL_CAN_ErrorCallback  stm32f4xx_hal_can.o
    0x08000c7e   0x08000c7e   0x000001fc   Code   RO         4390    i.HAL_CAN_IRQHandler  stm32f4xx_hal_can.o
    0x08000e7a   0x08000e7a   0x0000011a   Code   RO         4391    i.HAL_CAN_Init      stm32f4xx_hal_can.o
    0x08000f94   0x08000f94   0x00000164   Code   RO          374    i.HAL_CAN_MspInit   can.o
    0x080010f8   0x080010f8   0x00000002   Code   RO         4398    i.HAL_CAN_RxFifo0FullCallback  stm32f4xx_hal_can.o
    0x080010fa   0x080010fa   0x00000002   Code   RO         4399    i.HAL_CAN_RxFifo0MsgPendingCallback  stm32f4xx_hal_can.o
    0x080010fc   0x080010fc   0x00000002   Code   RO         4400    i.HAL_CAN_RxFifo1FullCallback  stm32f4xx_hal_can.o
    0x080010fe   0x080010fe   0x00000002   Code   RO         4401    i.HAL_CAN_RxFifo1MsgPendingCallback  stm32f4xx_hal_can.o
    0x08001100   0x08001100   0x00000002   Code   RO         4402    i.HAL_CAN_SleepCallback  stm32f4xx_hal_can.o
    0x08001102   0x08001102   0x00000002   Code   RO         4405    i.HAL_CAN_TxMailbox0AbortCallback  stm32f4xx_hal_can.o
    0x08001104   0x08001104   0x00000002   Code   RO         4406    i.HAL_CAN_TxMailbox0CompleteCallback  stm32f4xx_hal_can.o
    0x08001106   0x08001106   0x00000002   Code   RO         4407    i.HAL_CAN_TxMailbox1AbortCallback  stm32f4xx_hal_can.o
    0x08001108   0x08001108   0x00000002   Code   RO         4408    i.HAL_CAN_TxMailbox1CompleteCallback  stm32f4xx_hal_can.o
    0x0800110a   0x0800110a   0x00000002   Code   RO         4409    i.HAL_CAN_TxMailbox2AbortCallback  stm32f4xx_hal_can.o
    0x0800110c   0x0800110c   0x00000002   Code   RO         4410    i.HAL_CAN_TxMailbox2CompleteCallback  stm32f4xx_hal_can.o
    0x0800110e   0x0800110e   0x00000002   Code   RO         4412    i.HAL_CAN_WakeUpFromRxMsgCallback  stm32f4xx_hal_can.o
    0x08001110   0x08001110   0x00000092   Code   RO         3411    i.HAL_DMA_Abort     stm32f4xx_hal_dma.o
    0x080011a2   0x080011a2   0x00000024   Code   RO         3412    i.HAL_DMA_Abort_IT  stm32f4xx_hal_dma.o
    0x080011c6   0x080011c6   0x00000002   PAD
    0x080011c8   0x080011c8   0x000001a0   Code   RO         3416    i.HAL_DMA_IRQHandler  stm32f4xx_hal_dma.o
    0x08001368   0x08001368   0x000000d4   Code   RO         3417    i.HAL_DMA_Init      stm32f4xx_hal_dma.o
    0x0800143c   0x0800143c   0x00000024   Code   RO         3848    i.HAL_Delay         stm32f4xx_hal.o
    0x08001460   0x08001460   0x000001f0   Code   RO         3304    i.HAL_GPIO_Init     stm32f4xx_hal_gpio.o
    0x08001650   0x08001650   0x0000000c   Code   RO         3854    i.HAL_GetTick       stm32f4xx_hal.o
    0x0800165c   0x0800165c   0x00000188   Code   RO         4622    i.HAL_I2C_Init      stm32f4xx_hal_i2c.o
    0x080017e4   0x080017e4   0x00000118   Code   RO          447    i.HAL_I2C_MspInit   i2c.o
    0x080018fc   0x080018fc   0x00000010   Code   RO         3860    i.HAL_IncTick       stm32f4xx_hal.o
    0x0800190c   0x0800190c   0x00000034   Code   RO         3861    i.HAL_Init          stm32f4xx_hal.o
    0x08001940   0x08001940   0x00000098   Code   RO          954    i.HAL_InitTick      stm32f4xx_hal_timebase_tim.o
    0x080019d8   0x080019d8   0x00000038   Code   RO          930    i.HAL_MspInit       stm32f4xx_hal_msp.o
    0x08001a10   0x08001a10   0x0000001a   Code   RO         3696    i.HAL_NVIC_EnableIRQ  stm32f4xx_hal_cortex.o
    0x08001a2a   0x08001a2a   0x00000002   PAD
    0x08001a2c   0x08001a2c   0x00000040   Code   RO         3702    i.HAL_NVIC_SetPriority  stm32f4xx_hal_cortex.o
    0x08001a6c   0x08001a6c   0x00000024   Code   RO         3703    i.HAL_NVIC_SetPriorityGrouping  stm32f4xx_hal_cortex.o
    0x08001a90   0x08001a90   0x00000002   Code   RO         2603    i.HAL_PCDEx_LPM_Callback  stm32f4xx_hal_pcd_ex.o
    0x08001a92   0x08001a92   0x00000008   Code   RO         2604    i.HAL_PCDEx_SetRxFiFo  stm32f4xx_hal_pcd_ex.o
    0x08001a9a   0x08001a9a   0x00000044   Code   RO         2605    i.HAL_PCDEx_SetTxFiFo  stm32f4xx_hal_pcd_ex.o
    0x08001ade   0x08001ade   0x00000008   Code   RO         1184    i.HAL_PCD_ConnectCallback  usbd_conf.o
    0x08001ae6   0x08001ae6   0x00000012   Code   RO         1185    i.HAL_PCD_DataInStageCallback  usbd_conf.o
    0x08001af8   0x08001af8   0x00000014   Code   RO         1186    i.HAL_PCD_DataOutStageCallback  usbd_conf.o
    0x08001b0c   0x08001b0c   0x00000008   Code   RO         1187    i.HAL_PCD_DisconnectCallback  usbd_conf.o
    0x08001b14   0x08001b14   0x0000001e   Code   RO         2373    i.HAL_PCD_EP_Abort  stm32f4xx_hal_pcd.o
    0x08001b32   0x08001b32   0x0000004a   Code   RO         2374    i.HAL_PCD_EP_Close  stm32f4xx_hal_pcd.o
    0x08001b7c   0x08001b7c   0x0000005a   Code   RO         2375    i.HAL_PCD_EP_ClrStall  stm32f4xx_hal_pcd.o
    0x08001bd6   0x08001bd6   0x00000012   Code   RO         2377    i.HAL_PCD_EP_GetRxCount  stm32f4xx_hal_pcd.o
    0x08001be8   0x08001be8   0x00000062   Code   RO         2378    i.HAL_PCD_EP_Open   stm32f4xx_hal_pcd.o
    0x08001c4a   0x08001c4a   0x00000038   Code   RO         2379    i.HAL_PCD_EP_Receive  stm32f4xx_hal_pcd.o
    0x08001c82   0x08001c82   0x00000072   Code   RO         2380    i.HAL_PCD_EP_SetStall  stm32f4xx_hal_pcd.o
    0x08001cf4   0x08001cf4   0x00000032   Code   RO         2381    i.HAL_PCD_EP_Transmit  stm32f4xx_hal_pcd.o
    0x08001d26   0x08001d26   0x00000002   PAD
    0x08001d28   0x08001d28   0x0000055c   Code   RO         2383    i.HAL_PCD_IRQHandler  stm32f4xx_hal_pcd.o
    0x08002284   0x08002284   0x00000008   Code   RO         1188    i.HAL_PCD_ISOINIncompleteCallback  usbd_conf.o
    0x0800228c   0x0800228c   0x00000008   Code   RO         1189    i.HAL_PCD_ISOOUTIncompleteCallback  usbd_conf.o
    0x08002294   0x08002294   0x000000cc   Code   RO         2386    i.HAL_PCD_Init      stm32f4xx_hal_pcd.o
    0x08002360   0x08002360   0x00000084   Code   RO         1191    i.HAL_PCD_MspInit   usbd_conf.o
    0x080023e4   0x080023e4   0x0000002c   Code   RO         1192    i.HAL_PCD_ResetCallback  usbd_conf.o
    0x08002410   0x08002410   0x00000008   Code   RO         1193    i.HAL_PCD_ResumeCallback  usbd_conf.o
    0x08002418   0x08002418   0x00000008   Code   RO         1194    i.HAL_PCD_SOFCallback  usbd_conf.o
    0x08002420   0x08002420   0x00000026   Code   RO         2392    i.HAL_PCD_SetAddress  stm32f4xx_hal_pcd.o
    0x08002446   0x08002446   0x0000000e   Code   RO         1195    i.HAL_PCD_SetupStageCallback  usbd_conf.o
    0x08002454   0x08002454   0x00000042   Code   RO         2395    i.HAL_PCD_Start     stm32f4xx_hal_pcd.o
    0x08002496   0x08002496   0x00000002   PAD
    0x08002498   0x08002498   0x00000030   Code   RO         1196    i.HAL_PCD_SuspendCallback  usbd_conf.o
    0x080024c8   0x080024c8   0x00000134   Code   RO         2950    i.HAL_RCC_ClockConfig  stm32f4xx_hal_rcc.o
    0x080025fc   0x080025fc   0x00000040   Code   RO         2954    i.HAL_RCC_GetClockConfig  stm32f4xx_hal_rcc.o
    0x0800263c   0x0800263c   0x0000000c   Code   RO         2955    i.HAL_RCC_GetHCLKFreq  stm32f4xx_hal_rcc.o
    0x08002648   0x08002648   0x00000020   Code   RO         2957    i.HAL_RCC_GetPCLK1Freq  stm32f4xx_hal_rcc.o
    0x08002668   0x08002668   0x00000020   Code   RO         2958    i.HAL_RCC_GetPCLK2Freq  stm32f4xx_hal_rcc.o
    0x08002688   0x08002688   0x00000060   Code   RO         2959    i.HAL_RCC_GetSysClockFreq  stm32f4xx_hal_rcc.o
    0x080026e8   0x080026e8   0x0000036c   Code   RO         2962    i.HAL_RCC_OscConfig  stm32f4xx_hal_rcc.o
    0x08002a54   0x08002a54   0x00000002   Code   RO         5073    i.HAL_SPI_ErrorCallback  stm32f4xx_hal_spi.o
    0x08002a56   0x08002a56   0x00000002   PAD
    0x08002a58   0x08002a58   0x000000fc   Code   RO         5076    i.HAL_SPI_IRQHandler  stm32f4xx_hal_spi.o
    0x08002b54   0x08002b54   0x000000bc   Code   RO         5077    i.HAL_SPI_Init      stm32f4xx_hal_spi.o
    0x08002c10   0x08002c10   0x000000ec   Code   RO          501    i.HAL_SPI_MspInit   spi.o
    0x08002cfc   0x08002cfc   0x00000002   Code   RO         2097    i.HAL_TIMEx_BreakCallback  stm32f4xx_hal_tim_ex.o
    0x08002cfe   0x08002cfe   0x00000002   Code   RO         2098    i.HAL_TIMEx_CommutCallback  stm32f4xx_hal_tim_ex.o
    0x08002d00   0x08002d00   0x00000090   Code   RO         2116    i.HAL_TIMEx_MasterConfigSynchronization  stm32f4xx_hal_tim_ex.o
    0x08002d90   0x08002d90   0x0000005a   Code   RO         1393    i.HAL_TIM_Base_Init  stm32f4xx_hal_tim.o
    0x08002dea   0x08002dea   0x00000002   PAD
    0x08002dec   0x08002dec   0x000000d0   Code   RO          549    i.HAL_TIM_Base_MspInit  tim.o
    0x08002ebc   0x08002ebc   0x00000080   Code   RO         1398    i.HAL_TIM_Base_Start_IT  stm32f4xx_hal_tim.o
    0x08002f3c   0x08002f3c   0x000000a4   Code   RO         1414    i.HAL_TIM_Encoder_Init  stm32f4xx_hal_tim.o
    0x08002fe0   0x08002fe0   0x000000f0   Code   RO          551    i.HAL_TIM_Encoder_MspInit  tim.o
    0x080030d0   0x080030d0   0x00000002   Code   RO         1427    i.HAL_TIM_IC_CaptureCallback  stm32f4xx_hal_tim.o
    0x080030d2   0x080030d2   0x00000130   Code   RO         1441    i.HAL_TIM_IRQHandler  stm32f4xx_hal_tim.o
    0x08003202   0x08003202   0x00000002   PAD
    0x08003204   0x08003204   0x00000084   Code   RO          552    i.HAL_TIM_MspPostInit  tim.o
    0x08003288   0x08003288   0x00000002   Code   RO         1444    i.HAL_TIM_OC_DelayElapsedCallback  stm32f4xx_hal_tim.o
    0x0800328a   0x0800328a   0x000000cc   Code   RO         1465    i.HAL_TIM_PWM_ConfigChannel  stm32f4xx_hal_tim.o
    0x08003356   0x08003356   0x0000005a   Code   RO         1468    i.HAL_TIM_PWM_Init  stm32f4xx_hal_tim.o
    0x080033b0   0x080033b0   0x00000044   Code   RO          554    i.HAL_TIM_PWM_MspInit  tim.o
    0x080033f4   0x080033f4   0x00000002   Code   RO         1471    i.HAL_TIM_PWM_PulseFinishedCallback  stm32f4xx_hal_tim.o
    0x080033f6   0x080033f6   0x00000002   PAD
    0x080033f8   0x080033f8   0x00000014   Code   RO           14    i.HAL_TIM_PeriodElapsedCallback  main.o
    0x0800340c   0x0800340c   0x00000002   Code   RO         1484    i.HAL_TIM_TriggerCallback  stm32f4xx_hal_tim.o
    0x0800340e   0x0800340e   0x00000002   Code   RO         5400    i.HAL_UARTEx_RxEventCallback  stm32f4xx_hal_uart.o
    0x08003410   0x08003410   0x00000002   Code   RO         5414    i.HAL_UART_ErrorCallback  stm32f4xx_hal_uart.o
    0x08003412   0x08003412   0x00000002   PAD
    0x08003414   0x08003414   0x00000270   Code   RO         5417    i.HAL_UART_IRQHandler  stm32f4xx_hal_uart.o
    0x08003684   0x08003684   0x00000064   Code   RO         5418    i.HAL_UART_Init     stm32f4xx_hal_uart.o
    0x080036e8   0x080036e8   0x00000218   Code   RO          669    i.HAL_UART_MspInit  usart.o
    0x08003900   0x08003900   0x00000002   Code   RO         5424    i.HAL_UART_RxCpltCallback  stm32f4xx_hal_uart.o
    0x08003902   0x08003902   0x00000002   Code   RO         5429    i.HAL_UART_TxCpltCallback  stm32f4xx_hal_uart.o
    0x08003904   0x08003904   0x00000002   Code   RO          738    i.HardFault_Handler  stm32f4xx_it.o
    0x08003906   0x08003906   0x00000002   PAD
    0x08003908   0x08003908   0x00000038   Code   RO         1041    i.IntToUnicode      usbd_desc.o
    0x08003940   0x08003940   0x000000d4   Code   RO          333    i.MX_ADC1_Init      adc.o
    0x08003a14   0x08003a14   0x00000044   Code   RO          375    i.MX_CAN1_Init      can.o
    0x08003a58   0x08003a58   0x00000044   Code   RO          376    i.MX_CAN2_Init      can.o
    0x08003a9c   0x08003a9c   0x0000007c   Code   RO          422    i.MX_DMA_Init       dma.o
    0x08003b18   0x08003b18   0x00000020   Code   RO          288    i.MX_FREERTOS_Init  freertos.o
    0x08003b38   0x08003b38   0x0000005c   Code   RO          264    i.MX_GPIO_Init      gpio.o
    0x08003b94   0x08003b94   0x00000040   Code   RO          448    i.MX_I2C1_Init      i2c.o
    0x08003bd4   0x08003bd4   0x00000040   Code   RO          449    i.MX_I2C2_Init      i2c.o
    0x08003c14   0x08003c14   0x00000040   Code   RO          450    i.MX_I2C3_Init      i2c.o
    0x08003c54   0x08003c54   0x00000044   Code   RO          502    i.MX_SPI1_Init      spi.o
    0x08003c98   0x08003c98   0x00000044   Code   RO          503    i.MX_SPI3_Init      spi.o
    0x08003cdc   0x08003cdc   0x00000038   Code   RO          555    i.MX_TIM10_Init     tim.o
    0x08003d14   0x08003d14   0x00000034   Code   RO          556    i.MX_TIM11_Init     tim.o
    0x08003d48   0x08003d48   0x0000006c   Code   RO          557    i.MX_TIM12_Init     tim.o
    0x08003db4   0x08003db4   0x00000034   Code   RO          558    i.MX_TIM13_Init     tim.o
    0x08003de8   0x08003de8   0x00000034   Code   RO          559    i.MX_TIM14_Init     tim.o
    0x08003e1c   0x08003e1c   0x0000006c   Code   RO          560    i.MX_TIM2_Init      tim.o
    0x08003e88   0x08003e88   0x0000006c   Code   RO          561    i.MX_TIM3_Init      tim.o
    0x08003ef4   0x08003ef4   0x00000048   Code   RO          562    i.MX_TIM7_Init      tim.o
    0x08003f3c   0x08003f3c   0x0000006c   Code   RO          563    i.MX_TIM9_Init      tim.o
    0x08003fa8   0x08003fa8   0x00000038   Code   RO          670    i.MX_UART4_Init     usart.o
    0x08003fe0   0x08003fe0   0x00000038   Code   RO          671    i.MX_UART5_Init     usart.o
    0x08004018   0x08004018   0x00000038   Code   RO          672    i.MX_USART1_UART_Init  usart.o
    0x08004050   0x08004050   0x00000054   Code   RO          993    i.MX_USB_DEVICE_Init  usb_device.o
    0x080040a4   0x080040a4   0x00000002   Code   RO          739    i.MemManage_Handler  stm32f4xx_it.o
    0x080040a6   0x080040a6   0x00000002   Code   RO          740    i.NMI_Handler       stm32f4xx_it.o
    0x080040a8   0x080040a8   0x0000000c   Code   RO          741    i.OTG_FS_IRQHandler  stm32f4xx_it.o
    0x080040b4   0x080040b4   0x000000cc   Code   RO         2399    i.PCD_EP_OutXfrComplete_int  stm32f4xx_hal_pcd.o
    0x08004180   0x08004180   0x000000a2   Code   RO         2400    i.PCD_WriteEmptyTxFifo  stm32f4xx_hal_pcd.o
    0x08004222   0x08004222   0x00000002   PAD
    0x08004224   0x08004224   0x0000000c   Code   RO          742    i.SPI3_IRQHandler   stm32f4xx_it.o
    0x08004230   0x08004230   0x00000010   Code   RO         5104    i.SPI_DMAAbortOnError  stm32f4xx_hal_spi.o
    0x08004240   0x08004240   0x0000000a   Code   RO         7706    i.SWAPBYTE          usbd_ctlreq.o
    0x0800424a   0x0800424a   0x0000000c   Code   RO          289    i.StartDefaultTask  freertos.o
    0x08004256   0x08004256   0x0000001a   Code   RO         6899    i.SysTick_Handler   cmsis_os2.o
    0x08004270   0x08004270   0x00000094   Code   RO           15    i.SystemClock_Config  main.o
    0x08004304   0x08004304   0x00000010   Code   RO         5752    i.SystemInit        system_stm32f4xx.o
    0x08004314   0x08004314   0x0000000c   Code   RO          743    i.TIM1_UP_TIM10_IRQHandler  stm32f4xx_it.o
    0x08004320   0x08004320   0x0000000c   Code   RO          744    i.TIM2_IRQHandler   stm32f4xx_it.o
    0x0800432c   0x0800432c   0x0000000c   Code   RO          745    i.TIM3_IRQHandler   stm32f4xx_it.o
    0x08004338   0x08004338   0x0000000c   Code   RO          746    i.TIM6_DAC_IRQHandler  stm32f4xx_it.o
    0x08004344   0x08004344   0x0000000c   Code   RO          747    i.TIM7_IRQHandler   stm32f4xx_it.o
    0x08004350   0x08004350   0x0000000c   Code   RO          748    i.TIM8_TRG_COM_TIM14_IRQHandler  stm32f4xx_it.o
    0x0800435c   0x0800435c   0x0000000c   Code   RO          749    i.TIM8_UP_TIM13_IRQHandler  stm32f4xx_it.o
    0x08004368   0x08004368   0x000000d8   Code   RO         1486    i.TIM_Base_SetConfig  stm32f4xx_hal_tim.o
    0x08004440   0x08004440   0x00000060   Code   RO         1499    i.TIM_OC1_SetConfig  stm32f4xx_hal_tim.o
    0x080044a0   0x080044a0   0x0000006c   Code   RO         1500    i.TIM_OC2_SetConfig  stm32f4xx_hal_tim.o
    0x0800450c   0x0800450c   0x00000068   Code   RO         1501    i.TIM_OC3_SetConfig  stm32f4xx_hal_tim.o
    0x08004574   0x08004574   0x00000050   Code   RO         1502    i.TIM_OC4_SetConfig  stm32f4xx_hal_tim.o
    0x080045c4   0x080045c4   0x0000000c   Code   RO          750    i.UART4_IRQHandler  stm32f4xx_it.o
    0x080045d0   0x080045d0   0x0000000c   Code   RO          751    i.UART5_IRQHandler  stm32f4xx_it.o
    0x080045dc   0x080045dc   0x00000010   Code   RO         5431    i.UART_DMAAbortOnError  stm32f4xx_hal_uart.o
    0x080045ec   0x080045ec   0x0000004e   Code   RO         5441    i.UART_EndRxTransfer  stm32f4xx_hal_uart.o
    0x0800463a   0x0800463a   0x000000c2   Code   RO         5443    i.UART_Receive_IT   stm32f4xx_hal_uart.o
    0x080046fc   0x080046fc   0x0000010c   Code   RO         5444    i.UART_SetConfig    stm32f4xx_hal_uart.o
    0x08004808   0x08004808   0x00000076   Code   RO         7844    i.USBD_CDC_DataIn   usbd_cdc.o
    0x0800487e   0x0800487e   0x0000003c   Code   RO         7845    i.USBD_CDC_DataOut  usbd_cdc.o
    0x080048ba   0x080048ba   0x00000002   PAD
    0x080048bc   0x080048bc   0x00000090   Code   RO         7846    i.USBD_CDC_DeInit   usbd_cdc.o
    0x0800494c   0x0800494c   0x00000036   Code   RO         7847    i.USBD_CDC_EP0_RxReady  usbd_cdc.o
    0x08004982   0x08004982   0x00000002   PAD
    0x08004984   0x08004984   0x0000000c   Code   RO         7848    i.USBD_CDC_GetDeviceQualifierDescriptor  usbd_cdc.o
    0x08004990   0x08004990   0x0000003c   Code   RO         7849    i.USBD_CDC_GetFSCfgDesc  usbd_cdc.o
    0x080049cc   0x080049cc   0x00000040   Code   RO         7850    i.USBD_CDC_GetHSCfgDesc  usbd_cdc.o
    0x08004a0c   0x08004a0c   0x0000003c   Code   RO         7851    i.USBD_CDC_GetOtherSpeedCfgDesc  usbd_cdc.o
    0x08004a48   0x08004a48   0x00000118   Code   RO         7852    i.USBD_CDC_Init     usbd_cdc.o
    0x08004b60   0x08004b60   0x00000038   Code   RO         7853    i.USBD_CDC_ReceivePacket  usbd_cdc.o
    0x08004b98   0x08004b98   0x00000016   Code   RO         7854    i.USBD_CDC_RegisterInterface  usbd_cdc.o
    0x08004bae   0x08004bae   0x0000001a   Code   RO         7855    i.USBD_CDC_SetRxBuffer  usbd_cdc.o
    0x08004bc8   0x08004bc8   0x0000001e   Code   RO         7856    i.USBD_CDC_SetTxBuffer  usbd_cdc.o
    0x08004be6   0x08004be6   0x000000d4   Code   RO         7857    i.USBD_CDC_Setup    usbd_cdc.o
    0x08004cba   0x08004cba   0x00000014   Code   RO         7547    i.USBD_ClrClassConfig  usbd_core.o
    0x08004cce   0x08004cce   0x00000004   Code   RO         7548    i.USBD_CoreFindEP   usbd_core.o
    0x08004cd2   0x08004cd2   0x00000004   Code   RO         7549    i.USBD_CoreFindIF   usbd_core.o
    0x08004cd6   0x08004cd6   0x00000010   Code   RO         7784    i.USBD_CtlContinueRx  usbd_ioreq.o
    0x08004ce6   0x08004ce6   0x00000010   Code   RO         7785    i.USBD_CtlContinueSendData  usbd_ioreq.o
    0x08004cf6   0x08004cf6   0x00000016   Code   RO         7707    i.USBD_CtlError     usbd_ctlreq.o
    0x08004d0c   0x08004d0c   0x0000001e   Code   RO         7786    i.USBD_CtlPrepareRx  usbd_ioreq.o
    0x08004d2a   0x08004d2a   0x00000016   Code   RO         7787    i.USBD_CtlReceiveStatus  usbd_ioreq.o
    0x08004d40   0x08004d40   0x0000001a   Code   RO         7788    i.USBD_CtlSendData  usbd_ioreq.o
    0x08004d5a   0x08004d5a   0x00000016   Code   RO         7789    i.USBD_CtlSendStatus  usbd_ioreq.o
    0x08004d70   0x08004d70   0x00000020   Code   RO         1042    i.USBD_FS_ConfigStrDescriptor  usbd_desc.o
    0x08004d90   0x08004d90   0x0000000c   Code   RO         1043    i.USBD_FS_DeviceDescriptor  usbd_desc.o
    0x08004d9c   0x08004d9c   0x00000024   Code   RO         1044    i.USBD_FS_InterfaceStrDescriptor  usbd_desc.o
    0x08004dc0   0x08004dc0   0x0000000c   Code   RO         1045    i.USBD_FS_LangIDStrDescriptor  usbd_desc.o
    0x08004dcc   0x08004dcc   0x00000028   Code   RO         1046    i.USBD_FS_ManufacturerStrDescriptor  usbd_desc.o
    0x08004df4   0x08004df4   0x0000002c   Code   RO         1047    i.USBD_FS_ProductStrDescriptor  usbd_desc.o
    0x08004e20   0x08004e20   0x00000038   Code   RO         1048    i.USBD_FS_SerialStrDescriptor  usbd_desc.o
    0x08004e58   0x08004e58   0x000000e6   Code   RO         7708    i.USBD_GetDescriptor  usbd_ctlreq.o
    0x08004f3e   0x08004f3e   0x0000003a   Code   RO         7551    i.USBD_GetEpDesc    usbd_core.o
    0x08004f78   0x08004f78   0x00000014   Code   RO         7709    i.USBD_GetLen       usbd_ctlreq.o
    0x08004f8c   0x08004f8c   0x0000000e   Code   RO         7552    i.USBD_GetNextDesc  usbd_core.o
    0x08004f9a   0x08004f9a   0x0000004e   Code   RO         7710    i.USBD_GetString    usbd_ctlreq.o
    0x08004fe8   0x08004fe8   0x00000018   Code   RO         1197    i.USBD_Get_USB_Status  usbd_conf.o
    0x08005000   0x08005000   0x00000026   Code   RO         7553    i.USBD_Init         usbd_core.o
    0x08005026   0x08005026   0x00000012   Code   RO         1198    i.USBD_LL_ClearStallEP  usbd_conf.o
    0x08005038   0x08005038   0x00000012   Code   RO         1199    i.USBD_LL_CloseEP   usbd_conf.o
    0x0800504a   0x0800504a   0x000000b6   Code   RO         7554    i.USBD_LL_DataInStage  usbd_core.o
    0x08005100   0x08005100   0x0000008e   Code   RO         7555    i.USBD_LL_DataOutStage  usbd_core.o
    0x0800518e   0x0800518e   0x00000004   Code   RO         7556    i.USBD_LL_DevConnected  usbd_core.o
    0x08005192   0x08005192   0x0000001e   Code   RO         7557    i.USBD_LL_DevDisconnected  usbd_core.o
    0x080051b0   0x080051b0   0x00000008   Code   RO         1203    i.USBD_LL_GetRxDataSize  usbd_conf.o
    0x080051b8   0x080051b8   0x00000060   Code   RO         1204    i.USBD_LL_Init      usbd_conf.o
    0x08005218   0x08005218   0x0000001e   Code   RO         1205    i.USBD_LL_IsStallEP  usbd_conf.o
    0x08005236   0x08005236   0x00000028   Code   RO         7558    i.USBD_LL_IsoINIncomplete  usbd_core.o
    0x0800525e   0x0800525e   0x00000028   Code   RO         7559    i.USBD_LL_IsoOUTIncomplete  usbd_core.o
    0x08005286   0x08005286   0x00000018   Code   RO         1206    i.USBD_LL_OpenEP    usbd_conf.o
    0x0800529e   0x0800529e   0x00000012   Code   RO         1207    i.USBD_LL_PrepareReceive  usbd_conf.o
    0x080052b0   0x080052b0   0x0000005c   Code   RO         7560    i.USBD_LL_Reset     usbd_core.o
    0x0800530c   0x0800530c   0x00000014   Code   RO         7561    i.USBD_LL_Resume    usbd_core.o
    0x08005320   0x08005320   0x0000001a   Code   RO         7562    i.USBD_LL_SOF       usbd_core.o
    0x0800533a   0x0800533a   0x00000006   Code   RO         7563    i.USBD_LL_SetSpeed  usbd_core.o
    0x08005340   0x08005340   0x00000012   Code   RO         1208    i.USBD_LL_SetUSBAddress  usbd_conf.o
    0x08005352   0x08005352   0x00000060   Code   RO         7564    i.USBD_LL_SetupStage  usbd_core.o
    0x080053b2   0x080053b2   0x00000012   Code   RO         1209    i.USBD_LL_StallEP   usbd_conf.o
    0x080053c4   0x080053c4   0x00000012   Code   RO         1210    i.USBD_LL_Start     usbd_conf.o
    0x080053d6   0x080053d6   0x0000001a   Code   RO         7565    i.USBD_LL_Suspend   usbd_core.o
    0x080053f0   0x080053f0   0x00000012   Code   RO         1212    i.USBD_LL_Transmit  usbd_conf.o
    0x08005402   0x08005402   0x0000002c   Code   RO         7711    i.USBD_ParseSetupRequest  usbd_ctlreq.o
    0x0800542e   0x0800542e   0x0000003a   Code   RO         7566    i.USBD_RegisterClass  usbd_core.o
    0x08005468   0x08005468   0x00000014   Code   RO         7568    i.USBD_SetClassConfig  usbd_core.o
    0x0800547c   0x0800547c   0x000000b8   Code   RO         7712    i.USBD_SetConfig    usbd_ctlreq.o
    0x08005534   0x08005534   0x00000004   Code   RO         7569    i.USBD_Start        usbd_core.o
    0x08005538   0x08005538   0x0000012c   Code   RO         7713    i.USBD_StdDevReq    usbd_ctlreq.o
    0x08005664   0x08005664   0x00000160   Code   RO         7714    i.USBD_StdEPReq     usbd_ctlreq.o
    0x080057c4   0x080057c4   0x00000072   Code   RO         7715    i.USBD_StdItfReq    usbd_ctlreq.o
    0x08005836   0x08005836   0x00000002   Code   RO         1213    i.USBD_static_free  usbd_conf.o
    0x08005838   0x08005838   0x00000008   Code   RO         1214    i.USBD_static_malloc  usbd_conf.o
    0x08005840   0x08005840   0x00000080   Code   RO         2645    i.USB_ActivateEndpoint  stm32f4xx_ll_usb.o
    0x080058c0   0x080058c0   0x0000001c   Code   RO         2647    i.USB_ActivateSetup  stm32f4xx_ll_usb.o
    0x080058dc   0x080058dc   0x00000084   Code   RO         2649    i.USB_CoreInit      stm32f4xx_ll_usb.o
    0x08005960   0x08005960   0x0000003c   Code   RO         2650    i.USB_CoreReset     stm32f4xx_ll_usb.o
    0x0800599c   0x0800599c   0x000000cc   Code   RO         2653    i.USB_DeactivateEndpoint  stm32f4xx_ll_usb.o
    0x08005a68   0x08005a68   0x0000001c   Code   RO         2654    i.USB_DevConnect    stm32f4xx_ll_usb.o
    0x08005a84   0x08005a84   0x0000001c   Code   RO         2655    i.USB_DevDisconnect  stm32f4xx_ll_usb.o
    0x08005aa0   0x08005aa0   0x0000017c   Code   RO         2656    i.USB_DevInit       stm32f4xx_ll_usb.o
    0x08005c1c   0x08005c1c   0x0000000c   Code   RO         2657    i.USB_DisableGlobalInt  stm32f4xx_ll_usb.o
    0x08005c28   0x08005c28   0x00000058   Code   RO         2660    i.USB_EP0_OutStart  stm32f4xx_ll_usb.o
    0x08005c80   0x08005c80   0x00000058   Code   RO         2661    i.USB_EPClearStall  stm32f4xx_ll_usb.o
    0x08005cd8   0x08005cd8   0x00000058   Code   RO         2662    i.USB_EPSetStall    stm32f4xx_ll_usb.o
    0x08005d30   0x08005d30   0x00000238   Code   RO         2663    i.USB_EPStartXfer   stm32f4xx_ll_usb.o
    0x08005f68   0x08005f68   0x0000009e   Code   RO         2664    i.USB_EPStopXfer    stm32f4xx_ll_usb.o
    0x08006006   0x08006006   0x0000000c   Code   RO         2665    i.USB_EnableGlobalInt  stm32f4xx_ll_usb.o
    0x08006012   0x08006012   0x00000038   Code   RO         2666    i.USB_FlushRxFifo   stm32f4xx_ll_usb.o
    0x0800604a   0x0800604a   0x0000003c   Code   RO         2667    i.USB_FlushTxFifo   stm32f4xx_ll_usb.o
    0x08006086   0x08006086   0x0000001a   Code   RO         2669    i.USB_GetDevSpeed   stm32f4xx_ll_usb.o
    0x080060a0   0x080060a0   0x00000008   Code   RO         2671    i.USB_GetMode       stm32f4xx_ll_usb.o
    0x080060a8   0x080060a8   0x0000000e   Code   RO         2679    i.USB_ReadDevAllInEpInterrupt  stm32f4xx_ll_usb.o
    0x080060b6   0x080060b6   0x0000000e   Code   RO         2680    i.USB_ReadDevAllOutEpInterrupt  stm32f4xx_ll_usb.o
    0x080060c4   0x080060c4   0x00000024   Code   RO         2681    i.USB_ReadDevInEPInterrupt  stm32f4xx_ll_usb.o
    0x080060e8   0x080060e8   0x00000010   Code   RO         2682    i.USB_ReadDevOutEPInterrupt  stm32f4xx_ll_usb.o
    0x080060f8   0x080060f8   0x00000008   Code   RO         2683    i.USB_ReadInterrupts  stm32f4xx_ll_usb.o
    0x08006100   0x08006100   0x0000003e   Code   RO         2684    i.USB_ReadPacket    stm32f4xx_ll_usb.o
    0x0800613e   0x0800613e   0x0000005c   Code   RO         2686    i.USB_SetCurrentMode  stm32f4xx_ll_usb.o
    0x0800619a   0x0800619a   0x00000022   Code   RO         2687    i.USB_SetDevAddress  stm32f4xx_ll_usb.o
    0x080061bc   0x080061bc   0x000000e8   Code   RO         2689    i.USB_SetTurnaroundTime  stm32f4xx_ll_usb.o
    0x080062a4   0x080062a4   0x00000028   Code   RO         2692    i.USB_WritePacket   stm32f4xx_ll_usb.o
    0x080062cc   0x080062cc   0x00000002   Code   RO          752    i.UsageFault_Handler  stm32f4xx_it.o
    0x080062ce   0x080062ce   0x00000020   Code   RO         3709    i.__NVIC_SetPriority  stm32f4xx_hal_cortex.o
    0x080062ee   0x080062ee   0x0000006e   Code   RO           16    i.main              main.o
    0x0800635c   0x0800635c   0x0000001a   Code   RO         6901    i.osDelay           cmsis_os2.o
    0x08006376   0x08006376   0x00000002   PAD
    0x08006378   0x08006378   0x00000024   Code   RO         6915    i.osKernelInitialize  cmsis_os2.o
    0x0800639c   0x0800639c   0x00000038   Code   RO         6918    i.osKernelStart     cmsis_os2.o
    0x080063d4   0x080063d4   0x0000008a   Code   RO         6960    i.osThreadNew       cmsis_os2.o
    0x0800645e   0x0800645e   0x00000002   PAD
    0x08006460   0x08006460   0x0000005c   Code   RO         6360    i.prvAddCurrentTaskToDelayedList  tasks.o
    0x080064bc   0x080064bc   0x000000d0   Code   RO         6361    i.prvAddNewTaskToReadyList  tasks.o
    0x0800658c   0x0800658c   0x00000058   Code   RO         6725    i.prvCheckForValidListAndQueue  timers.o
    0x080065e4   0x080065e4   0x00000026   Code   RO         5957    i.prvCopyDataFromQueue  queue.o
    0x0800660a   0x0800660a   0x0000006c   Code   RO         5958    i.prvCopyDataToQueue  queue.o
    0x08006676   0x08006676   0x00000034   Code   RO         6362    i.prvDeleteTCB      tasks.o
    0x080066aa   0x080066aa   0x00000002   PAD
    0x080066ac   0x080066ac   0x0000004c   Code   RO         7412    i.prvHeapInit       heap_4.o
    0x080066f8   0x080066f8   0x00000060   Code   RO         6363    i.prvIdleTask       tasks.o
    0x08006758   0x08006758   0x00000022   Code   RO         5960    i.prvInitialiseNewQueue  queue.o
    0x0800677a   0x0800677a   0x00000002   PAD
    0x0800677c   0x0800677c   0x000000b0   Code   RO         6364    i.prvInitialiseNewTask  tasks.o
    0x0800682c   0x0800682c   0x0000004c   Code   RO         7413    i.prvInsertBlockIntoFreeList  heap_4.o
    0x08006878   0x08006878   0x00000038   Code   RO         6727    i.prvInsertTimerInActiveList  timers.o
    0x080068b0   0x080068b0   0x0000001c   Code   RO         5961    i.prvIsQueueEmpty   queue.o
    0x080068cc   0x080068cc   0x000000fc   Code   RO         6728    i.prvProcessReceivedCommands  timers.o
    0x080069c8   0x080069c8   0x000000c0   Code   RO         6729    i.prvProcessTimerOrBlockTask  timers.o
    0x08006a88   0x08006a88   0x00000020   Code   RO         6366    i.prvResetNextTaskUnblockTime  tasks.o
    0x08006aa8   0x08006aa8   0x00000028   Code   RO         6730    i.prvSampleTimeNow  timers.o
    0x08006ad0   0x08006ad0   0x0000006c   Code   RO         6731    i.prvSwitchTimerLists  timers.o
    0x08006b3c   0x08006b3c   0x00000028   Code   RO         7468    i.prvTaskExitError  port.o
    0x08006b64   0x08006b64   0x00000024   Code   RO         6732    i.prvTimerTask      timers.o
    0x08006b88   0x08006b88   0x0000006a   Code   RO         5962    i.prvUnlockQueue    queue.o
    0x08006bf2   0x08006bf2   0x00000002   PAD
    0x08006bf4   0x08006bf4   0x000000dc   Code   RO         7414    i.pvPortMalloc      heap_4.o
    0x08006cd0   0x08006cd0   0x0000002c   Code   RO         7469    i.pxPortInitialiseStack  port.o
    0x08006cfc   0x08006cfc   0x00000026   Code   RO         5917    i.uxListRemove      list.o
    0x08006d22   0x08006d22   0x00000002   PAD
    0x08006d24   0x08006d24   0x00000014   Code   RO         6972    i.vApplicationGetIdleTaskMemory  cmsis_os2.o
    0x08006d38   0x08006d38   0x00000018   Code   RO         6973    i.vApplicationGetTimerTaskMemory  cmsis_os2.o
    0x08006d50   0x08006d50   0x00000016   Code   RO         5918    i.vListInitialise   list.o
    0x08006d66   0x08006d66   0x00000006   Code   RO         5919    i.vListInitialiseItem  list.o
    0x08006d6c   0x08006d6c   0x00000030   Code   RO         5920    i.vListInsert       list.o
    0x08006d9c   0x08006d9c   0x00000018   Code   RO         5921    i.vListInsertEnd    list.o
    0x08006db4   0x08006db4   0x00000040   Code   RO         7471    i.vPortEnterCritical  port.o
    0x08006df4   0x08006df4   0x00000028   Code   RO         7472    i.vPortExitCritical  port.o
    0x08006e1c   0x08006e1c   0x00000064   Code   RO         7415    i.vPortFree         heap_4.o
    0x08006e80   0x08006e80   0x00000024   Code   RO         7473    i.vPortSetupTimerInterrupt  port.o
    0x08006ea4   0x08006ea4   0x00000054   Code   RO         7474    i.vPortValidateInterruptPriority  port.o
    0x08006ef8   0x08006ef8   0x00000028   Code   RO         5968    i.vQueueAddToRegistry  queue.o
    0x08006f20   0x08006f20   0x00000044   Code   RO         5972    i.vQueueWaitForMessageRestricted  queue.o
    0x08006f64   0x08006f64   0x0000004c   Code   RO         6379    i.vTaskDelay        tasks.o
    0x08006fb0   0x08006fb0   0x00000010   Code   RO         6384    i.vTaskInternalSetTimeOutState  tasks.o
    0x08006fc0   0x08006fc0   0x0000000c   Code   RO         6385    i.vTaskMissedYield  tasks.o
    0x08006fcc   0x08006fcc   0x00000030   Code   RO         6387    i.vTaskPlaceOnEventList  tasks.o
    0x08006ffc   0x08006ffc   0x00000038   Code   RO         6388    i.vTaskPlaceOnEventListRestricted  tasks.o
    0x08007034   0x08007034   0x00000088   Code   RO         6396    i.vTaskStartScheduler  tasks.o
    0x080070bc   0x080070bc   0x00000010   Code   RO         6398    i.vTaskSuspendAll   tasks.o
    0x080070cc   0x080070cc   0x00000064   Code   RO         6399    i.vTaskSwitchContext  tasks.o
    0x08007130   0x08007130   0x000000f4   Code   RO         7475    i.xPortStartScheduler  port.o
    0x08007224   0x08007224   0x0000002c   Code   RO         7476    i.xPortSysTickHandler  port.o
    0x08007250   0x08007250   0x00000066   Code   RO         5978    i.xQueueGenericCreateStatic  queue.o
    0x080072b6   0x080072b6   0x00000002   PAD
    0x080072b8   0x080072b8   0x00000088   Code   RO         5979    i.xQueueGenericReset  queue.o
    0x08007340   0x08007340   0x00000160   Code   RO         5980    i.xQueueGenericSend  queue.o
    0x080074a0   0x080074a0   0x000000be   Code   RO         5981    i.xQueueGenericSendFromISR  queue.o
    0x0800755e   0x0800755e   0x00000002   PAD
    0x08007560   0x08007560   0x00000138   Code   RO         5990    i.xQueueReceive     queue.o
    0x08007698   0x08007698   0x00000074   Code   RO         6401    i.xTaskCheckForTimeOut  tasks.o
    0x0800770c   0x0800770c   0x0000005a   Code   RO         6402    i.xTaskCreate       tasks.o
    0x08007766   0x08007766   0x00000056   Code   RO         6403    i.xTaskCreateStatic  tasks.o
    0x080077bc   0x080077bc   0x0000001c   Code   RO         6407    i.xTaskGetSchedulerState  tasks.o
    0x080077d8   0x080077d8   0x0000000c   Code   RO         6408    i.xTaskGetTickCount  tasks.o
    0x080077e4   0x080077e4   0x000000c8   Code   RO         6410    i.xTaskIncrementTick  tasks.o
    0x080078ac   0x080078ac   0x00000080   Code   RO         6413    i.xTaskPriorityDisinherit  tasks.o
    0x0800792c   0x0800792c   0x00000070   Code   RO         6415    i.xTaskRemoveFromEventList  tasks.o
    0x0800799c   0x0800799c   0x000000c4   Code   RO         6416    i.xTaskResumeAll    tasks.o
    0x08007a60   0x08007a60   0x00000060   Code   RO         6741    i.xTimerCreateTimerTask  timers.o
    0x08007ac0   0x08007ac0   0x00000068   Code   RO         6742    i.xTimerGenericCommand  timers.o
    0x08007b28   0x08007b28   0x0000000a   Code   RO         8074    x$fpl$fpinit        fz_wm.l(fpinit.o)
    0x08007b32   0x08007b32   0x00000002   PAD
    0x08007b34   0x08007b34   0x00000024   Data   RO          290    .constdata          freertos.o
    0x08007b58   0x08007b58   0x00000008   Data   RO         3423    .constdata          stm32f4xx_hal_dma.o
    0x08007b60   0x08007b60   0x00000010   Data   RO         5753    .constdata          system_stm32f4xx.o
    0x08007b70   0x08007b70   0x00000008   Data   RO         5754    .constdata          system_stm32f4xx.o
    0x08007b78   0x08007b78   0x0000000c   Data   RO          291    .conststring        freertos.o
    0x08007b84   0x08007b84   0x00000020   Data   RO         8130    Region$$Table       anon$$obj.o


    Execution Region RW_IRAM1 (Exec base: 0x20000000, Load base: 0x08007ba4, Size: 0x00017670, Max: 0x0001c000, ABSOLUTE, COMPRESSED[0x000000c0])

    Exec Addr    Load Addr    Size         Type   Attr      Idx    E Section Name        Object

    0x20000000   COMPRESSED   0x00000004   Data   RW          292    .data               freertos.o
    0x20000004   COMPRESSED   0x00000004   Data   RW          378    .data               can.o
    0x20000008   COMPRESSED   0x0000001c   Data   RW         1050    .data               usbd_desc.o
    0x20000024   COMPRESSED   0x00000032   Data   RW         1051    .data               usbd_desc.o
    0x20000056   COMPRESSED   0x00000002   PAD
    0x20000058   COMPRESSED   0x00000014   Data   RW         1134    .data               usbd_cdc_if.o
    0x2000006c   COMPRESSED   0x0000000c   Data   RW         3868    .data               stm32f4xx_hal.o
    0x20000078   COMPRESSED   0x00000004   Data   RW         5755    .data               system_stm32f4xx.o
    0x2000007c   COMPRESSED   0x0000003c   Data   RW         6419    .data               tasks.o
    0x200000b8   COMPRESSED   0x00000014   Data   RW         6750    .data               timers.o
    0x200000cc   COMPRESSED   0x00000004   Data   RW         6975    .data               cmsis_os2.o
    0x200000d0   COMPRESSED   0x00000020   Data   RW         7421    .data               heap_4.o
    0x200000f0   COMPRESSED   0x0000000c   Data   RW         7477    .data               port.o
    0x200000fc   COMPRESSED   0x00000001   Data   RW         7716    .data               usbd_ctlreq.o
    0x200000fd   COMPRESSED   0x00000003   PAD
    0x20000100   COMPRESSED   0x00000053   Data   RW         7859    .data               usbd_cdc.o
    0x20000153   COMPRESSED   0x00000001   PAD
    0x20000154   COMPRESSED   0x00000038   Data   RW         7860    .data               usbd_cdc.o
    0x2000018c        -       0x000000a8   Zero   RW          334    .bss                adc.o
    0x20000234        -       0x00000050   Zero   RW          377    .bss                can.o
    0x20000284        -       0x000000fc   Zero   RW          451    .bss                i2c.o
    0x20000380        -       0x000000b0   Zero   RW          504    .bss                spi.o
    0x20000430        -       0x00000288   Zero   RW          564    .bss                tim.o
    0x200006b8        -       0x00000258   Zero   RW          673    .bss                usart.o
    0x20000910        -       0x00000048   Zero   RW          957    .bss                stm32f4xx_hal_timebase_tim.o
    0x20000958        -       0x000002dc   Zero   RW          994    .bss                usb_device.o
    0x20000c34        -       0x00000200   Zero   RW         1049    .bss                usbd_desc.o
    0x20000e34        -       0x00001000   Zero   RW         1133    .bss                usbd_cdc_if.o
    0x20001e34        -       0x00000704   Zero   RW         1215    .bss                usbd_conf.o
    0x20002538        -       0x00000040   Zero   RW         5994    .bss                queue.o
    0x20002578        -       0x000004c4   Zero   RW         6418    .bss                tasks.o
    0x20002a3c        -       0x00000118   Zero   RW         6749    .bss                timers.o
    0x20002b54        -       0x000006b8   Zero   RW         6974    .bss                cmsis_os2.o
    0x2000320c        -       0x00010000   Zero   RW         7420    .bss                heap_4.o
    0x2001320c        -       0x00000060   Zero   RW         8004    .bss                c_w.l(libspace.o)
    0x2001326c   COMPRESSED   0x00000004   PAD
    0x20013270        -       0x00003c00   Zero   RW            2    HEAP                startup_stm32f405xx.o
    0x20016e70        -       0x00000800   Zero   RW            1    STACK               startup_stm32f405xx.o


    Execution Region RW_IRAM2 (Exec base: 0x2001c000, Load base: 0x08007c64, Size: 0x00000000, Max: 0x00004000, ABSOLUTE)

    **** No section assigned to this execution region ****


==============================================================================

Image component sizes


      Code (inc. data)   RO Data    RW Data    ZI Data      Debug   Object Name

       380         34          0          0        168       1943   adc.o
       492         36          0          4         80       2622   can.o
       326         22          0          4       1720      65439   cmsis_os2.o
       124          4          0          0          0        878   dma.o
         0          0          0          0          0      19540   event_groups.o
        44         14         48          4          0       1773   freertos.o
        92          6          0          0          0        943   gpio.o
       472         24          0         32      65536       4967   heap_4.o
       472         70          0          0        252       3175   i2c.o
       138          0          0          0          0       3646   list.o
       282         14          0          0          0     715992   main.o
       786         82          0         12          0      11705   port.o
      1514         20          0          0         64      17672   queue.o
       372         40          0          0        176       2538   spi.o
        64         26        392          0      17408        860   startup_stm32f405xx.o
       116         18          0         12          0       8842   stm32f4xx_hal.o
      1020         28          0          0          0       5638   stm32f4xx_hal_adc.o
         2          0          0          0          0       1017   stm32f4xx_hal_adc_ex.o
       816          0          0          0          0      10451   stm32f4xx_hal_can.o
       158         14          0          0          0      33118   stm32f4xx_hal_cortex.o
       934         16          8          0          0       5735   stm32f4xx_hal_dma.o
       496         46          0          0          0       1564   stm32f4xx_hal_gpio.o
       392         16          0          0          0       3259   stm32f4xx_hal_i2c.o
        56          4          0          0          0        902   stm32f4xx_hal_msp.o
      2576         12          0          0          0      13816   stm32f4xx_hal_pcd.o
        78          0          0          0          0       2473   stm32f4xx_hal_pcd_ex.o
      1420         88          0          0          0       6513   stm32f4xx_hal_rcc.o
       458          6          0          0          0       3536   stm32f4xx_hal_spi.o
      1592        110          0          0          0      12831   stm32f4xx_hal_tim.o
       148         28          0          0          0       2553   stm32f4xx_hal_tim_ex.o
       152         20          0          0         72       1531   stm32f4xx_hal_timebase_tim.o
      1288         16          0          0          0       8544   stm32f4xx_hal_uart.o
       312        150          0          0          0      15140   stm32f4xx_it.o
      2700        116          0          0          0      23776   stm32f4xx_ll_usb.o
         0          0          0          0          0        392   stream_buffer.o
        16          4         24          4          0       1175   system_stm32f4xx.o
      2084        168          0         60       1220      27352   tasks.o
      1364        158          0          0        648       9110   tim.o
       972         80          0         20        280      32431   timers.o
       704         64          0          0        600       3644   usart.o
        84         18          0          0        732       2671   usb_device.o
      1198         32          0        139          0      13871   usbd_cdc.o
        72         16          0         20       4096       3342   usbd_cdc_if.o
       642         24          0          0       1796      17296   usbd_conf.o
       924          0          0          0          0      15835   usbd_core.o
      1354         28          0          1          0      15516   usbd_ctlreq.o
       288        104          0         78        512       6353   usbd_desc.o
       132          0          0          0          0       4648   usbd_ioreq.o

    ----------------------------------------------------------------------
     30152       1776        504        396      95360    1168568   Object Totals
         0          0         32          0          0          0   (incl. Generated)
        46          0          0          6          0          0   (incl. Padding)

    ----------------------------------------------------------------------

      Code (inc. data)   RO Data    RW Data    ZI Data      Debug   Library Member Name

        90          0          0          0          0          0   __dczerorl2.o
         8          0          0          0          0         68   __main.o
         0          0          0          0          0          0   __rtentry.o
        12          0          0          0          0          0   __rtentry2.o
         6          0          0          0          0          0   __rtentry4.o
        52          8          0          0          0          0   __scatter.o
        28          0          0          0          0          0   __scatter_zi.o
        16          0          0          0          0         68   aeabi_memset.o
        18          0          0          0          0         80   exit.o
         6          0          0          0          0        152   heapauxi.o
         0          0          0          0          0          0   indicate_semi.o
         2          0          0          0          0          0   libinit.o
         6          0          0          0          0          0   libinit2.o
         2          0          0          0          0          0   libshutdown.o
         2          0          0          0          0          0   libshutdown2.o
         8          4          0          0         96         68   libspace.o
       238          0          0          0          0        100   lludivv7m.o
        68          0          0          0          0         68   rt_memclr.o
        78          0          0          0          0         80   rt_memclr_w.o
       138          0          0          0          0         68   rt_memcpy_v6.o
       100          0          0          0          0         80   rt_memcpy_w.o
         2          0          0          0          0          0   rtexit.o
        10          0          0          0          0          0   rtexit2.o
        12          4          0          0          0         68   sys_exit.o
        74          0          0          0          0         80   sys_stackheap_outer.o
         2          0          0          0          0         68   use_no_semi.o
        10          0          0          0          0        116   fpinit.o

    ----------------------------------------------------------------------
       996         16          0          0        100       1164   Library Totals
         8          0          0          0          4          0   (incl. Padding)

    ----------------------------------------------------------------------

      Code (inc. data)   RO Data    RW Data    ZI Data      Debug   Library Name

       978         16          0          0         96       1048   c_w.l
        10          0          0          0          0        116   fz_wm.l

    ----------------------------------------------------------------------
       996         16          0          0        100       1164   Library Totals

    ----------------------------------------------------------------------

==============================================================================


      Code (inc. data)   RO Data    RW Data    ZI Data      Debug   

     31148       1792        504        396      95460    1134564   Grand Totals
     31148       1792        504        192      95460    1134564   ELF Image Totals (compressed)
     31148       1792        504        192          0          0   ROM Totals

==============================================================================

    Total RO  Size (Code + RO Data)                31652 (  30.91kB)
    Total RW  Size (RW Data + ZI Data)             95856 (  93.61kB)
    Total ROM Size (Code + RO Data + RW Data)      31844 (  31.10kB)

==============================================================================

