Archive member included to satisfy reference by file (symbol)

e:/clion_for_stm32/gun_arm_gcc/10 2021.10/bin/../lib/gcc/arm-none-eabi/10.3.1/thumb/v7e-m+fp/hard\libgcc.a(_aeabi_uldivmod.o)
                              CMakeFiles/untitled.elf.dir/Drivers/STM32F4xx_HAL_Driver/Src/stm32f4xx_hal_rcc.c.obj (__aeabi_uldivmod)
e:/clion_for_stm32/gun_arm_gcc/10 2021.10/bin/../lib/gcc/arm-none-eabi/10.3.1/thumb/v7e-m+fp/hard\libgcc.a(_udivmoddi4.o)
                              e:/clion_for_stm32/gun_arm_gcc/10 2021.10/bin/../lib/gcc/arm-none-eabi/10.3.1/thumb/v7e-m+fp/hard\libgcc.a(_aeabi_uldivmod.o) (__udivmoddi4)
e:/clion_for_stm32/gun_arm_gcc/10 2021.10/bin/../lib/gcc/arm-none-eabi/10.3.1/thumb/v7e-m+fp/hard\libgcc.a(_dvmd_tls.o)
                              e:/clion_for_stm32/gun_arm_gcc/10 2021.10/bin/../lib/gcc/arm-none-eabi/10.3.1/thumb/v7e-m+fp/hard\libgcc.a(_aeabi_uldivmod.o) (__aeabi_ldiv0)
e:/clion_for_stm32/gun_arm_gcc/10 2021.10/bin/../lib/gcc/arm-none-eabi/10.3.1/../../../../arm-none-eabi/lib/thumb/v7e-m+fp/hard\libg.a(lib_a-errno.o)
                              CMakeFiles/untitled.elf.dir/Core/Src/syscalls.c.obj (__errno)
e:/clion_for_stm32/gun_arm_gcc/10 2021.10/bin/../lib/gcc/arm-none-eabi/10.3.1/../../../../arm-none-eabi/lib/thumb/v7e-m+fp/hard\libg.a(lib_a-exit.o)
                              e:/clion_for_stm32/gun_arm_gcc/10 2021.10/bin/../lib/gcc/arm-none-eabi/10.3.1/../../../../arm-none-eabi/lib/thumb/v7e-m+fp/hard/crt0.o (exit)
e:/clion_for_stm32/gun_arm_gcc/10 2021.10/bin/../lib/gcc/arm-none-eabi/10.3.1/../../../../arm-none-eabi/lib/thumb/v7e-m+fp/hard\libg.a(lib_a-impure.o)
                              e:/clion_for_stm32/gun_arm_gcc/10 2021.10/bin/../lib/gcc/arm-none-eabi/10.3.1/../../../../arm-none-eabi/lib/thumb/v7e-m+fp/hard\libg.a(lib_a-exit.o) (_global_impure_ptr)
e:/clion_for_stm32/gun_arm_gcc/10 2021.10/bin/../lib/gcc/arm-none-eabi/10.3.1/../../../../arm-none-eabi/lib/thumb/v7e-m+fp/hard\libg.a(lib_a-init.o)
                              e:/clion_for_stm32/gun_arm_gcc/10 2021.10/bin/../lib/gcc/arm-none-eabi/10.3.1/../../../../arm-none-eabi/lib/thumb/v7e-m+fp/hard/crt0.o (__libc_init_array)
e:/clion_for_stm32/gun_arm_gcc/10 2021.10/bin/../lib/gcc/arm-none-eabi/10.3.1/../../../../arm-none-eabi/lib/thumb/v7e-m+fp/hard\libg.a(lib_a-memcpy.o)
                              CMakeFiles/untitled.elf.dir/Middlewares/Third_Party/FreeRTOS/Source/CMSIS_RTOS_V2/cmsis_os2.c.obj (memcpy)
e:/clion_for_stm32/gun_arm_gcc/10 2021.10/bin/../lib/gcc/arm-none-eabi/10.3.1/../../../../arm-none-eabi/lib/thumb/v7e-m+fp/hard\libg.a(lib_a-memset.o)
                              e:/clion_for_stm32/gun_arm_gcc/10 2021.10/bin/../lib/gcc/arm-none-eabi/10.3.1/../../../../arm-none-eabi/lib/thumb/v7e-m+fp/hard/crt0.o (memset)
e:/clion_for_stm32/gun_arm_gcc/10 2021.10/bin/../lib/gcc/arm-none-eabi/10.3.1/../../../../arm-none-eabi/lib/thumb/v7e-m+fp/hard\libg.a(lib_a-__call_atexit.o)
                              e:/clion_for_stm32/gun_arm_gcc/10 2021.10/bin/../lib/gcc/arm-none-eabi/10.3.1/../../../../arm-none-eabi/lib/thumb/v7e-m+fp/hard\libg.a(lib_a-exit.o) (__call_exitprocs)
e:/clion_for_stm32/gun_arm_gcc/10 2021.10/bin/../lib/gcc/arm-none-eabi/10.3.1/../../../../arm-none-eabi/lib/thumb/v7e-m+fp/hard\libg.a(lib_a-atexit.o)
                              e:/clion_for_stm32/gun_arm_gcc/10 2021.10/bin/../lib/gcc/arm-none-eabi/10.3.1/../../../../arm-none-eabi/lib/thumb/v7e-m+fp/hard\libg.a(lib_a-__call_atexit.o) (atexit)
e:/clion_for_stm32/gun_arm_gcc/10 2021.10/bin/../lib/gcc/arm-none-eabi/10.3.1/../../../../arm-none-eabi/lib/thumb/v7e-m+fp/hard\libg.a(lib_a-fini.o)
                              e:/clion_for_stm32/gun_arm_gcc/10 2021.10/bin/../lib/gcc/arm-none-eabi/10.3.1/../../../../arm-none-eabi/lib/thumb/v7e-m+fp/hard\libg.a(lib_a-__call_atexit.o) (__libc_fini_array)
e:/clion_for_stm32/gun_arm_gcc/10 2021.10/bin/../lib/gcc/arm-none-eabi/10.3.1/../../../../arm-none-eabi/lib/thumb/v7e-m+fp/hard\libg.a(lib_a-lock.o)
                              e:/clion_for_stm32/gun_arm_gcc/10 2021.10/bin/../lib/gcc/arm-none-eabi/10.3.1/../../../../arm-none-eabi/lib/thumb/v7e-m+fp/hard\libg.a(lib_a-__call_atexit.o) (__retarget_lock_acquire_recursive)
e:/clion_for_stm32/gun_arm_gcc/10 2021.10/bin/../lib/gcc/arm-none-eabi/10.3.1/../../../../arm-none-eabi/lib/thumb/v7e-m+fp/hard\libg.a(lib_a-__atexit.o)
                              e:/clion_for_stm32/gun_arm_gcc/10 2021.10/bin/../lib/gcc/arm-none-eabi/10.3.1/../../../../arm-none-eabi/lib/thumb/v7e-m+fp/hard\libg.a(lib_a-atexit.o) (__register_exitproc)

Discarded input sections

 .text          0x00000000        0x0 e:/clion_for_stm32/gun_arm_gcc/10 2021.10/bin/../lib/gcc/arm-none-eabi/10.3.1/thumb/v7e-m+fp/hard/crti.o
 .data          0x00000000        0x0 e:/clion_for_stm32/gun_arm_gcc/10 2021.10/bin/../lib/gcc/arm-none-eabi/10.3.1/thumb/v7e-m+fp/hard/crti.o
[...]
Memory Configuration

Name             Origin             Length             Attributes
CCMRAM           0x10000000         0x00010000         xrw
RAM              0x20000000         0x00020000         xrw
FLASH            0x08000000         0x00100000         xr
*default*        0x00000000         0xffffffff

Linker script and memory map

LOAD e:/clion_for_stm32/gun_arm_gcc/10 2021.10/bin/../lib/gcc/arm-none-eabi/10.3.1/thumb/v7e-m+fp/hard/crti.o
LOAD e:/clion_for_stm32/gun_arm_gcc/10 2021.10/bin/../lib/gcc/arm-none-eabi/10.3.1/thumb/v7e-m+fp/hard/crtbegin.o
LOAD e:/clion_for_stm32/gun_arm_gcc/10 2021.10/bin/../lib/gcc/arm-none-eabi/10.3.1/../../../../arm-none-eabi/lib/thumb/v7e-m+fp/hard/crt0.o
LOAD CMakeFiles/untitled.elf.dir/Core/Src/can.c.obj
LOAD CMakeFiles/untitled.elf.dir/Core/Src/freertos.c.obj
LOAD CMakeFiles/untitled.elf.dir/Core/Src/gpio.c.obj
LOAD CMakeFiles/untitled.elf.dir/Core/Src/i2c.c.obj
LOAD CMakeFiles/untitled.elf.dir/Core/Src/main.c.obj
LOAD CMakeFiles/untitled.elf.dir/Core/Src/stm32f4xx_hal_msp.c.obj
LOAD CMakeFiles/untitled.elf.dir/Core/Src/stm32f4xx_hal_timebase_tim.c.obj
LOAD CMakeFiles/untitled.elf.dir/Core/Src/stm32f4xx_it.c.obj
LOAD CMakeFiles/untitled.elf.dir/Core/Src/syscalls.c.obj
LOAD CMakeFiles/untitled.elf.dir/Core/Src/sysmem.c.obj
LOAD CMakeFiles/untitled.elf.dir/Core/Src/system_stm32f4xx.c.obj
LOAD CMakeFiles/untitled.elf.dir/Core/Src/tim.c.obj
LOAD CMakeFiles/untitled.elf.dir/Core/Src/usart.c.obj
LOAD CMakeFiles/untitled.elf.dir/Core/Startup/startup_stm32f405rgtx.s.obj
LOAD CMakeFiles/untitled.elf.dir/Drivers/STM32F4xx_HAL_Driver/Src/stm32f4xx_hal.c.obj
LOAD CMakeFiles/untitled.elf.dir/Drivers/STM32F4xx_HAL_Driver/Src/stm32f4xx_hal_can.c.obj
LOAD CMakeFiles/untitled.elf.dir/Drivers/STM32F4xx_HAL_Driver/Src/stm32f4xx_hal_cortex.c.obj
LOAD CMakeFiles/untitled.elf.dir/Drivers/STM32F4xx_HAL_Driver/Src/stm32f4xx_hal_dma.c.obj
LOAD CMakeFiles/untitled.elf.dir/Drivers/STM32F4xx_HAL_Driver/Src/stm32f4xx_hal_dma_ex.c.obj
LOAD CMakeFiles/untitled.elf.dir/Drivers/STM32F4xx_HAL_Driver/Src/stm32f4xx_hal_exti.c.obj
LOAD CMakeFiles/untitled.elf.dir/Drivers/STM32F4xx_HAL_Driver/Src/stm32f4xx_hal_flash.c.obj
LOAD CMakeFiles/untitled.elf.dir/Drivers/STM32F4xx_HAL_Driver/Src/stm32f4xx_hal_flash_ex.c.obj
LOAD CMakeFiles/untitled.elf.dir/Drivers/STM32F4xx_HAL_Driver/Src/stm32f4xx_hal_flash_ramfunc.c.obj
LOAD CMakeFiles/untitled.elf.dir/Drivers/STM32F4xx_HAL_Driver/Src/stm32f4xx_hal_gpio.c.obj
LOAD CMakeFiles/untitled.elf.dir/Drivers/STM32F4xx_HAL_Driver/Src/stm32f4xx_hal_i2c.c.obj
LOAD CMakeFiles/untitled.elf.dir/Drivers/STM32F4xx_HAL_Driver/Src/stm32f4xx_hal_i2c_ex.c.obj
LOAD CMakeFiles/untitled.elf.dir/Drivers/STM32F4xx_HAL_Driver/Src/stm32f4xx_hal_pcd.c.obj
LOAD CMakeFiles/untitled.elf.dir/Drivers/STM32F4xx_HAL_Driver/Src/stm32f4xx_hal_pcd_ex.c.obj
LOAD CMakeFiles/untitled.elf.dir/Drivers/STM32F4xx_HAL_Driver/Src/stm32f4xx_hal_pwr.c.obj
LOAD CMakeFiles/untitled.elf.dir/Drivers/STM32F4xx_HAL_Driver/Src/stm32f4xx_hal_pwr_ex.c.obj
LOAD CMakeFiles/untitled.elf.dir/Drivers/STM32F4xx_HAL_Driver/Src/stm32f4xx_hal_rcc.c.obj
LOAD CMakeFiles/untitled.elf.dir/Drivers/STM32F4xx_HAL_Driver/Src/stm32f4xx_hal_rcc_ex.c.obj
LOAD CMakeFiles/untitled.elf.dir/Drivers/STM32F4xx_HAL_Driver/Src/stm32f4xx_hal_tim.c.obj
LOAD CMakeFiles/untitled.elf.dir/Drivers/STM32F4xx_HAL_Driver/Src/stm32f4xx_hal_tim_ex.c.obj
LOAD CMakeFiles/untitled.elf.dir/Drivers/STM32F4xx_HAL_Driver/Src/stm32f4xx_hal_uart.c.obj
LOAD CMakeFiles/untitled.elf.dir/Drivers/STM32F4xx_HAL_Driver/Src/stm32f4xx_ll_usb.c.obj
LOAD CMakeFiles/untitled.elf.dir/Middlewares/ST/STM32_USB_Device_Library/Class/CDC/Src/usbd_cdc.c.obj
LOAD CMakeFiles/untitled.elf.dir/Middlewares/ST/STM32_USB_Device_Library/Core/Src/usbd_core.c.obj
LOAD CMakeFiles/untitled.elf.dir/Middlewares/ST/STM32_USB_Device_Library/Core/Src/usbd_ctlreq.c.obj
LOAD CMakeFiles/untitled.elf.dir/Middlewares/ST/STM32_USB_Device_Library/Core/Src/usbd_ioreq.c.obj
LOAD CMakeFiles/untitled.elf.dir/Middlewares/Third_Party/FreeRTOS/Source/CMSIS_RTOS_V2/cmsis_os2.c.obj
LOAD CMakeFiles/untitled.elf.dir/Middlewares/Third_Party/FreeRTOS/Source/croutine.c.obj
LOAD CMakeFiles/untitled.elf.dir/Middlewares/Third_Party/FreeRTOS/Source/event_groups.c.obj
LOAD CMakeFiles/untitled.elf.dir/Middlewares/Third_Party/FreeRTOS/Source/list.c.obj
LOAD CMakeFiles/untitled.elf.dir/Middlewares/Third_Party/FreeRTOS/Source/portable/GCC/ARM_CM4F/port.c.obj
LOAD CMakeFiles/untitled.elf.dir/Middlewares/Third_Party/FreeRTOS/Source/portable/MemMang/heap_4.c.obj
LOAD CMakeFiles/untitled.elf.dir/Middlewares/Third_Party/FreeRTOS/Source/queue.c.obj
LOAD CMakeFiles/untitled.elf.dir/Middlewares/Third_Party/FreeRTOS/Source/stream_buffer.c.obj
LOAD CMakeFiles/untitled.elf.dir/Middlewares/Third_Party/FreeRTOS/Source/tasks.c.obj
LOAD CMakeFiles/untitled.elf.dir/Middlewares/Third_Party/FreeRTOS/Source/timers.c.obj
LOAD CMakeFiles/untitled.elf.dir/USB_DEVICE/App/usb_device.c.obj
LOAD CMakeFiles/untitled.elf.dir/USB_DEVICE/App/usbd_cdc_if.c.obj
LOAD CMakeFiles/untitled.elf.dir/USB_DEVICE/App/usbd_desc.c.obj
LOAD CMakeFiles/untitled.elf.dir/USB_DEVICE/Target/usbd_conf.c.obj
START GROUP
LOAD e:/clion_for_stm32/gun_arm_gcc/10 2021.10/bin/../lib/gcc/arm-none-eabi/10.3.1/thumb/v7e-m+fp/hard\libgcc.a
LOAD e:/clion_for_stm32/gun_arm_gcc/10 2021.10/bin/../lib/gcc/arm-none-eabi/10.3.1/../../../../arm-none-eabi/lib/thumb/v7e-m+fp/hard\libg.a
LOAD e:/clion_for_stm32/gun_arm_gcc/10 2021.10/bin/../lib/gcc/arm-none-eabi/10.3.1/../../../../arm-none-eabi/lib/thumb/v7e-m+fp/hard\libc.a
END GROUP
LOAD e:/clion_for_stm32/gun_arm_gcc/10 2021.10/bin/../lib/gcc/arm-none-eabi/10.3.1/thumb/v7e-m+fp/hard/crtend.o
LOAD e:/clion_for_stm32/gun_arm_gcc/10 2021.10/bin/../lib/gcc/arm-none-eabi/10.3.1/thumb/v7e-m+fp/hard/crtn.o
                0x20020000                _estack = (ORIGIN (RAM) + LENGTH (RAM))
                0x00003c00                _Min_Heap_Size = 0x3c00
                0x00000800                _Min_Stack_Size = 0x800

.isr_vector     0x08000000      0x188
                0x08000000                . = ALIGN (0x4)
 *(.isr_vector)
 .isr_vector    0x08000000      0x188 CMakeFiles/untitled.elf.dir/Core/Startup/startup_stm32f405rgtx.s.obj
                0x08000000                g_pfnVectors
                0x08000188                . = ALIGN (0x4)

.text           0x08000190     0x7260
                0x08000190                . = ALIGN (0x4)
 *(.text)
 .text          0x08000190       0x40 e:/clion_for_stm32/gun_arm_gcc/10 2021.10/bin/../lib/gcc/arm-none-eabi/10.3.1/thumb/v7e-m+fp/hard/crtbegin.o
 .text          0x080001d0       0x30 e:/clion_for_stm32/gun_arm_gcc/10 2021.10/bin/../lib/gcc/arm-none-eabi/10.3.1/thumb/v7e-m+fp/hard\libgcc.a(_aeabi_uldivmod.o)
                0x080001d0                __aeabi_uldivmod
 .text          0x08000200      0x2d0 e:/clion_for_stm32/gun_arm_gcc/10 2021.10/bin/../lib/gcc/arm-none-eabi/10.3.1/thumb/v7e-m+fp/hard\libgcc.a(_udivmoddi4.o)
                0x08000200                __udivmoddi4
 .text          0x080004d0        0x4 e:/clion_for_stm32/gun_arm_gcc/10 2021.10/bin/../lib/gcc/arm-none-eabi/10.3.1/thumb/v7e-m+fp/hard\libgcc.a(_dvmd_tls.o)
                0x080004d0                __aeabi_idiv0
                0x080004d0                __aeabi_ldiv0
 .text          0x080004d4      0x134 e:/clion_for_stm32/gun_arm_gcc/10 2021.10/bin/../lib/gcc/arm-none-eabi/10.3.1/../../../../arm-none-eabi/lib/thumb/v7e-m+fp/hard\libg.a(lib_a-memcpy.o)
                0x080004d4                memcpy
 *(.text*)
 .text.MX_CAN1_Init
                0x08000608       0x44 CMakeFiles/untitled.elf.dir/Core/Src/can.c.obj
                0x08000608                MX_CAN1_Init
 .text.MX_CAN2_Init
                0x0800064c       0x44 CMakeFiles/untitled.elf.dir/Core/Src/can.c.obj
                0x0800064c                MX_CAN2_Init
 .text.HAL_CAN_MspInit
                0x08000690      0x184 CMakeFiles/untitled.elf.dir/Core/Src/can.c.obj
                0x08000690                HAL_CAN_MspInit
 .text.StartDefaultTask
                0x08000814        0xe CMakeFiles/untitled.elf.dir/Core/Src/freertos.c.obj
                0x08000814                StartDefaultTask
 *fill*         0x08000822        0x2 
 .text.MX_FREERTOS_Init
                0x08000824       0x20 CMakeFiles/untitled.elf.dir/Core/Src/freertos.c.obj
                0x08000824                MX_FREERTOS_Init
 .text.MX_GPIO_Init
                0x08000844       0x4c CMakeFiles/untitled.elf.dir/Core/Src/gpio.c.obj
                0x08000844                MX_GPIO_Init
 .text.MX_I2C1_Init
                0x08000890       0x3c CMakeFiles/untitled.elf.dir/Core/Src/i2c.c.obj
                0x08000890                MX_I2C1_Init
 .text.MX_I2C2_Init
                0x080008cc       0x3c CMakeFiles/untitled.elf.dir/Core/Src/i2c.c.obj
                0x080008cc                MX_I2C2_Init
 .text.HAL_I2C_MspInit
                0x08000908       0xc0 CMakeFiles/untitled.elf.dir/Core/Src/i2c.c.obj
                0x08000908                HAL_I2C_MspInit
 .text.HAL_TIM_PeriodElapsedCallback
                0x080009c8       0x18 CMakeFiles/untitled.elf.dir/Core/Src/main.c.obj
                0x080009c8                HAL_TIM_PeriodElapsedCallback
 .text.Error_Handler
                0x080009e0        0x4 CMakeFiles/untitled.elf.dir/Core/Src/main.c.obj
                0x080009e0                Error_Handler
 .text.SystemClock_Config
                0x080009e4       0xa8 CMakeFiles/untitled.elf.dir/Core/Src/main.c.obj
                0x080009e4                SystemClock_Config
 .text.main     0x08000a8c       0x34 CMakeFiles/untitled.elf.dir/Core/Src/main.c.obj
                0x08000a8c                main
 .text.HAL_MspInit
                0x08000ac0       0x44 CMakeFiles/untitled.elf.dir/Core/Src/stm32f4xx_hal_msp.c.obj
                0x08000ac0                HAL_MspInit
 .text.HAL_InitTick
                0x08000b04       0xa4 CMakeFiles/untitled.elf.dir/Core/Src/stm32f4xx_hal_timebase_tim.c.obj
                0x08000b04                HAL_InitTick
 .text.NMI_Handler
                0x08000ba8        0x2 CMakeFiles/untitled.elf.dir/Core/Src/stm32f4xx_it.c.obj
                0x08000ba8                NMI_Handler
 .text.HardFault_Handler
                0x08000baa        0x2 CMakeFiles/untitled.elf.dir/Core/Src/stm32f4xx_it.c.obj
                0x08000baa                HardFault_Handler
 .text.MemManage_Handler
                0x08000bac        0x2 CMakeFiles/untitled.elf.dir/Core/Src/stm32f4xx_it.c.obj
                0x08000bac                MemManage_Handler
 .text.BusFault_Handler
                0x08000bae        0x2 CMakeFiles/untitled.elf.dir/Core/Src/stm32f4xx_it.c.obj
                0x08000bae                BusFault_Handler
 .text.UsageFault_Handler
                0x08000bb0        0x2 CMakeFiles/untitled.elf.dir/Core/Src/stm32f4xx_it.c.obj
                0x08000bb0                UsageFault_Handler
 .text.DebugMon_Handler
                0x08000bb2        0x2 CMakeFiles/untitled.elf.dir/Core/Src/stm32f4xx_it.c.obj
                0x08000bb2                DebugMon_Handler
 .text.CAN1_TX_IRQHandler
                0x08000bb4       0x10 CMakeFiles/untitled.elf.dir/Core/Src/stm32f4xx_it.c.obj
                0x08000bb4                CAN1_TX_IRQHandler
 .text.CAN1_RX0_IRQHandler
                0x08000bc4       0x10 CMakeFiles/untitled.elf.dir/Core/Src/stm32f4xx_it.c.obj
                0x08000bc4                CAN1_RX0_IRQHandler
 .text.CAN1_RX1_IRQHandler
                0x08000bd4       0x10 CMakeFiles/untitled.elf.dir/Core/Src/stm32f4xx_it.c.obj
                0x08000bd4                CAN1_RX1_IRQHandler
 .text.CAN1_SCE_IRQHandler
                0x08000be4       0x10 CMakeFiles/untitled.elf.dir/Core/Src/stm32f4xx_it.c.obj
                0x08000be4                CAN1_SCE_IRQHandler
 .text.USART1_IRQHandler
                0x08000bf4       0x10 CMakeFiles/untitled.elf.dir/Core/Src/stm32f4xx_it.c.obj
                0x08000bf4                USART1_IRQHandler
 .text.TIM8_TRG_COM_TIM14_IRQHandler
                0x08000c04       0x10 CMakeFiles/untitled.elf.dir/Core/Src/stm32f4xx_it.c.obj
                0x08000c04                TIM8_TRG_COM_TIM14_IRQHandler
 .text.TIM6_DAC_IRQHandler
                0x08000c14       0x10 CMakeFiles/untitled.elf.dir/Core/Src/stm32f4xx_it.c.obj
                0x08000c14                TIM6_DAC_IRQHandler
 .text.CAN2_TX_IRQHandler
                0x08000c24       0x10 CMakeFiles/untitled.elf.dir/Core/Src/stm32f4xx_it.c.obj
                0x08000c24                CAN2_TX_IRQHandler
 .text.CAN2_RX0_IRQHandler
                0x08000c34       0x10 CMakeFiles/untitled.elf.dir/Core/Src/stm32f4xx_it.c.obj
                0x08000c34                CAN2_RX0_IRQHandler
 .text.CAN2_RX1_IRQHandler
                0x08000c44       0x10 CMakeFiles/untitled.elf.dir/Core/Src/stm32f4xx_it.c.obj
                0x08000c44                CAN2_RX1_IRQHandler
 .text.CAN2_SCE_IRQHandler
                0x08000c54       0x10 CMakeFiles/untitled.elf.dir/Core/Src/stm32f4xx_it.c.obj
                0x08000c54                CAN2_SCE_IRQHandler
 .text.OTG_FS_IRQHandler
                0x08000c64       0x10 CMakeFiles/untitled.elf.dir/Core/Src/stm32f4xx_it.c.obj
                0x08000c64                OTG_FS_IRQHandler
 .text.SystemInit
                0x08000c74       0x14 CMakeFiles/untitled.elf.dir/Core/Src/system_stm32f4xx.c.obj
                0x08000c74                SystemInit
 .text.MX_TIM14_Init
                0x08000c88       0x30 CMakeFiles/untitled.elf.dir/Core/Src/tim.c.obj
                0x08000c88                MX_TIM14_Init
 .text.HAL_TIM_Base_MspInit
                0x08000cb8       0x40 CMakeFiles/untitled.elf.dir/Core/Src/tim.c.obj
                0x08000cb8                HAL_TIM_Base_MspInit
 .text.MX_USART1_UART_Init
                0x08000cf8       0x34 CMakeFiles/untitled.elf.dir/Core/Src/usart.c.obj
                0x08000cf8                MX_USART1_UART_Init
 .text.HAL_UART_MspInit
                0x08000d2c       0x80 CMakeFiles/untitled.elf.dir/Core/Src/usart.c.obj
                0x08000d2c                HAL_UART_MspInit
 .text.Reset_Handler
                0x08000dac       0x50 CMakeFiles/untitled.elf.dir/Core/Startup/startup_stm32f405rgtx.s.obj
                0x08000dac                Reset_Handler
 .text.Default_Handler
                0x08000dfc        0x2 CMakeFiles/untitled.elf.dir/Core/Startup/startup_stm32f405rgtx.s.obj
                0x08000dfc                RTC_Alarm_IRQHandler
                0x08000dfc                HASH_RNG_IRQHandler
                0x08000dfc                EXTI2_IRQHandler
                0x08000dfc                TIM8_CC_IRQHandler
                0x08000dfc                TIM1_CC_IRQHandler
                0x08000dfc                DMA2_Stream5_IRQHandler
                0x08000dfc                DMA1_Stream5_IRQHandler
                0x08000dfc                PVD_IRQHandler
                0x08000dfc                SDIO_IRQHandler
                0x08000dfc                TAMP_STAMP_IRQHandler
                0x08000dfc                EXTI3_IRQHandler
                0x08000dfc                TIM1_UP_TIM10_IRQHandler
                0x08000dfc                TIM8_UP_TIM13_IRQHandler
                0x08000dfc                I2C3_ER_IRQHandler
                0x08000dfc                EXTI0_IRQHandler
                0x08000dfc                I2C2_EV_IRQHandler
                0x08000dfc                DMA1_Stream2_IRQHandler
                0x08000dfc                FPU_IRQHandler
                0x08000dfc                OTG_HS_WKUP_IRQHandler
                0x08000dfc                DMA2_Stream2_IRQHandler
                0x08000dfc                SPI1_IRQHandler
                0x08000dfc                TIM1_BRK_TIM9_IRQHandler
                0x08000dfc                DMA2_Stream3_IRQHandler
                0x08000dfc                USART6_IRQHandler
                0x08000dfc                USART3_IRQHandler
                0x08000dfc                UART5_IRQHandler
                0x08000dfc                DMA2_Stream0_IRQHandler
                0x08000dfc                TIM4_IRQHandler
                0x08000dfc                I2C1_EV_IRQHandler
                0x08000dfc                DMA1_Stream6_IRQHandler
                0x08000dfc                DMA1_Stream1_IRQHandler
                0x08000dfc                UART4_IRQHandler
                0x08000dfc                TIM3_IRQHandler
                0x08000dfc                RCC_IRQHandler
                0x08000dfc                TIM8_BRK_TIM12_IRQHandler
                0x08000dfc                Default_Handler
                0x08000dfc                EXTI15_10_IRQHandler
                0x08000dfc                ADC_IRQHandler
                0x08000dfc                DMA1_Stream7_IRQHandler
                0x08000dfc                TIM7_IRQHandler
                0x08000dfc                TIM5_IRQHandler
                0x08000dfc                DMA2_Stream7_IRQHandler
                0x08000dfc                I2C3_EV_IRQHandler
                0x08000dfc                EXTI9_5_IRQHandler
                0x08000dfc                RTC_WKUP_IRQHandler
                0x08000dfc                SPI2_IRQHandler
                0x08000dfc                OTG_HS_EP1_IN_IRQHandler
                0x08000dfc                DMA1_Stream0_IRQHandler
                0x08000dfc                EXTI4_IRQHandler
                0x08000dfc                FSMC_IRQHandler
                0x08000dfc                OTG_HS_EP1_OUT_IRQHandler
                0x08000dfc                WWDG_IRQHandler
                0x08000dfc                TIM2_IRQHandler
                0x08000dfc                OTG_FS_WKUP_IRQHandler
                0x08000dfc                TIM1_TRG_COM_TIM11_IRQHandler
                0x08000dfc                OTG_HS_IRQHandler
                0x08000dfc                EXTI1_IRQHandler
                0x08000dfc                USART2_IRQHandler
                0x08000dfc                I2C2_ER_IRQHandler
                0x08000dfc                DMA2_Stream1_IRQHandler
                0x08000dfc                FLASH_IRQHandler
                0x08000dfc                DMA2_Stream4_IRQHandler
                0x08000dfc                SPI3_IRQHandler
                0x08000dfc                DMA1_Stream4_IRQHandler
                0x08000dfc                I2C1_ER_IRQHandler
                0x08000dfc                DMA2_Stream6_IRQHandler
                0x08000dfc                DMA1_Stream3_IRQHandler
 *fill*         0x08000dfe        0x2 
 .text.HAL_Init
                0x08000e00       0x34 CMakeFiles/untitled.elf.dir/Drivers/STM32F4xx_HAL_Driver/Src/stm32f4xx_hal.c.obj
                0x08000e00                HAL_Init
 .text.HAL_IncTick
                0x08000e34       0x18 CMakeFiles/untitled.elf.dir/Drivers/STM32F4xx_HAL_Driver/Src/stm32f4xx_hal.c.obj
                0x08000e34                HAL_IncTick
 .text.HAL_GetTick
                0x08000e4c        0xc CMakeFiles/untitled.elf.dir/Drivers/STM32F4xx_HAL_Driver/Src/stm32f4xx_hal.c.obj
                0x08000e4c                HAL_GetTick
 .text.HAL_Delay
                0x08000e58       0x28 CMakeFiles/untitled.elf.dir/Drivers/STM32F4xx_HAL_Driver/Src/stm32f4xx_hal.c.obj
                0x08000e58                HAL_Delay
 .text.HAL_CAN_Init
                0x08000e80      0x14c CMakeFiles/untitled.elf.dir/Drivers/STM32F4xx_HAL_Driver/Src/stm32f4xx_hal_can.c.obj
                0x08000e80                HAL_CAN_Init
 .text.HAL_CAN_TxMailbox0CompleteCallback
                0x08000fcc        0x2 CMakeFiles/untitled.elf.dir/Drivers/STM32F4xx_HAL_Driver/Src/stm32f4xx_hal_can.c.obj
                0x08000fcc                HAL_CAN_TxMailbox0CompleteCallback
 .text.HAL_CAN_TxMailbox1CompleteCallback
                0x08000fce        0x2 CMakeFiles/untitled.elf.dir/Drivers/STM32F4xx_HAL_Driver/Src/stm32f4xx_hal_can.c.obj
                0x08000fce                HAL_CAN_TxMailbox1CompleteCallback
 .text.HAL_CAN_TxMailbox2CompleteCallback
                0x08000fd0        0x2 CMakeFiles/untitled.elf.dir/Drivers/STM32F4xx_HAL_Driver/Src/stm32f4xx_hal_can.c.obj
                0x08000fd0                HAL_CAN_TxMailbox2CompleteCallback
 .text.HAL_CAN_TxMailbox0AbortCallback
                0x08000fd2        0x2 CMakeFiles/untitled.elf.dir/Drivers/STM32F4xx_HAL_Driver/Src/stm32f4xx_hal_can.c.obj
                0x08000fd2                HAL_CAN_TxMailbox0AbortCallback
 .text.HAL_CAN_TxMailbox1AbortCallback
                0x08000fd4        0x2 CMakeFiles/untitled.elf.dir/Drivers/STM32F4xx_HAL_Driver/Src/stm32f4xx_hal_can.c.obj
                0x08000fd4                HAL_CAN_TxMailbox1AbortCallback
 .text.HAL_CAN_TxMailbox2AbortCallback
                0x08000fd6        0x2 CMakeFiles/untitled.elf.dir/Drivers/STM32F4xx_HAL_Driver/Src/stm32f4xx_hal_can.c.obj
                0x08000fd6                HAL_CAN_TxMailbox2AbortCallback
 .text.HAL_CAN_RxFifo0MsgPendingCallback
                0x08000fd8        0x2 CMakeFiles/untitled.elf.dir/Drivers/STM32F4xx_HAL_Driver/Src/stm32f4xx_hal_can.c.obj
                0x08000fd8                HAL_CAN_RxFifo0MsgPendingCallback
 .text.HAL_CAN_RxFifo0FullCallback
                0x08000fda        0x2 CMakeFiles/untitled.elf.dir/Drivers/STM32F4xx_HAL_Driver/Src/stm32f4xx_hal_can.c.obj
                0x08000fda                HAL_CAN_RxFifo0FullCallback
 .text.HAL_CAN_RxFifo1MsgPendingCallback
                0x08000fdc        0x2 CMakeFiles/untitled.elf.dir/Drivers/STM32F4xx_HAL_Driver/Src/stm32f4xx_hal_can.c.obj
                0x08000fdc                HAL_CAN_RxFifo1MsgPendingCallback
 .text.HAL_CAN_RxFifo1FullCallback
                0x08000fde        0x2 CMakeFiles/untitled.elf.dir/Drivers/STM32F4xx_HAL_Driver/Src/stm32f4xx_hal_can.c.obj
                0x08000fde                HAL_CAN_RxFifo1FullCallback
 .text.HAL_CAN_SleepCallback
                0x08000fe0        0x2 CMakeFiles/untitled.elf.dir/Drivers/STM32F4xx_HAL_Driver/Src/stm32f4xx_hal_can.c.obj
                0x08000fe0                HAL_CAN_SleepCallback
 .text.HAL_CAN_WakeUpFromRxMsgCallback
                0x08000fe2        0x2 CMakeFiles/untitled.elf.dir/Drivers/STM32F4xx_HAL_Driver/Src/stm32f4xx_hal_can.c.obj
                0x08000fe2                HAL_CAN_WakeUpFromRxMsgCallback
 .text.HAL_CAN_ErrorCallback
                0x08000fe4        0x2 CMakeFiles/untitled.elf.dir/Drivers/STM32F4xx_HAL_Driver/Src/stm32f4xx_hal_can.c.obj
                0x08000fe4                HAL_CAN_ErrorCallback
 .text.HAL_CAN_IRQHandler
                0x08000fe6      0x24a CMakeFiles/untitled.elf.dir/Drivers/STM32F4xx_HAL_Driver/Src/stm32f4xx_hal_can.c.obj
                0x08000fe6                HAL_CAN_IRQHandler
 .text.HAL_NVIC_SetPriorityGrouping
                0x08001230       0x24 CMakeFiles/untitled.elf.dir/Drivers/STM32F4xx_HAL_Driver/Src/stm32f4xx_hal_cortex.c.obj
                0x08001230                HAL_NVIC_SetPriorityGrouping
 .text.HAL_NVIC_SetPriority
                0x08001254       0x70 CMakeFiles/untitled.elf.dir/Drivers/STM32F4xx_HAL_Driver/Src/stm32f4xx_hal_cortex.c.obj
                0x08001254                HAL_NVIC_SetPriority
 .text.HAL_NVIC_EnableIRQ
                0x080012c4       0x1c CMakeFiles/untitled.elf.dir/Drivers/STM32F4xx_HAL_Driver/Src/stm32f4xx_hal_cortex.c.obj
                0x080012c4                HAL_NVIC_EnableIRQ
 .text.HAL_DMA_Abort
                0x080012e0       0x94 CMakeFiles/untitled.elf.dir/Drivers/STM32F4xx_HAL_Driver/Src/stm32f4xx_hal_dma.c.obj
                0x080012e0                HAL_DMA_Abort
 .text.HAL_DMA_Abort_IT
                0x08001374       0x26 CMakeFiles/untitled.elf.dir/Drivers/STM32F4xx_HAL_Driver/Src/stm32f4xx_hal_dma.c.obj
                0x08001374                HAL_DMA_Abort_IT
 *fill*         0x0800139a        0x2 
 .text.HAL_GPIO_Init
                0x0800139c      0x1e4 CMakeFiles/untitled.elf.dir/Drivers/STM32F4xx_HAL_Driver/Src/stm32f4xx_hal_gpio.c.obj
                0x0800139c                HAL_GPIO_Init
 .text.HAL_I2C_Init
                0x08001580      0x1bc CMakeFiles/untitled.elf.dir/Drivers/STM32F4xx_HAL_Driver/Src/stm32f4xx_hal_i2c.c.obj
                0x08001580                HAL_I2C_Init
 .text.PCD_WriteEmptyTxFifo
                0x0800173c       0xd0 CMakeFiles/untitled.elf.dir/Drivers/STM32F4xx_HAL_Driver/Src/stm32f4xx_hal_pcd.c.obj
 .text.HAL_PCD_Init
                0x0800180c      0x12e CMakeFiles/untitled.elf.dir/Drivers/STM32F4xx_HAL_Driver/Src/stm32f4xx_hal_pcd.c.obj
                0x0800180c                HAL_PCD_Init
 .text.HAL_PCD_Start
                0x0800193a       0x42 CMakeFiles/untitled.elf.dir/Drivers/STM32F4xx_HAL_Driver/Src/stm32f4xx_hal_pcd.c.obj
                0x0800193a                HAL_PCD_Start
 .text.PCD_EP_OutXfrComplete_int
                0x0800197c      0x104 CMakeFiles/untitled.elf.dir/Drivers/STM32F4xx_HAL_Driver/Src/stm32f4xx_hal_pcd.c.obj
 .text.PCD_EP_OutSetupPacket_int
                0x08001a80       0x50 CMakeFiles/untitled.elf.dir/Drivers/STM32F4xx_HAL_Driver/Src/stm32f4xx_hal_pcd.c.obj
 .text.HAL_PCD_SetAddress
                0x08001ad0       0x28 CMakeFiles/untitled.elf.dir/Drivers/STM32F4xx_HAL_Driver/Src/stm32f4xx_hal_pcd.c.obj
                0x08001ad0                HAL_PCD_SetAddress
 .text.HAL_PCD_EP_Open
                0x08001af8       0x8a CMakeFiles/untitled.elf.dir/Drivers/STM32F4xx_HAL_Driver/Src/stm32f4xx_hal_pcd.c.obj
                0x08001af8                HAL_PCD_EP_Open
 .text.HAL_PCD_EP_Close
                0x08001b82       0x72 CMakeFiles/untitled.elf.dir/Drivers/STM32F4xx_HAL_Driver/Src/stm32f4xx_hal_pcd.c.obj
                0x08001b82                HAL_PCD_EP_Close
 .text.HAL_PCD_EP_Receive
                0x08001bf4       0x5e CMakeFiles/untitled.elf.dir/Drivers/STM32F4xx_HAL_Driver/Src/stm32f4xx_hal_pcd.c.obj
                0x08001bf4                HAL_PCD_EP_Receive
 .text.HAL_PCD_EP_GetRxCount
                0x08001c52       0x12 CMakeFiles/untitled.elf.dir/Drivers/STM32F4xx_HAL_Driver/Src/stm32f4xx_hal_pcd.c.obj
                0x08001c52                HAL_PCD_EP_GetRxCount
 .text.HAL_PCD_EP_Transmit
                0x08001c64       0x5e CMakeFiles/untitled.elf.dir/Drivers/STM32F4xx_HAL_Driver/Src/stm32f4xx_hal_pcd.c.obj
                0x08001c64                HAL_PCD_EP_Transmit
 .text.HAL_PCD_EP_SetStall
                0x08001cc2       0x88 CMakeFiles/untitled.elf.dir/Drivers/STM32F4xx_HAL_Driver/Src/stm32f4xx_hal_pcd.c.obj
                0x08001cc2                HAL_PCD_EP_SetStall
 .text.HAL_PCD_EP_ClrStall
                0x08001d4a       0x76 CMakeFiles/untitled.elf.dir/Drivers/STM32F4xx_HAL_Driver/Src/stm32f4xx_hal_pcd.c.obj
                0x08001d4a                HAL_PCD_EP_ClrStall
 .text.HAL_PCD_EP_Abort
                0x08001dc0       0x34 CMakeFiles/untitled.elf.dir/Drivers/STM32F4xx_HAL_Driver/Src/stm32f4xx_hal_pcd.c.obj
                0x08001dc0                HAL_PCD_EP_Abort
 .text.HAL_PCD_IRQHandler
                0x08001df4      0x5c4 CMakeFiles/untitled.elf.dir/Drivers/STM32F4xx_HAL_Driver/Src/stm32f4xx_hal_pcd.c.obj
                0x08001df4                HAL_PCD_IRQHandler
 .text.HAL_PCDEx_SetTxFiFo
                0x080023b8       0x4c CMakeFiles/untitled.elf.dir/Drivers/STM32F4xx_HAL_Driver/Src/stm32f4xx_hal_pcd_ex.c.obj
                0x080023b8                HAL_PCDEx_SetTxFiFo
 .text.HAL_PCDEx_SetRxFiFo
                0x08002404        0x8 CMakeFiles/untitled.elf.dir/Drivers/STM32F4xx_HAL_Driver/Src/stm32f4xx_hal_pcd_ex.c.obj
                0x08002404                HAL_PCDEx_SetRxFiFo
 .text.HAL_PCDEx_LPM_Callback
                0x0800240c        0x2 CMakeFiles/untitled.elf.dir/Drivers/STM32F4xx_HAL_Driver/Src/stm32f4xx_hal_pcd_ex.c.obj
                0x0800240c                HAL_PCDEx_LPM_Callback
 *fill*         0x0800240e        0x2 
 .text.HAL_RCC_OscConfig
                0x08002410      0x3f8 CMakeFiles/untitled.elf.dir/Drivers/STM32F4xx_HAL_Driver/Src/stm32f4xx_hal_rcc.c.obj
                0x08002410                HAL_RCC_OscConfig
 .text.HAL_RCC_GetSysClockFreq
                0x08002808       0xd4 CMakeFiles/untitled.elf.dir/Drivers/STM32F4xx_HAL_Driver/Src/stm32f4xx_hal_rcc.c.obj
                0x08002808                HAL_RCC_GetSysClockFreq
 .text.HAL_RCC_ClockConfig
                0x080028dc      0x160 CMakeFiles/untitled.elf.dir/Drivers/STM32F4xx_HAL_Driver/Src/stm32f4xx_hal_rcc.c.obj
                0x080028dc                HAL_RCC_ClockConfig
 .text.HAL_RCC_GetHCLKFreq
                0x08002a3c        0xc CMakeFiles/untitled.elf.dir/Drivers/STM32F4xx_HAL_Driver/Src/stm32f4xx_hal_rcc.c.obj
                0x08002a3c                HAL_RCC_GetHCLKFreq
 .text.HAL_RCC_GetPCLK1Freq
                0x08002a48       0x20 CMakeFiles/untitled.elf.dir/Drivers/STM32F4xx_HAL_Driver/Src/stm32f4xx_hal_rcc.c.obj
                0x08002a48                HAL_RCC_GetPCLK1Freq
 .text.HAL_RCC_GetPCLK2Freq
                0x08002a68       0x20 CMakeFiles/untitled.elf.dir/Drivers/STM32F4xx_HAL_Driver/Src/stm32f4xx_hal_rcc.c.obj
                0x08002a68                HAL_RCC_GetPCLK2Freq
 .text.HAL_RCC_GetClockConfig
                0x08002a88       0x3c CMakeFiles/untitled.elf.dir/Drivers/STM32F4xx_HAL_Driver/Src/stm32f4xx_hal_rcc.c.obj
                0x08002a88                HAL_RCC_GetClockConfig
 .text.HAL_TIM_Base_Start_IT
                0x08002ac4       0x88 CMakeFiles/untitled.elf.dir/Drivers/STM32F4xx_HAL_Driver/Src/stm32f4xx_hal_tim.c.obj
                0x08002ac4                HAL_TIM_Base_Start_IT
 .text.HAL_TIM_OC_DelayElapsedCallback
                0x08002b4c        0x2 CMakeFiles/untitled.elf.dir/Drivers/STM32F4xx_HAL_Driver/Src/stm32f4xx_hal_tim.c.obj
                0x08002b4c                HAL_TIM_OC_DelayElapsedCallback
 .text.HAL_TIM_IC_CaptureCallback
                0x08002b4e        0x2 CMakeFiles/untitled.elf.dir/Drivers/STM32F4xx_HAL_Driver/Src/stm32f4xx_hal_tim.c.obj
                0x08002b4e                HAL_TIM_IC_CaptureCallback
 .text.HAL_TIM_PWM_PulseFinishedCallback
                0x08002b50        0x2 CMakeFiles/untitled.elf.dir/Drivers/STM32F4xx_HAL_Driver/Src/stm32f4xx_hal_tim.c.obj
                0x08002b50                HAL_TIM_PWM_PulseFinishedCallback
 .text.HAL_TIM_TriggerCallback
                0x08002b52        0x2 CMakeFiles/untitled.elf.dir/Drivers/STM32F4xx_HAL_Driver/Src/stm32f4xx_hal_tim.c.obj
                0x08002b52                HAL_TIM_TriggerCallback
 .text.HAL_TIM_IRQHandler
                0x08002b54      0x17a CMakeFiles/untitled.elf.dir/Drivers/STM32F4xx_HAL_Driver/Src/stm32f4xx_hal_tim.c.obj
                0x08002b54                HAL_TIM_IRQHandler
 *fill*         0x08002cce        0x2 
 .text.TIM_Base_SetConfig
                0x08002cd0       0xc8 CMakeFiles/untitled.elf.dir/Drivers/STM32F4xx_HAL_Driver/Src/stm32f4xx_hal_tim.c.obj
                0x08002cd0                TIM_Base_SetConfig
 .text.HAL_TIM_Base_Init
                0x08002d98       0x58 CMakeFiles/untitled.elf.dir/Drivers/STM32F4xx_HAL_Driver/Src/stm32f4xx_hal_tim.c.obj
                0x08002d98                HAL_TIM_Base_Init
 .text.HAL_TIMEx_CommutCallback
                0x08002df0        0x2 CMakeFiles/untitled.elf.dir/Drivers/STM32F4xx_HAL_Driver/Src/stm32f4xx_hal_tim_ex.c.obj
                0x08002df0                HAL_TIMEx_CommutCallback
 .text.HAL_TIMEx_BreakCallback
                0x08002df2        0x2 CMakeFiles/untitled.elf.dir/Drivers/STM32F4xx_HAL_Driver/Src/stm32f4xx_hal_tim_ex.c.obj
                0x08002df2                HAL_TIMEx_BreakCallback
 .text.UART_EndRxTransfer
                0x08002df4       0x5c CMakeFiles/untitled.elf.dir/Drivers/STM32F4xx_HAL_Driver/Src/stm32f4xx_hal_uart.c.obj
 .text.UART_Transmit_IT
                0x08002e50       0x60 CMakeFiles/untitled.elf.dir/Drivers/STM32F4xx_HAL_Driver/Src/stm32f4xx_hal_uart.c.obj
 .text.UART_SetConfig
                0x08002eb0      0x110 CMakeFiles/untitled.elf.dir/Drivers/STM32F4xx_HAL_Driver/Src/stm32f4xx_hal_uart.c.obj
 .text.HAL_UART_Init
                0x08002fc0       0x5e CMakeFiles/untitled.elf.dir/Drivers/STM32F4xx_HAL_Driver/Src/stm32f4xx_hal_uart.c.obj
                0x08002fc0                HAL_UART_Init
 .text.HAL_UART_TxCpltCallback
                0x0800301e        0x2 CMakeFiles/untitled.elf.dir/Drivers/STM32F4xx_HAL_Driver/Src/stm32f4xx_hal_uart.c.obj
                0x0800301e                HAL_UART_TxCpltCallback
 .text.UART_EndTransmit_IT
                0x08003020       0x1a CMakeFiles/untitled.elf.dir/Drivers/STM32F4xx_HAL_Driver/Src/stm32f4xx_hal_uart.c.obj
 .text.HAL_UART_RxCpltCallback
                0x0800303a        0x2 CMakeFiles/untitled.elf.dir/Drivers/STM32F4xx_HAL_Driver/Src/stm32f4xx_hal_uart.c.obj
                0x0800303a                HAL_UART_RxCpltCallback
 .text.HAL_UART_ErrorCallback
                0x0800303c        0x2 CMakeFiles/untitled.elf.dir/Drivers/STM32F4xx_HAL_Driver/Src/stm32f4xx_hal_uart.c.obj
                0x0800303c                HAL_UART_ErrorCallback
 .text.UART_DMAAbortOnError
                0x0800303e       0x10 CMakeFiles/untitled.elf.dir/Drivers/STM32F4xx_HAL_Driver/Src/stm32f4xx_hal_uart.c.obj
 .text.HAL_UARTEx_RxEventCallback
                0x0800304e        0x2 CMakeFiles/untitled.elf.dir/Drivers/STM32F4xx_HAL_Driver/Src/stm32f4xx_hal_uart.c.obj
                0x0800304e                HAL_UARTEx_RxEventCallback
 .text.UART_Receive_IT
                0x08003050       0xe2 CMakeFiles/untitled.elf.dir/Drivers/STM32F4xx_HAL_Driver/Src/stm32f4xx_hal_uart.c.obj
 *fill*         0x08003132        0x2 
 .text.HAL_UART_IRQHandler
                0x08003134      0x280 CMakeFiles/untitled.elf.dir/Drivers/STM32F4xx_HAL_Driver/Src/stm32f4xx_hal_uart.c.obj
                0x08003134                HAL_UART_IRQHandler
 .text.USB_CoreReset
                0x080033b4       0x50 CMakeFiles/untitled.elf.dir/Drivers/STM32F4xx_HAL_Driver/Src/stm32f4xx_ll_usb.c.obj
 .text.USB_CoreInit
                0x08003404       0x8a CMakeFiles/untitled.elf.dir/Drivers/STM32F4xx_HAL_Driver/Src/stm32f4xx_ll_usb.c.obj
                0x08003404                USB_CoreInit
 *fill*         0x0800348e        0x2 
 .text.USB_SetTurnaroundTime
                0x08003490       0xe4 CMakeFiles/untitled.elf.dir/Drivers/STM32F4xx_HAL_Driver/Src/stm32f4xx_ll_usb.c.obj
                0x08003490                USB_SetTurnaroundTime
 .text.USB_EnableGlobalInt
                0x08003574        0xc CMakeFiles/untitled.elf.dir/Drivers/STM32F4xx_HAL_Driver/Src/stm32f4xx_ll_usb.c.obj
                0x08003574                USB_EnableGlobalInt
 .text.USB_DisableGlobalInt
                0x08003580        0xc CMakeFiles/untitled.elf.dir/Drivers/STM32F4xx_HAL_Driver/Src/stm32f4xx_ll_usb.c.obj
                0x08003580                USB_DisableGlobalInt
 .text.USB_FlushTxFifo
                0x0800358c       0x50 CMakeFiles/untitled.elf.dir/Drivers/STM32F4xx_HAL_Driver/Src/stm32f4xx_ll_usb.c.obj
                0x0800358c                USB_FlushTxFifo
 .text.USB_FlushRxFifo
                0x080035dc       0x4c CMakeFiles/untitled.elf.dir/Drivers/STM32F4xx_HAL_Driver/Src/stm32f4xx_ll_usb.c.obj
                0x080035dc                USB_FlushRxFifo
 .text.USB_SetDevSpeed
                0x08003628        0xe CMakeFiles/untitled.elf.dir/Drivers/STM32F4xx_HAL_Driver/Src/stm32f4xx_ll_usb.c.obj
                0x08003628                USB_SetDevSpeed
 *fill*         0x08003636        0x2 
 .text.USB_DevInit
                0x08003638      0x190 CMakeFiles/untitled.elf.dir/Drivers/STM32F4xx_HAL_Driver/Src/stm32f4xx_ll_usb.c.obj
                0x08003638                USB_DevInit
 .text.USB_GetDevSpeed
                0x080037c8       0x22 CMakeFiles/untitled.elf.dir/Drivers/STM32F4xx_HAL_Driver/Src/stm32f4xx_ll_usb.c.obj
                0x080037c8                USB_GetDevSpeed
 .text.USB_ActivateEndpoint
                0x080037ea       0x9c CMakeFiles/untitled.elf.dir/Drivers/STM32F4xx_HAL_Driver/Src/stm32f4xx_ll_usb.c.obj
                0x080037ea                USB_ActivateEndpoint
 *fill*         0x08003886        0x2 
 .text.USB_DeactivateEndpoint
                0x08003888       0xe0 CMakeFiles/untitled.elf.dir/Drivers/STM32F4xx_HAL_Driver/Src/stm32f4xx_ll_usb.c.obj
                0x08003888                USB_DeactivateEndpoint
 .text.USB_EP0StartXfer
                0x08003968      0x124 CMakeFiles/untitled.elf.dir/Drivers/STM32F4xx_HAL_Driver/Src/stm32f4xx_ll_usb.c.obj
                0x08003968                USB_EP0StartXfer
 .text.USB_EPStopXfer
                0x08003a8c       0xbe CMakeFiles/untitled.elf.dir/Drivers/STM32F4xx_HAL_Driver/Src/stm32f4xx_ll_usb.c.obj
                0x08003a8c                USB_EPStopXfer
 .text.USB_WritePacket
                0x08003b4a       0x2e CMakeFiles/untitled.elf.dir/Drivers/STM32F4xx_HAL_Driver/Src/stm32f4xx_ll_usb.c.obj
                0x08003b4a                USB_WritePacket
 .text.USB_EPStartXfer
                0x08003b78      0x234 CMakeFiles/untitled.elf.dir/Drivers/STM32F4xx_HAL_Driver/Src/stm32f4xx_ll_usb.c.obj
                0x08003b78                USB_EPStartXfer
 .text.USB_ReadPacket
                0x08003dac       0x54 CMakeFiles/untitled.elf.dir/Drivers/STM32F4xx_HAL_Driver/Src/stm32f4xx_ll_usb.c.obj
                0x08003dac                USB_ReadPacket
 .text.USB_EPSetStall
                0x08003e00       0x5a CMakeFiles/untitled.elf.dir/Drivers/STM32F4xx_HAL_Driver/Src/stm32f4xx_ll_usb.c.obj
                0x08003e00                USB_EPSetStall
 .text.USB_EPClearStall
                0x08003e5a       0x5c CMakeFiles/untitled.elf.dir/Drivers/STM32F4xx_HAL_Driver/Src/stm32f4xx_ll_usb.c.obj
                0x08003e5a                USB_EPClearStall
 .text.USB_SetDevAddress
                0x08003eb6       0x20 CMakeFiles/untitled.elf.dir/Drivers/STM32F4xx_HAL_Driver/Src/stm32f4xx_ll_usb.c.obj
                0x08003eb6                USB_SetDevAddress
 .text.USB_DevConnect
                0x08003ed6       0x1c CMakeFiles/untitled.elf.dir/Drivers/STM32F4xx_HAL_Driver/Src/stm32f4xx_ll_usb.c.obj
                0x08003ed6                USB_DevConnect
 .text.USB_DevDisconnect
                0x08003ef2       0x1c CMakeFiles/untitled.elf.dir/Drivers/STM32F4xx_HAL_Driver/Src/stm32f4xx_ll_usb.c.obj
                0x08003ef2                USB_DevDisconnect
 .text.USB_ReadInterrupts
                0x08003f0e        0x8 CMakeFiles/untitled.elf.dir/Drivers/STM32F4xx_HAL_Driver/Src/stm32f4xx_ll_usb.c.obj
                0x08003f0e                USB_ReadInterrupts
 .text.USB_ReadDevAllOutEpInterrupt
                0x08003f16       0x10 CMakeFiles/untitled.elf.dir/Drivers/STM32F4xx_HAL_Driver/Src/stm32f4xx_ll_usb.c.obj
                0x08003f16                USB_ReadDevAllOutEpInterrupt
 .text.USB_ReadDevAllInEpInterrupt
                0x08003f26       0x10 CMakeFiles/untitled.elf.dir/Drivers/STM32F4xx_HAL_Driver/Src/stm32f4xx_ll_usb.c.obj
                0x08003f26                USB_ReadDevAllInEpInterrupt
 .text.USB_ReadDevOutEPInterrupt
                0x08003f36       0x12 CMakeFiles/untitled.elf.dir/Drivers/STM32F4xx_HAL_Driver/Src/stm32f4xx_ll_usb.c.obj
                0x08003f36                USB_ReadDevOutEPInterrupt
 .text.USB_ReadDevInEPInterrupt
                0x08003f48       0x28 CMakeFiles/untitled.elf.dir/Drivers/STM32F4xx_HAL_Driver/Src/stm32f4xx_ll_usb.c.obj
                0x08003f48                USB_ReadDevInEPInterrupt
 .text.USB_GetMode
                0x08003f70        0x8 CMakeFiles/untitled.elf.dir/Drivers/STM32F4xx_HAL_Driver/Src/stm32f4xx_ll_usb.c.obj
                0x08003f70                USB_GetMode
 .text.USB_SetCurrentMode
                0x08003f78       0x62 CMakeFiles/untitled.elf.dir/Drivers/STM32F4xx_HAL_Driver/Src/stm32f4xx_ll_usb.c.obj
                0x08003f78                USB_SetCurrentMode
 .text.USB_ActivateSetup
                0x08003fda       0x20 CMakeFiles/untitled.elf.dir/Drivers/STM32F4xx_HAL_Driver/Src/stm32f4xx_ll_usb.c.obj
                0x08003fda                USB_ActivateSetup
 *fill*         0x08003ffa        0x2 
 .text.USB_EP0_OutStart
                0x08003ffc       0x60 CMakeFiles/untitled.elf.dir/Drivers/STM32F4xx_HAL_Driver/Src/stm32f4xx_ll_usb.c.obj
                0x08003ffc                USB_EP0_OutStart
 .text.USBD_CDC_EP0_RxReady
                0x0800405c       0x40 CMakeFiles/untitled.elf.dir/Middlewares/ST/STM32_USB_Device_Library/Class/CDC/Src/usbd_cdc.c.obj
 .text.USBD_CDC_GetDeviceQualifierDescriptor
                0x0800409c        0xc CMakeFiles/untitled.elf.dir/Middlewares/ST/STM32_USB_Device_Library/Class/CDC/Src/usbd_cdc.c.obj
                0x0800409c                USBD_CDC_GetDeviceQualifierDescriptor
 .text.USBD_CDC_GetOtherSpeedCfgDesc
                0x080040a8       0x48 CMakeFiles/untitled.elf.dir/Middlewares/ST/STM32_USB_Device_Library/Class/CDC/Src/usbd_cdc.c.obj
 .text.USBD_CDC_GetFSCfgDesc
                0x080040f0       0x48 CMakeFiles/untitled.elf.dir/Middlewares/ST/STM32_USB_Device_Library/Class/CDC/Src/usbd_cdc.c.obj
 .text.USBD_CDC_GetHSCfgDesc
                0x08004138       0x48 CMakeFiles/untitled.elf.dir/Middlewares/ST/STM32_USB_Device_Library/Class/CDC/Src/usbd_cdc.c.obj
 .text.USBD_CDC_DataOut
                0x08004180       0x38 CMakeFiles/untitled.elf.dir/Middlewares/ST/STM32_USB_Device_Library/Class/CDC/Src/usbd_cdc.c.obj
 .text.USBD_CDC_DataIn
                0x080041b8       0x7c CMakeFiles/untitled.elf.dir/Middlewares/ST/STM32_USB_Device_Library/Class/CDC/Src/usbd_cdc.c.obj
 .text.USBD_CDC_Setup
                0x08004234      0x11a CMakeFiles/untitled.elf.dir/Middlewares/ST/STM32_USB_Device_Library/Class/CDC/Src/usbd_cdc.c.obj
 .text.USBD_CDC_DeInit
                0x0800434e       0x64 CMakeFiles/untitled.elf.dir/Middlewares/ST/STM32_USB_Device_Library/Class/CDC/Src/usbd_cdc.c.obj
 .text.USBD_CDC_Init
                0x080043b2       0xee CMakeFiles/untitled.elf.dir/Middlewares/ST/STM32_USB_Device_Library/Class/CDC/Src/usbd_cdc.c.obj
 .text.USBD_CDC_RegisterInterface
                0x080044a0       0x16 CMakeFiles/untitled.elf.dir/Middlewares/ST/STM32_USB_Device_Library/Class/CDC/Src/usbd_cdc.c.obj
                0x080044a0                USBD_CDC_RegisterInterface
 .text.USBD_CDC_SetTxBuffer
                0x080044b6       0x1c CMakeFiles/untitled.elf.dir/Middlewares/ST/STM32_USB_Device_Library/Class/CDC/Src/usbd_cdc.c.obj
                0x080044b6                USBD_CDC_SetTxBuffer
 .text.USBD_CDC_SetRxBuffer
                0x080044d2       0x18 CMakeFiles/untitled.elf.dir/Middlewares/ST/STM32_USB_Device_Library/Class/CDC/Src/usbd_cdc.c.obj
                0x080044d2                USBD_CDC_SetRxBuffer
 .text.USBD_CDC_ReceivePacket
                0x080044ea       0x38 CMakeFiles/untitled.elf.dir/Middlewares/ST/STM32_USB_Device_Library/Class/CDC/Src/usbd_cdc.c.obj
                0x080044ea                USBD_CDC_ReceivePacket
 .text.USBD_Init
                0x08004522       0x2e CMakeFiles/untitled.elf.dir/Middlewares/ST/STM32_USB_Device_Library/Core/Src/usbd_core.c.obj
                0x08004522                USBD_Init
 .text.USBD_RegisterClass
                0x08004550       0x34 CMakeFiles/untitled.elf.dir/Middlewares/ST/STM32_USB_Device_Library/Core/Src/usbd_core.c.obj
                0x08004550                USBD_RegisterClass
 .text.USBD_Start
                0x08004584        0x8 CMakeFiles/untitled.elf.dir/Middlewares/ST/STM32_USB_Device_Library/Core/Src/usbd_core.c.obj
                0x08004584                USBD_Start
 .text.USBD_SetClassConfig
                0x0800458c       0x12 CMakeFiles/untitled.elf.dir/Middlewares/ST/STM32_USB_Device_Library/Core/Src/usbd_core.c.obj
                0x0800458c                USBD_SetClassConfig
 .text.USBD_ClrClassConfig
                0x0800459e       0x12 CMakeFiles/untitled.elf.dir/Middlewares/ST/STM32_USB_Device_Library/Core/Src/usbd_core.c.obj
                0x0800459e                USBD_ClrClassConfig
 .text.USBD_LL_SetupStage
                0x080045b0       0x58 CMakeFiles/untitled.elf.dir/Middlewares/ST/STM32_USB_Device_Library/Core/Src/usbd_core.c.obj
                0x080045b0                USBD_LL_SetupStage
 .text.USBD_LL_Reset
                0x08004608       0x64 CMakeFiles/untitled.elf.dir/Middlewares/ST/STM32_USB_Device_Library/Core/Src/usbd_core.c.obj
                0x08004608                USBD_LL_Reset
 .text.USBD_LL_SetSpeed
                0x0800466c        0x6 CMakeFiles/untitled.elf.dir/Middlewares/ST/STM32_USB_Device_Library/Core/Src/usbd_core.c.obj
                0x0800466c                USBD_LL_SetSpeed
 .text.USBD_LL_Suspend
                0x08004672       0x14 CMakeFiles/untitled.elf.dir/Middlewares/ST/STM32_USB_Device_Library/Core/Src/usbd_core.c.obj
                0x08004672                USBD_LL_Suspend
 .text.USBD_LL_Resume
                0x08004686       0x1a CMakeFiles/untitled.elf.dir/Middlewares/ST/STM32_USB_Device_Library/Core/Src/usbd_core.c.obj
                0x08004686                USBD_LL_Resume
 .text.USBD_LL_SOF
                0x080046a0       0x22 CMakeFiles/untitled.elf.dir/Middlewares/ST/STM32_USB_Device_Library/Core/Src/usbd_core.c.obj
                0x080046a0                USBD_LL_SOF
 .text.USBD_LL_IsoINIncomplete
                0x080046c2       0x2e CMakeFiles/untitled.elf.dir/Middlewares/ST/STM32_USB_Device_Library/Core/Src/usbd_core.c.obj
                0x080046c2                USBD_LL_IsoINIncomplete
 .text.USBD_LL_IsoOUTIncomplete
                0x080046f0       0x2e CMakeFiles/untitled.elf.dir/Middlewares/ST/STM32_USB_Device_Library/Core/Src/usbd_core.c.obj
                0x080046f0                USBD_LL_IsoOUTIncomplete
 .text.USBD_LL_DevConnected
                0x0800471e        0x4 CMakeFiles/untitled.elf.dir/Middlewares/ST/STM32_USB_Device_Library/Core/Src/usbd_core.c.obj
                0x0800471e                USBD_LL_DevConnected
 .text.USBD_LL_DevDisconnected
                0x08004722       0x20 CMakeFiles/untitled.elf.dir/Middlewares/ST/STM32_USB_Device_Library/Core/Src/usbd_core.c.obj
                0x08004722                USBD_LL_DevDisconnected
 .text.USBD_CoreFindIF
                0x08004742        0x4 CMakeFiles/untitled.elf.dir/Middlewares/ST/STM32_USB_Device_Library/Core/Src/usbd_core.c.obj
                0x08004742                USBD_CoreFindIF
 .text.USBD_CoreFindEP
                0x08004746        0x4 CMakeFiles/untitled.elf.dir/Middlewares/ST/STM32_USB_Device_Library/Core/Src/usbd_core.c.obj
                0x08004746                USBD_CoreFindEP
 .text.USBD_LL_DataOutStage
                0x0800474a       0xc6 CMakeFiles/untitled.elf.dir/Middlewares/ST/STM32_USB_Device_Library/Core/Src/usbd_core.c.obj
                0x0800474a                USBD_LL_DataOutStage
 .text.USBD_LL_DataInStage
                0x08004810       0xd6 CMakeFiles/untitled.elf.dir/Middlewares/ST/STM32_USB_Device_Library/Core/Src/usbd_core.c.obj
                0x08004810                USBD_LL_DataInStage
 .text.USBD_GetNextDesc
                0x080048e6        0xe CMakeFiles/untitled.elf.dir/Middlewares/ST/STM32_USB_Device_Library/Core/Src/usbd_core.c.obj
                0x080048e6                USBD_GetNextDesc
 .text.USBD_GetEpDesc
                0x080048f4       0x3e CMakeFiles/untitled.elf.dir/Middlewares/ST/STM32_USB_Device_Library/Core/Src/usbd_core.c.obj
                0x080048f4                USBD_GetEpDesc
 .text.USBD_GetLen
                0x08004932       0x14 CMakeFiles/untitled.elf.dir/Middlewares/ST/STM32_USB_Device_Library/Core/Src/usbd_ctlreq.c.obj
 .text.USBD_ParseSetupRequest
                0x08004946       0x28 CMakeFiles/untitled.elf.dir/Middlewares/ST/STM32_USB_Device_Library/Core/Src/usbd_ctlreq.c.obj
                0x08004946                USBD_ParseSetupRequest
 .text.USBD_CtlError
                0x0800496e       0x14 CMakeFiles/untitled.elf.dir/Middlewares/ST/STM32_USB_Device_Library/Core/Src/usbd_ctlreq.c.obj
                0x0800496e                USBD_CtlError
 .text.USBD_GetDescriptor
                0x08004982      0x18a CMakeFiles/untitled.elf.dir/Middlewares/ST/STM32_USB_Device_Library/Core/Src/usbd_ctlreq.c.obj
 .text.USBD_SetAddress
                0x08004b0c       0x50 CMakeFiles/untitled.elf.dir/Middlewares/ST/STM32_USB_Device_Library/Core/Src/usbd_ctlreq.c.obj
 .text.USBD_SetConfig
                0x08004b5c       0xcc CMakeFiles/untitled.elf.dir/Middlewares/ST/STM32_USB_Device_Library/Core/Src/usbd_ctlreq.c.obj
 .text.USBD_GetConfig
                0x08004c28       0x40 CMakeFiles/untitled.elf.dir/Middlewares/ST/STM32_USB_Device_Library/Core/Src/usbd_ctlreq.c.obj
 .text.USBD_GetStatus
                0x08004c68       0x38 CMakeFiles/untitled.elf.dir/Middlewares/ST/STM32_USB_Device_Library/Core/Src/usbd_ctlreq.c.obj
 .text.USBD_SetFeature
                0x08004ca0       0x2a CMakeFiles/untitled.elf.dir/Middlewares/ST/STM32_USB_Device_Library/Core/Src/usbd_ctlreq.c.obj
 .text.USBD_ClrFeature
                0x08004cca       0x26 CMakeFiles/untitled.elf.dir/Middlewares/ST/STM32_USB_Device_Library/Core/Src/usbd_ctlreq.c.obj
 .text.USBD_StdDevReq
                0x08004cf0       0x76 CMakeFiles/untitled.elf.dir/Middlewares/ST/STM32_USB_Device_Library/Core/Src/usbd_ctlreq.c.obj
                0x08004cf0                USBD_StdDevReq
 .text.USBD_StdItfReq
                0x08004d66       0x84 CMakeFiles/untitled.elf.dir/Middlewares/ST/STM32_USB_Device_Library/Core/Src/usbd_ctlreq.c.obj
                0x08004d66                USBD_StdItfReq
 .text.USBD_StdEPReq
                0x08004dea      0x230 CMakeFiles/untitled.elf.dir/Middlewares/ST/STM32_USB_Device_Library/Core/Src/usbd_ctlreq.c.obj
                0x08004dea                USBD_StdEPReq
 .text.USBD_GetString
                0x0800501a       0x3a CMakeFiles/untitled.elf.dir/Middlewares/ST/STM32_USB_Device_Library/Core/Src/usbd_ctlreq.c.obj
                0x0800501a                USBD_GetString
 .text.USBD_CtlSendData
                0x08005054       0x1a CMakeFiles/untitled.elf.dir/Middlewares/ST/STM32_USB_Device_Library/Core/Src/usbd_ioreq.c.obj
                0x08005054                USBD_CtlSendData
 .text.USBD_CtlContinueSendData
                0x0800506e       0x10 CMakeFiles/untitled.elf.dir/Middlewares/ST/STM32_USB_Device_Library/Core/Src/usbd_ioreq.c.obj
                0x0800506e                USBD_CtlContinueSendData
 .text.USBD_CtlPrepareRx
                0x0800507e       0x1e CMakeFiles/untitled.elf.dir/Middlewares/ST/STM32_USB_Device_Library/Core/Src/usbd_ioreq.c.obj
                0x0800507e                USBD_CtlPrepareRx
 .text.USBD_CtlContinueRx
                0x0800509c       0x10 CMakeFiles/untitled.elf.dir/Middlewares/ST/STM32_USB_Device_Library/Core/Src/usbd_ioreq.c.obj
                0x0800509c                USBD_CtlContinueRx
 .text.USBD_CtlSendStatus
                0x080050ac       0x16 CMakeFiles/untitled.elf.dir/Middlewares/ST/STM32_USB_Device_Library/Core/Src/usbd_ioreq.c.obj
                0x080050ac                USBD_CtlSendStatus
 .text.USBD_CtlReceiveStatus
                0x080050c2       0x16 CMakeFiles/untitled.elf.dir/Middlewares/ST/STM32_USB_Device_Library/Core/Src/usbd_ioreq.c.obj
                0x080050c2                USBD_CtlReceiveStatus
 .text.SysTick_Handler
                0x080050d8       0x18 CMakeFiles/untitled.elf.dir/Middlewares/Third_Party/FreeRTOS/Source/CMSIS_RTOS_V2/cmsis_os2.c.obj
                0x080050d8                SysTick_Handler
 .text.osKernelInitialize
                0x080050f0       0x24 CMakeFiles/untitled.elf.dir/Middlewares/Third_Party/FreeRTOS/Source/CMSIS_RTOS_V2/cmsis_os2.c.obj
                0x080050f0                osKernelInitialize
 .text.osKernelStart
                0x08005114       0x38 CMakeFiles/untitled.elf.dir/Middlewares/Third_Party/FreeRTOS/Source/CMSIS_RTOS_V2/cmsis_os2.c.obj
                0x08005114                osKernelStart
 .text.osThreadNew
                0x0800514c       0xbc CMakeFiles/untitled.elf.dir/Middlewares/Third_Party/FreeRTOS/Source/CMSIS_RTOS_V2/cmsis_os2.c.obj
                0x0800514c                osThreadNew
 .text.osDelay  0x08005208       0x1c CMakeFiles/untitled.elf.dir/Middlewares/Third_Party/FreeRTOS/Source/CMSIS_RTOS_V2/cmsis_os2.c.obj
                0x08005208                osDelay
 .text.vApplicationGetIdleTaskMemory
                0x08005224       0x18 CMakeFiles/untitled.elf.dir/Middlewares/Third_Party/FreeRTOS/Source/CMSIS_RTOS_V2/cmsis_os2.c.obj
                0x08005224                vApplicationGetIdleTaskMemory
 .text.vApplicationGetTimerTaskMemory
                0x0800523c       0x18 CMakeFiles/untitled.elf.dir/Middlewares/Third_Party/FreeRTOS/Source/CMSIS_RTOS_V2/cmsis_os2.c.obj
                0x0800523c                vApplicationGetTimerTaskMemory
 .text.vListInitialise
                0x08005254       0x16 CMakeFiles/untitled.elf.dir/Middlewares/Third_Party/FreeRTOS/Source/list.c.obj
                0x08005254                vListInitialise
 .text.vListInitialiseItem
                0x0800526a        0x6 CMakeFiles/untitled.elf.dir/Middlewares/Third_Party/FreeRTOS/Source/list.c.obj
                0x0800526a                vListInitialiseItem
 .text.vListInsertEnd
                0x08005270       0x16 CMakeFiles/untitled.elf.dir/Middlewares/Third_Party/FreeRTOS/Source/list.c.obj
                0x08005270                vListInsertEnd
 .text.vListInsert
                0x08005286       0x32 CMakeFiles/untitled.elf.dir/Middlewares/Third_Party/FreeRTOS/Source/list.c.obj
                0x08005286                vListInsert
 .text.uxListRemove
                0x080052b8       0x26 CMakeFiles/untitled.elf.dir/Middlewares/Third_Party/FreeRTOS/Source/list.c.obj
                0x080052b8                uxListRemove
 *fill*         0x080052de        0x2 
 .text.prvTaskExitError
                0x080052e0       0x40 CMakeFiles/untitled.elf.dir/Middlewares/Third_Party/FreeRTOS/Source/portable/GCC/ARM_CM4F/port.c.obj
 .text.prvPortStartFirstTask
                0x08005320       0x28 CMakeFiles/untitled.elf.dir/Middlewares/Third_Party/FreeRTOS/Source/portable/GCC/ARM_CM4F/port.c.obj
 .text.vPortEnableVFP
                0x08005348       0x14 CMakeFiles/untitled.elf.dir/Middlewares/Third_Party/FreeRTOS/Source/portable/GCC/ARM_CM4F/port.c.obj
 .text.pxPortInitialiseStack
                0x0800535c       0x2c CMakeFiles/untitled.elf.dir/Middlewares/Third_Party/FreeRTOS/Source/portable/GCC/ARM_CM4F/port.c.obj
                0x0800535c                pxPortInitialiseStack
 *fill*         0x08005388        0x8 
 .text.SVC_Handler
                0x08005390       0x24 CMakeFiles/untitled.elf.dir/Middlewares/Third_Party/FreeRTOS/Source/portable/GCC/ARM_CM4F/port.c.obj
                0x08005390                SVC_Handler
 .text.vPortEnterCritical
                0x080053b4       0x44 CMakeFiles/untitled.elf.dir/Middlewares/Third_Party/FreeRTOS/Source/portable/GCC/ARM_CM4F/port.c.obj
                0x080053b4                vPortEnterCritical
 .text.vPortExitCritical
                0x080053f8       0x2c CMakeFiles/untitled.elf.dir/Middlewares/Third_Party/FreeRTOS/Source/portable/GCC/ARM_CM4F/port.c.obj
                0x080053f8                vPortExitCritical
 *fill*         0x08005424        0xc 
 .text.PendSV_Handler
                0x08005430       0x64 CMakeFiles/untitled.elf.dir/Middlewares/Third_Party/FreeRTOS/Source/portable/GCC/ARM_CM4F/port.c.obj
                0x08005430                PendSV_Handler
 .text.xPortSysTickHandler
                0x08005494       0x2c CMakeFiles/untitled.elf.dir/Middlewares/Third_Party/FreeRTOS/Source/portable/GCC/ARM_CM4F/port.c.obj
                0x08005494                xPortSysTickHandler
 .text.vPortSetupTimerInterrupt
                0x080054c0       0x28 CMakeFiles/untitled.elf.dir/Middlewares/Third_Party/FreeRTOS/Source/portable/GCC/ARM_CM4F/port.c.obj
                0x080054c0                vPortSetupTimerInterrupt
 .text.xPortStartScheduler
                0x080054e8      0x118 CMakeFiles/untitled.elf.dir/Middlewares/Third_Party/FreeRTOS/Source/portable/GCC/ARM_CM4F/port.c.obj
                0x080054e8                xPortStartScheduler
 .text.vPortValidateInterruptPriority
                0x08005600       0x5c CMakeFiles/untitled.elf.dir/Middlewares/Third_Party/FreeRTOS/Source/portable/GCC/ARM_CM4F/port.c.obj
                0x08005600                vPortValidateInterruptPriority
 .text.prvHeapInit
                0x0800565c       0x68 CMakeFiles/untitled.elf.dir/Middlewares/Third_Party/FreeRTOS/Source/portable/MemMang/heap_4.c.obj
 .text.prvInsertBlockIntoFreeList
                0x080056c4       0x64 CMakeFiles/untitled.elf.dir/Middlewares/Third_Party/FreeRTOS/Source/portable/MemMang/heap_4.c.obj
 .text.pvPortMalloc
                0x08005728       0xfc CMakeFiles/untitled.elf.dir/Middlewares/Third_Party/FreeRTOS/Source/portable/MemMang/heap_4.c.obj
                0x08005728                pvPortMalloc
 .text.vPortFree
                0x08005824       0x7c CMakeFiles/untitled.elf.dir/Middlewares/Third_Party/FreeRTOS/Source/portable/MemMang/heap_4.c.obj
                0x08005824                vPortFree
 .text.prvIsQueueFull
                0x080058a0       0x1e CMakeFiles/untitled.elf.dir/Middlewares/Third_Party/FreeRTOS/Source/queue.c.obj
 .text.prvIsQueueEmpty
                0x080058be       0x1a CMakeFiles/untitled.elf.dir/Middlewares/Third_Party/FreeRTOS/Source/queue.c.obj
 .text.prvCopyDataToQueue
                0x080058d8       0x76 CMakeFiles/untitled.elf.dir/Middlewares/Third_Party/FreeRTOS/Source/queue.c.obj
 .text.prvCopyDataFromQueue
                0x0800594e       0x24 CMakeFiles/untitled.elf.dir/Middlewares/Third_Party/FreeRTOS/Source/queue.c.obj
 .text.prvUnlockQueue
                0x08005972       0x6e CMakeFiles/untitled.elf.dir/Middlewares/Third_Party/FreeRTOS/Source/queue.c.obj
 .text.xQueueGenericReset
                0x080059e0       0x84 CMakeFiles/untitled.elf.dir/Middlewares/Third_Party/FreeRTOS/Source/queue.c.obj
                0x080059e0                xQueueGenericReset
 .text.prvInitialiseNewQueue
                0x08005a64       0x22 CMakeFiles/untitled.elf.dir/Middlewares/Third_Party/FreeRTOS/Source/queue.c.obj
 .text.xQueueGenericCreateStatic
                0x08005a86       0x94 CMakeFiles/untitled.elf.dir/Middlewares/Third_Party/FreeRTOS/Source/queue.c.obj
                0x08005a86                xQueueGenericCreateStatic
 .text.xQueueGenericSend
                0x08005b1a      0x188 CMakeFiles/untitled.elf.dir/Middlewares/Third_Party/FreeRTOS/Source/queue.c.obj
                0x08005b1a                xQueueGenericSend
 .text.xQueueGenericSendFromISR
                0x08005ca2       0xce CMakeFiles/untitled.elf.dir/Middlewares/Third_Party/FreeRTOS/Source/queue.c.obj
                0x08005ca2                xQueueGenericSendFromISR
 .text.xQueueReceive
                0x08005d70      0x15e CMakeFiles/untitled.elf.dir/Middlewares/Third_Party/FreeRTOS/Source/queue.c.obj
                0x08005d70                xQueueReceive
 *fill*         0x08005ece        0x2 
 .text.vQueueAddToRegistry
                0x08005ed0       0x28 CMakeFiles/untitled.elf.dir/Middlewares/Third_Party/FreeRTOS/Source/queue.c.obj
                0x08005ed0                vQueueAddToRegistry
 .text.vQueueWaitForMessageRestricted
                0x08005ef8       0x52 CMakeFiles/untitled.elf.dir/Middlewares/Third_Party/FreeRTOS/Source/queue.c.obj
                0x08005ef8                vQueueWaitForMessageRestricted
 *fill*         0x08005f4a        0x2 
 .text.prvResetNextTaskUnblockTime
                0x08005f4c       0x2c CMakeFiles/untitled.elf.dir/Middlewares/Third_Party/FreeRTOS/Source/tasks.c.obj
 .text.prvInitialiseNewTask
                0x08005f78       0xa6 CMakeFiles/untitled.elf.dir/Middlewares/Third_Party/FreeRTOS/Source/tasks.c.obj
 *fill*         0x0800601e        0x2 
 .text.prvInitialiseTaskLists
                0x08006020       0x68 CMakeFiles/untitled.elf.dir/Middlewares/Third_Party/FreeRTOS/Source/tasks.c.obj
 .text.prvAddNewTaskToReadyList
                0x08006088       0xac CMakeFiles/untitled.elf.dir/Middlewares/Third_Party/FreeRTOS/Source/tasks.c.obj
 .text.prvDeleteTCB
                0x08006134       0x38 CMakeFiles/untitled.elf.dir/Middlewares/Third_Party/FreeRTOS/Source/tasks.c.obj
 .text.prvCheckTasksWaitingTermination
                0x0800616c       0x4c CMakeFiles/untitled.elf.dir/Middlewares/Third_Party/FreeRTOS/Source/tasks.c.obj
 .text.prvIdleTask
                0x080061b8       0x28 CMakeFiles/untitled.elf.dir/Middlewares/Third_Party/FreeRTOS/Source/tasks.c.obj
 .text.prvAddCurrentTaskToDelayedList
                0x080061e0       0x7c CMakeFiles/untitled.elf.dir/Middlewares/Third_Party/FreeRTOS/Source/tasks.c.obj
 .text.xTaskCreateStatic
                0x0800625c       0x76 CMakeFiles/untitled.elf.dir/Middlewares/Third_Party/FreeRTOS/Source/tasks.c.obj
                0x0800625c                xTaskCreateStatic
 .text.xTaskCreate
                0x080062d2       0x68 CMakeFiles/untitled.elf.dir/Middlewares/Third_Party/FreeRTOS/Source/tasks.c.obj
                0x080062d2                xTaskCreate
 *fill*         0x0800633a        0x2 
 .text.vTaskStartScheduler
                0x0800633c       0x9c CMakeFiles/untitled.elf.dir/Middlewares/Third_Party/FreeRTOS/Source/tasks.c.obj
                0x0800633c                vTaskStartScheduler
 .text.vTaskSuspendAll
                0x080063d8       0x10 CMakeFiles/untitled.elf.dir/Middlewares/Third_Party/FreeRTOS/Source/tasks.c.obj
                0x080063d8                vTaskSuspendAll
 .text.xTaskGetTickCount
                0x080063e8        0xc CMakeFiles/untitled.elf.dir/Middlewares/Third_Party/FreeRTOS/Source/tasks.c.obj
                0x080063e8                xTaskGetTickCount
 .text.xTaskIncrementTick
                0x080063f4      0x118 CMakeFiles/untitled.elf.dir/Middlewares/Third_Party/FreeRTOS/Source/tasks.c.obj
                0x080063f4                xTaskIncrementTick
 .text.xTaskResumeAll
                0x0800650c       0xf8 CMakeFiles/untitled.elf.dir/Middlewares/Third_Party/FreeRTOS/Source/tasks.c.obj
                0x0800650c                xTaskResumeAll
 .text.vTaskDelay
                0x08006604       0x4c CMakeFiles/untitled.elf.dir/Middlewares/Third_Party/FreeRTOS/Source/tasks.c.obj
                0x08006604                vTaskDelay
 .text.vTaskSwitchContext
                0x08006650       0x94 CMakeFiles/untitled.elf.dir/Middlewares/Third_Party/FreeRTOS/Source/tasks.c.obj
                0x08006650                vTaskSwitchContext
 .text.vTaskPlaceOnEventList
                0x080066e4       0x30 CMakeFiles/untitled.elf.dir/Middlewares/Third_Party/FreeRTOS/Source/tasks.c.obj
                0x080066e4                vTaskPlaceOnEventList
 .text.vTaskPlaceOnEventListRestricted
                0x08006714       0x38 CMakeFiles/untitled.elf.dir/Middlewares/Third_Party/FreeRTOS/Source/tasks.c.obj
                0x08006714                vTaskPlaceOnEventListRestricted
 .text.xTaskRemoveFromEventList
                0x0800674c       0x8c CMakeFiles/untitled.elf.dir/Middlewares/Third_Party/FreeRTOS/Source/tasks.c.obj
                0x0800674c                xTaskRemoveFromEventList
 .text.vTaskInternalSetTimeOutState
                0x080067d8       0x18 CMakeFiles/untitled.elf.dir/Middlewares/Third_Party/FreeRTOS/Source/tasks.c.obj
                0x080067d8                vTaskInternalSetTimeOutState
 .text.xTaskCheckForTimeOut
                0x080067f0       0x84 CMakeFiles/untitled.elf.dir/Middlewares/Third_Party/FreeRTOS/Source/tasks.c.obj
                0x080067f0                xTaskCheckForTimeOut
 .text.vTaskMissedYield
                0x08006874        0xc CMakeFiles/untitled.elf.dir/Middlewares/Third_Party/FreeRTOS/Source/tasks.c.obj
                0x08006874                vTaskMissedYield
 .text.xTaskGetSchedulerState
                0x08006880       0x20 CMakeFiles/untitled.elf.dir/Middlewares/Third_Party/FreeRTOS/Source/tasks.c.obj
                0x08006880                xTaskGetSchedulerState
 .text.xTaskPriorityDisinherit
                0x080068a0       0x90 CMakeFiles/untitled.elf.dir/Middlewares/Third_Party/FreeRTOS/Source/tasks.c.obj
                0x080068a0                xTaskPriorityDisinherit
 .text.prvGetNextExpireTime
                0x08006930       0x20 CMakeFiles/untitled.elf.dir/Middlewares/Third_Party/FreeRTOS/Source/timers.c.obj
 .text.prvInsertTimerInActiveList
                0x08006950       0x48 CMakeFiles/untitled.elf.dir/Middlewares/Third_Party/FreeRTOS/Source/timers.c.obj
 .text.prvCheckForValidListAndQueue
                0x08006998       0x70 CMakeFiles/untitled.elf.dir/Middlewares/Third_Party/FreeRTOS/Source/timers.c.obj
 .text.xTimerCreateTimerTask
                0x08006a08       0x64 CMakeFiles/untitled.elf.dir/Middlewares/Third_Party/FreeRTOS/Source/timers.c.obj
                0x08006a08                xTimerCreateTimerTask
 .text.xTimerGenericCommand
                0x08006a6c       0x6c CMakeFiles/untitled.elf.dir/Middlewares/Third_Party/FreeRTOS/Source/timers.c.obj
                0x08006a6c                xTimerGenericCommand
 .text.prvSwitchTimerLists
                0x08006ad8       0x7c CMakeFiles/untitled.elf.dir/Middlewares/Third_Party/FreeRTOS/Source/timers.c.obj
 .text.prvSampleTimeNow
                0x08006b54       0x2c CMakeFiles/untitled.elf.dir/Middlewares/Third_Party/FreeRTOS/Source/timers.c.obj
 .text.prvProcessExpiredTimer
                0x08006b80       0x6c CMakeFiles/untitled.elf.dir/Middlewares/Third_Party/FreeRTOS/Source/timers.c.obj
 .text.prvProcessTimerOrBlockTask
                0x08006bec       0x74 CMakeFiles/untitled.elf.dir/Middlewares/Third_Party/FreeRTOS/Source/timers.c.obj
 .text.prvProcessReceivedCommands
                0x08006c60      0x10c CMakeFiles/untitled.elf.dir/Middlewares/Third_Party/FreeRTOS/Source/timers.c.obj
 .text.prvTimerTask
                0x08006d6c       0x16 CMakeFiles/untitled.elf.dir/Middlewares/Third_Party/FreeRTOS/Source/timers.c.obj
 *fill*         0x08006d82        0x2 
 .text.MX_USB_DEVICE_Init
                0x08006d84       0x54 CMakeFiles/untitled.elf.dir/USB_DEVICE/App/usb_device.c.obj
                0x08006d84                MX_USB_DEVICE_Init
 .text.CDC_DeInit_FS
                0x08006dd8        0x4 CMakeFiles/untitled.elf.dir/USB_DEVICE/App/usbd_cdc_if.c.obj
 .text.CDC_Control_FS
                0x08006ddc        0x4 CMakeFiles/untitled.elf.dir/USB_DEVICE/App/usbd_cdc_if.c.obj
 .text.CDC_TransmitCplt_FS
                0x08006de0        0x4 CMakeFiles/untitled.elf.dir/USB_DEVICE/App/usbd_cdc_if.c.obj
 .text.CDC_Receive_FS
                0x08006de4       0x1c CMakeFiles/untitled.elf.dir/USB_DEVICE/App/usbd_cdc_if.c.obj
 .text.CDC_Init_FS
                0x08006e00       0x28 CMakeFiles/untitled.elf.dir/USB_DEVICE/App/usbd_cdc_if.c.obj
 .text.USBD_FS_DeviceDescriptor
                0x08006e28        0xc CMakeFiles/untitled.elf.dir/USB_DEVICE/App/usbd_desc.c.obj
                0x08006e28                USBD_FS_DeviceDescriptor
 .text.USBD_FS_LangIDStrDescriptor
                0x08006e34        0xc CMakeFiles/untitled.elf.dir/USB_DEVICE/App/usbd_desc.c.obj
                0x08006e34                USBD_FS_LangIDStrDescriptor
 .text.IntToUnicode
                0x08006e40       0x46 CMakeFiles/untitled.elf.dir/USB_DEVICE/App/usbd_desc.c.obj
 *fill*         0x08006e86        0x2 
 .text.Get_SerialNum
                0x08006e88       0x38 CMakeFiles/untitled.elf.dir/USB_DEVICE/App/usbd_desc.c.obj
 .text.USBD_FS_SerialStrDescriptor
                0x08006ec0       0x14 CMakeFiles/untitled.elf.dir/USB_DEVICE/App/usbd_desc.c.obj
                0x08006ec0                USBD_FS_SerialStrDescriptor
 .text.USBD_FS_ProductStrDescriptor
                0x08006ed4       0x24 CMakeFiles/untitled.elf.dir/USB_DEVICE/App/usbd_desc.c.obj
                0x08006ed4                USBD_FS_ProductStrDescriptor
 .text.USBD_FS_ManufacturerStrDescriptor
                0x08006ef8       0x1c CMakeFiles/untitled.elf.dir/USB_DEVICE/App/usbd_desc.c.obj
                0x08006ef8                USBD_FS_ManufacturerStrDescriptor
 .text.USBD_FS_ConfigStrDescriptor
                0x08006f14       0x24 CMakeFiles/untitled.elf.dir/USB_DEVICE/App/usbd_desc.c.obj
                0x08006f14                USBD_FS_ConfigStrDescriptor
 .text.USBD_FS_InterfaceStrDescriptor
                0x08006f38       0x24 CMakeFiles/untitled.elf.dir/USB_DEVICE/App/usbd_desc.c.obj
                0x08006f38                USBD_FS_InterfaceStrDescriptor
 .text.HAL_PCD_MspInit
                0x08006f5c       0x84 CMakeFiles/untitled.elf.dir/USB_DEVICE/Target/usbd_conf.c.obj
                0x08006f5c                HAL_PCD_MspInit
 .text.HAL_PCD_SetupStageCallback
                0x08006fe0       0x10 CMakeFiles/untitled.elf.dir/USB_DEVICE/Target/usbd_conf.c.obj
                0x08006fe0                HAL_PCD_SetupStageCallback
 .text.HAL_PCD_DataOutStageCallback
                0x08006ff0       0x18 CMakeFiles/untitled.elf.dir/USB_DEVICE/Target/usbd_conf.c.obj
                0x08006ff0                HAL_PCD_DataOutStageCallback
 .text.HAL_PCD_DataInStageCallback
                0x08007008       0x16 CMakeFiles/untitled.elf.dir/USB_DEVICE/Target/usbd_conf.c.obj
                0x08007008                HAL_PCD_DataInStageCallback
 .text.HAL_PCD_SOFCallback
                0x0800701e        0xc CMakeFiles/untitled.elf.dir/USB_DEVICE/Target/usbd_conf.c.obj
                0x0800701e                HAL_PCD_SOFCallback
 .text.HAL_PCD_ResetCallback
                0x0800702a       0x2c CMakeFiles/untitled.elf.dir/USB_DEVICE/Target/usbd_conf.c.obj
                0x0800702a                HAL_PCD_ResetCallback
 *fill*         0x08007056        0x2 
 .text.HAL_PCD_SuspendCallback
                0x08007058       0x30 CMakeFiles/untitled.elf.dir/USB_DEVICE/Target/usbd_conf.c.obj
                0x08007058                HAL_PCD_SuspendCallback
 .text.HAL_PCD_ResumeCallback
                0x08007088        0xc CMakeFiles/untitled.elf.dir/USB_DEVICE/Target/usbd_conf.c.obj
                0x08007088                HAL_PCD_ResumeCallback
 .text.HAL_PCD_ISOOUTIncompleteCallback
                0x08007094        0xc CMakeFiles/untitled.elf.dir/USB_DEVICE/Target/usbd_conf.c.obj
                0x08007094                HAL_PCD_ISOOUTIncompleteCallback
 .text.HAL_PCD_ISOINIncompleteCallback
                0x080070a0        0xc CMakeFiles/untitled.elf.dir/USB_DEVICE/Target/usbd_conf.c.obj
                0x080070a0                HAL_PCD_ISOINIncompleteCallback
 .text.HAL_PCD_ConnectCallback
                0x080070ac        0xc CMakeFiles/untitled.elf.dir/USB_DEVICE/Target/usbd_conf.c.obj
                0x080070ac                HAL_PCD_ConnectCallback
 .text.HAL_PCD_DisconnectCallback
                0x080070b8        0xc CMakeFiles/untitled.elf.dir/USB_DEVICE/Target/usbd_conf.c.obj
                0x080070b8                HAL_PCD_DisconnectCallback
 .text.USBD_LL_Init
                0x080070c4       0x68 CMakeFiles/untitled.elf.dir/USB_DEVICE/Target/usbd_conf.c.obj
                0x080070c4                USBD_LL_Init
 .text.USBD_LL_IsStallEP
                0x0800712c       0x2e CMakeFiles/untitled.elf.dir/USB_DEVICE/Target/usbd_conf.c.obj
                0x0800712c                USBD_LL_IsStallEP
 .text.USBD_LL_GetRxDataSize
                0x0800715a        0xc CMakeFiles/untitled.elf.dir/USB_DEVICE/Target/usbd_conf.c.obj
                0x0800715a                USBD_LL_GetRxDataSize
 *fill*         0x08007166        0x2 
 .text.USBD_static_malloc
                0x08007168        0x8 CMakeFiles/untitled.elf.dir/USB_DEVICE/Target/usbd_conf.c.obj
                0x08007168                USBD_static_malloc
 .text.USBD_static_free
                0x08007170        0x2 CMakeFiles/untitled.elf.dir/USB_DEVICE/Target/usbd_conf.c.obj
                0x08007170                USBD_static_free
 .text.USBD_Get_USB_Status
                0x08007172       0x14 CMakeFiles/untitled.elf.dir/USB_DEVICE/Target/usbd_conf.c.obj
                0x08007172                USBD_Get_USB_Status
 .text.USBD_LL_Start
                0x08007186       0x10 CMakeFiles/untitled.elf.dir/USB_DEVICE/Target/usbd_conf.c.obj
                0x08007186                USBD_LL_Start
 .text.USBD_LL_OpenEP
                0x08007196       0x16 CMakeFiles/untitled.elf.dir/USB_DEVICE/Target/usbd_conf.c.obj
                0x08007196                USBD_LL_OpenEP
 .text.USBD_LL_CloseEP
                0x080071ac       0x10 CMakeFiles/untitled.elf.dir/USB_DEVICE/Target/usbd_conf.c.obj
                0x080071ac                USBD_LL_CloseEP
 .text.USBD_LL_StallEP
                0x080071bc       0x10 CMakeFiles/untitled.elf.dir/USB_DEVICE/Target/usbd_conf.c.obj
                0x080071bc                USBD_LL_StallEP
 .text.USBD_LL_ClearStallEP
                0x080071cc       0x10 CMakeFiles/untitled.elf.dir/USB_DEVICE/Target/usbd_conf.c.obj
                0x080071cc                USBD_LL_ClearStallEP
 .text.USBD_LL_SetUSBAddress
                0x080071dc       0x10 CMakeFiles/untitled.elf.dir/USB_DEVICE/Target/usbd_conf.c.obj
                0x080071dc                USBD_LL_SetUSBAddress
 .text.USBD_LL_Transmit
                0x080071ec       0x10 CMakeFiles/untitled.elf.dir/USB_DEVICE/Target/usbd_conf.c.obj
                0x080071ec                USBD_LL_Transmit
 .text.USBD_LL_PrepareReceive
                0x080071fc       0x10 CMakeFiles/untitled.elf.dir/USB_DEVICE/Target/usbd_conf.c.obj
                0x080071fc                USBD_LL_PrepareReceive
 .text.__libc_init_array
                0x0800720c       0x48 e:/clion_for_stm32/gun_arm_gcc/10 2021.10/bin/../lib/gcc/arm-none-eabi/10.3.1/../../../../arm-none-eabi/lib/thumb/v7e-m+fp/hard\libg.a(lib_a-init.o)
                0x0800720c                __libc_init_array
 .text.memset   0x08007254       0xa4 e:/clion_for_stm32/gun_arm_gcc/10 2021.10/bin/../lib/gcc/arm-none-eabi/10.3.1/../../../../arm-none-eabi/lib/thumb/v7e-m+fp/hard\libg.a(lib_a-memset.o)
                0x08007254                memset
 .text.startup.register_fini
                0x080072f8       0x14 e:/clion_for_stm32/gun_arm_gcc/10 2021.10/bin/../lib/gcc/arm-none-eabi/10.3.1/../../../../arm-none-eabi/lib/thumb/v7e-m+fp/hard\libg.a(lib_a-__call_atexit.o)
 .text.atexit   0x0800730c        0xc e:/clion_for_stm32/gun_arm_gcc/10 2021.10/bin/../lib/gcc/arm-none-eabi/10.3.1/../../../../arm-none-eabi/lib/thumb/v7e-m+fp/hard\libg.a(lib_a-atexit.o)
                0x0800730c                atexit
 .text.__libc_fini_array
                0x08007318       0x2c e:/clion_for_stm32/gun_arm_gcc/10 2021.10/bin/../lib/gcc/arm-none-eabi/10.3.1/../../../../arm-none-eabi/lib/thumb/v7e-m+fp/hard\libg.a(lib_a-fini.o)
                0x08007318                __libc_fini_array
 .text.__retarget_lock_acquire_recursive
                0x08007344        0x4 e:/clion_for_stm32/gun_arm_gcc/10 2021.10/bin/../lib/gcc/arm-none-eabi/10.3.1/../../../../arm-none-eabi/lib/thumb/v7e-m+fp/hard\libg.a(lib_a-lock.o)
                0x08007344                __retarget_lock_acquire_recursive
 .text.__retarget_lock_release_recursive
                0x08007348        0x4 e:/clion_for_stm32/gun_arm_gcc/10 2021.10/bin/../lib/gcc/arm-none-eabi/10.3.1/../../../../arm-none-eabi/lib/thumb/v7e-m+fp/hard\libg.a(lib_a-lock.o)
                0x08007348                __retarget_lock_release_recursive
 .text.__register_exitproc
                0x0800734c       0x8c e:/clion_for_stm32/gun_arm_gcc/10 2021.10/bin/../lib/gcc/arm-none-eabi/10.3.1/../../../../arm-none-eabi/lib/thumb/v7e-m+fp/hard\libg.a(lib_a-__atexit.o)
                0x0800734c                __register_exitproc
 *(.glue_7)
 .glue_7        0x080073d8        0x0 linker stubs
 *(.glue_7t)
 .glue_7t       0x080073d8        0x0 linker stubs
 *(.eh_frame)
 .eh_frame      0x080073d8        0x0 e:/clion_for_stm32/gun_arm_gcc/10 2021.10/bin/../lib/gcc/arm-none-eabi/10.3.1/thumb/v7e-m+fp/hard/crtbegin.o
 *(.init)
 .init          0x080073d8        0x4 e:/clion_for_stm32/gun_arm_gcc/10 2021.10/bin/../lib/gcc/arm-none-eabi/10.3.1/thumb/v7e-m+fp/hard/crti.o
                0x080073d8                _init
 .init          0x080073dc        0x8 e:/clion_for_stm32/gun_arm_gcc/10 2021.10/bin/../lib/gcc/arm-none-eabi/10.3.1/thumb/v7e-m+fp/hard/crtn.o
 *(.fini)
 .fini          0x080073e4        0x4 e:/clion_for_stm32/gun_arm_gcc/10 2021.10/bin/../lib/gcc/arm-none-eabi/10.3.1/thumb/v7e-m+fp/hard/crti.o
                0x080073e4                _fini
 .fini          0x080073e8        0x8 e:/clion_for_stm32/gun_arm_gcc/10 2021.10/bin/../lib/gcc/arm-none-eabi/10.3.1/thumb/v7e-m+fp/hard/crtn.o
                0x080073f0                . = ALIGN (0x4)
                0x080073f0                _etext = .

.vfp11_veneer   0x080073f0        0x0
 .vfp11_veneer  0x080073f0        0x0 linker stubs

.v4_bx          0x080073f0        0x0
 .v4_bx         0x080073f0        0x0 linker stubs

.iplt           0x080073f0        0x0
 .iplt          0x080073f0        0x0 e:/clion_for_stm32/gun_arm_gcc/10 2021.10/bin/../lib/gcc/arm-none-eabi/10.3.1/thumb/v7e-m+fp/hard/crtbegin.o

.rodata         0x080073f0       0xac
                0x080073f0                . = ALIGN (0x4)
 *(.rodata)
 *(.rodata*)
 .rodata.str1.4
                0x080073f0        0xc CMakeFiles/untitled.elf.dir/Core/Src/freertos.c.obj
 .rodata.defaultTask_attributes
                0x080073fc       0x24 CMakeFiles/untitled.elf.dir/Core/Src/freertos.c.obj
                0x080073fc                defaultTask_attributes
 .rodata.AHBPrescTable
                0x08007420       0x10 CMakeFiles/untitled.elf.dir/Core/Src/system_stm32f4xx.c.obj
                0x08007420                AHBPrescTable
 .rodata.APBPrescTable
                0x08007430        0x8 CMakeFiles/untitled.elf.dir/Core/Src/system_stm32f4xx.c.obj
                0x08007430                APBPrescTable
 .rodata.vTaskStartScheduler.str1.4
                0x08007438        0x5 CMakeFiles/untitled.elf.dir/Middlewares/Third_Party/FreeRTOS/Source/tasks.c.obj
 *fill*         0x0800743d        0x3 
 .rodata.prvCheckForValidListAndQueue.str1.4
                0x08007440        0x5 CMakeFiles/untitled.elf.dir/Middlewares/Third_Party/FreeRTOS/Source/timers.c.obj
 *fill*         0x08007445        0x3 
 .rodata.xTimerCreateTimerTask.str1.4
                0x08007448        0x8 CMakeFiles/untitled.elf.dir/Middlewares/Third_Party/FreeRTOS/Source/timers.c.obj
 .rodata.USBD_FS_ProductStrDescriptor.str1.4
                0x08007450       0x16 CMakeFiles/untitled.elf.dir/USB_DEVICE/App/usbd_desc.c.obj
 *fill*         0x08007466        0x2 
 .rodata.USBD_FS_ManufacturerStrDescriptor.str1.4
                0x08007468       0x13 CMakeFiles/untitled.elf.dir/USB_DEVICE/App/usbd_desc.c.obj
 *fill*         0x0800747b        0x1 
 .rodata.USBD_FS_ConfigStrDescriptor.str1.4
                0x0800747c        0xb CMakeFiles/untitled.elf.dir/USB_DEVICE/App/usbd_desc.c.obj
 *fill*         0x08007487        0x1 
 .rodata.USBD_FS_InterfaceStrDescriptor.str1.4
                0x08007488        0xe CMakeFiles/untitled.elf.dir/USB_DEVICE/App/usbd_desc.c.obj
 *fill*         0x08007496        0x2 
 .rodata._global_impure_ptr
                0x08007498        0x4 e:/clion_for_stm32/gun_arm_gcc/10 2021.10/bin/../lib/gcc/arm-none-eabi/10.3.1/../../../../arm-none-eabi/lib/thumb/v7e-m+fp/hard\libg.a(lib_a-impure.o)
                0x08007498                _global_impure_ptr
                0x0800749c                . = ALIGN (0x4)

.ARM.extab      0x0800749c        0x0
                0x0800749c                . = ALIGN (0x4)
 *(.ARM.extab* .gnu.linkonce.armextab.*)
                0x0800749c                . = ALIGN (0x4)

.ARM            0x0800749c        0x8
                0x0800749c                . = ALIGN (0x4)
                0x0800749c                __exidx_start = .
 *(.ARM.exidx*)
 .ARM.exidx     0x0800749c        0x8 e:/clion_for_stm32/gun_arm_gcc/10 2021.10/bin/../lib/gcc/arm-none-eabi/10.3.1/thumb/v7e-m+fp/hard\libgcc.a(_udivmoddi4.o)
                0x080074a4                __exidx_end = .
                0x080074a4                . = ALIGN (0x4)

.rel.dyn        0x080074a4        0x0
 .rel.iplt      0x080074a4        0x0 e:/clion_for_stm32/gun_arm_gcc/10 2021.10/bin/../lib/gcc/arm-none-eabi/10.3.1/thumb/v7e-m+fp/hard/crtbegin.o

.preinit_array  0x080074a4        0x0
                0x080074a4                . = ALIGN (0x4)
                0x080074a4                PROVIDE (__preinit_array_start = .)
 *(.preinit_array*)
                0x080074a4                PROVIDE (__preinit_array_end = .)
                0x080074a4                . = ALIGN (0x4)

.init_array     0x080074a4        0x8
                0x080074a4                . = ALIGN (0x4)
                0x080074a4                PROVIDE (__init_array_start = .)
 *(SORT_BY_NAME(.init_array.*))
 .init_array.00000
                0x080074a4        0x4 e:/clion_for_stm32/gun_arm_gcc/10 2021.10/bin/../lib/gcc/arm-none-eabi/10.3.1/../../../../arm-none-eabi/lib/thumb/v7e-m+fp/hard\libg.a(lib_a-__call_atexit.o)
 *(.init_array*)
 .init_array    0x080074a8        0x4 e:/clion_for_stm32/gun_arm_gcc/10 2021.10/bin/../lib/gcc/arm-none-eabi/10.3.1/thumb/v7e-m+fp/hard/crtbegin.o
                0x080074ac                PROVIDE (__init_array_end = .)
                0x080074ac                . = ALIGN (0x4)

.fini_array     0x080074ac        0x4
                0x080074ac                . = ALIGN (0x4)
                0x080074ac                PROVIDE (__fini_array_start = .)
 *(SORT_BY_NAME(.fini_array.*))
 *(.fini_array*)
 .fini_array    0x080074ac        0x4 e:/clion_for_stm32/gun_arm_gcc/10 2021.10/bin/../lib/gcc/arm-none-eabi/10.3.1/thumb/v7e-m+fp/hard/crtbegin.o
                0x080074b0                PROVIDE (__fini_array_end = .)
                0x080074b0                . = ALIGN (0x4)
                0x080074b0                _sidata = LOADADDR (.data)

.data           0x20000000      0x52c load address 0x080074b0
                0x20000000                . = ALIGN (0x4)
                0x20000000                _sdata = .
 *(.data)
 *(.data*)
 .data.SystemCoreClock
                0x20000000        0x4 CMakeFiles/untitled.elf.dir/Core/Src/system_stm32f4xx.c.obj
                0x20000000                SystemCoreClock
 .data.uwTickFreq
                0x20000004        0x1 CMakeFiles/untitled.elf.dir/Drivers/STM32F4xx_HAL_Driver/Src/stm32f4xx_hal.c.obj
                0x20000004                uwTickFreq
 *fill*         0x20000005        0x3 
 .data.uwTickPrio
                0x20000008        0x4 CMakeFiles/untitled.elf.dir/Drivers/STM32F4xx_HAL_Driver/Src/stm32f4xx_hal.c.obj
                0x20000008                uwTickPrio
 .data.USBD_CDC
                0x2000000c       0x38 CMakeFiles/untitled.elf.dir/Middlewares/ST/STM32_USB_Device_Library/Class/CDC/Src/usbd_cdc.c.obj
                0x2000000c                USBD_CDC
 .data.USBD_CDC_CfgDesc
                0x20000044       0x43 CMakeFiles/untitled.elf.dir/Middlewares/ST/STM32_USB_Device_Library/Class/CDC/Src/usbd_cdc.c.obj
 *fill*         0x20000087        0x1 
 .data.USBD_CDC_DeviceQualifierDesc
                0x20000088        0xa CMakeFiles/untitled.elf.dir/Middlewares/ST/STM32_USB_Device_Library/Class/CDC/Src/usbd_cdc.c.obj
 *fill*         0x20000092        0x2 
 .data.uxCriticalNesting
                0x20000094        0x4 CMakeFiles/untitled.elf.dir/Middlewares/Third_Party/FreeRTOS/Source/portable/GCC/ARM_CM4F/port.c.obj
 .data.USBD_Interface_fops_FS
                0x20000098       0x14 CMakeFiles/untitled.elf.dir/USB_DEVICE/App/usbd_cdc_if.c.obj
                0x20000098                USBD_Interface_fops_FS
 .data.FS_Desc  0x200000ac       0x1c CMakeFiles/untitled.elf.dir/USB_DEVICE/App/usbd_desc.c.obj
                0x200000ac                FS_Desc
 .data.USBD_FS_DeviceDesc
                0x200000c8       0x12 CMakeFiles/untitled.elf.dir/USB_DEVICE/App/usbd_desc.c.obj
                0x200000c8                USBD_FS_DeviceDesc
 *fill*         0x200000da        0x2 
 .data.USBD_LangIDDesc
                0x200000dc        0x4 CMakeFiles/untitled.elf.dir/USB_DEVICE/App/usbd_desc.c.obj
                0x200000dc                USBD_LangIDDesc
 .data.USBD_StringSerial
                0x200000e0       0x1a CMakeFiles/untitled.elf.dir/USB_DEVICE/App/usbd_desc.c.obj
                0x200000e0                USBD_StringSerial
 *fill*         0x200000fa        0x6 
 .data.impure_data
                0x20000100      0x428 e:/clion_for_stm32/gun_arm_gcc/10 2021.10/bin/../lib/gcc/arm-none-eabi/10.3.1/../../../../arm-none-eabi/lib/thumb/v7e-m+fp/hard\libg.a(lib_a-impure.o)
 .data.__atexit_recursive_mutex
                0x20000528        0x4 e:/clion_for_stm32/gun_arm_gcc/10 2021.10/bin/../lib/gcc/arm-none-eabi/10.3.1/../../../../arm-none-eabi/lib/thumb/v7e-m+fp/hard\libg.a(lib_a-__call_atexit.o)
                0x20000528                __atexit_recursive_mutex
 *(.RamFunc)
 *(.RamFunc*)
                0x2000052c                . = ALIGN (0x4)
                0x2000052c                _edata = .
                0x080079dc                _siccmram = LOADADDR (.ccmram)

.igot.plt       0x2000052c        0x0 load address 0x080079dc
 .igot.plt      0x2000052c        0x0 e:/clion_for_stm32/gun_arm_gcc/10 2021.10/bin/../lib/gcc/arm-none-eabi/10.3.1/thumb/v7e-m+fp/hard/crtbegin.o

.ccmram         0x10000000        0x0 load address 0x080079dc
                0x10000000                . = ALIGN (0x4)
                0x10000000                _sccmram = .
 *(.ccmram)
 *(.ccmram*)
                0x10000000                . = ALIGN (0x4)
                0x10000000                _eccmram = .
                0x10000000                . = ALIGN (0x4)

.bss            0x2000052c    0x12b54
                0x2000052c                _sbss = .
                0x2000052c                __bss_start__ = _sbss
 *(.bss)
 .bss           0x2000052c       0x1c e:/clion_for_stm32/gun_arm_gcc/10 2021.10/bin/../lib/gcc/arm-none-eabi/10.3.1/thumb/v7e-m+fp/hard/crtbegin.o
 *(.bss*)
 .bss.HAL_RCC_CAN1_CLK_ENABLED
                0x20000548        0x4 CMakeFiles/untitled.elf.dir/Core/Src/can.c.obj
 .bss.hcan1     0x2000054c       0x28 CMakeFiles/untitled.elf.dir/Core/Src/can.c.obj
                0x2000054c                hcan1
 .bss.hcan2     0x20000574       0x28 CMakeFiles/untitled.elf.dir/Core/Src/can.c.obj
                0x20000574                hcan2
 .bss.defaultTaskHandle
                0x2000059c        0x4 CMakeFiles/untitled.elf.dir/Core/Src/freertos.c.obj
                0x2000059c                defaultTaskHandle
 .bss.hi2c1     0x200005a0       0x54 CMakeFiles/untitled.elf.dir/Core/Src/i2c.c.obj
                0x200005a0                hi2c1
 .bss.hi2c2     0x200005f4       0x54 CMakeFiles/untitled.elf.dir/Core/Src/i2c.c.obj
                0x200005f4                hi2c2
 .bss.htim6     0x20000648       0x48 CMakeFiles/untitled.elf.dir/Core/Src/stm32f4xx_hal_timebase_tim.c.obj
                0x20000648                htim6
 .bss.htim14    0x20000690       0x48 CMakeFiles/untitled.elf.dir/Core/Src/tim.c.obj
                0x20000690                htim14
 .bss.huart1    0x200006d8       0x44 CMakeFiles/untitled.elf.dir/Core/Src/usart.c.obj
                0x200006d8                huart1
 .bss.uwTick    0x2000071c        0x4 CMakeFiles/untitled.elf.dir/Drivers/STM32F4xx_HAL_Driver/Src/stm32f4xx_hal.c.obj
                0x2000071c                uwTick
 .bss.cfgidx.0  0x20000720        0x1 CMakeFiles/untitled.elf.dir/Middlewares/ST/STM32_USB_Device_Library/Core/Src/usbd_ctlreq.c.obj
 *fill*         0x20000721        0x3 
 .bss.Idle_Stack.2
                0x20000724      0x200 CMakeFiles/untitled.elf.dir/Middlewares/Third_Party/FreeRTOS/Source/CMSIS_RTOS_V2/cmsis_os2.c.obj
 .bss.Idle_TCB.3
                0x20000924       0x5c CMakeFiles/untitled.elf.dir/Middlewares/Third_Party/FreeRTOS/Source/CMSIS_RTOS_V2/cmsis_os2.c.obj
 .bss.KernelState
                0x20000980        0x4 CMakeFiles/untitled.elf.dir/Middlewares/Third_Party/FreeRTOS/Source/CMSIS_RTOS_V2/cmsis_os2.c.obj
 .bss.Timer_Stack.0
                0x20000984      0x400 CMakeFiles/untitled.elf.dir/Middlewares/Third_Party/FreeRTOS/Source/CMSIS_RTOS_V2/cmsis_os2.c.obj
 .bss.Timer_TCB.1
                0x20000d84       0x5c CMakeFiles/untitled.elf.dir/Middlewares/Third_Party/FreeRTOS/Source/CMSIS_RTOS_V2/cmsis_os2.c.obj
 .bss.ucMaxSysCallPriority
                0x20000de0        0x1 CMakeFiles/untitled.elf.dir/Middlewares/Third_Party/FreeRTOS/Source/portable/GCC/ARM_CM4F/port.c.obj
 *fill*         0x20000de1        0x3 
 .bss.ulMaxPRIGROUPValue
                0x20000de4        0x4 CMakeFiles/untitled.elf.dir/Middlewares/Third_Party/FreeRTOS/Source/portable/GCC/ARM_CM4F/port.c.obj
 .bss.pxEnd     0x20000de8        0x4 CMakeFiles/untitled.elf.dir/Middlewares/Third_Party/FreeRTOS/Source/portable/MemMang/heap_4.c.obj
 .bss.ucHeap    0x20000dec     0xffff CMakeFiles/untitled.elf.dir/Middlewares/Third_Party/FreeRTOS/Source/portable/MemMang/heap_4.c.obj
 *fill*         0x20010deb        0x1 
 .bss.xBlockAllocatedBit
                0x20010dec        0x4 CMakeFiles/untitled.elf.dir/Middlewares/Third_Party/FreeRTOS/Source/portable/MemMang/heap_4.c.obj
 .bss.xFreeBytesRemaining
                0x20010df0        0x4 CMakeFiles/untitled.elf.dir/Middlewares/Third_Party/FreeRTOS/Source/portable/MemMang/heap_4.c.obj
 .bss.xMinimumEverFreeBytesRemaining
                0x20010df4        0x4 CMakeFiles/untitled.elf.dir/Middlewares/Third_Party/FreeRTOS/Source/portable/MemMang/heap_4.c.obj
 .bss.xNumberOfSuccessfulAllocations
                0x20010df8        0x4 CMakeFiles/untitled.elf.dir/Middlewares/Third_Party/FreeRTOS/Source/portable/MemMang/heap_4.c.obj
 .bss.xNumberOfSuccessfulFrees
                0x20010dfc        0x4 CMakeFiles/untitled.elf.dir/Middlewares/Third_Party/FreeRTOS/Source/portable/MemMang/heap_4.c.obj
 .bss.xStart    0x20010e00        0x8 CMakeFiles/untitled.elf.dir/Middlewares/Third_Party/FreeRTOS/Source/portable/MemMang/heap_4.c.obj
 .bss.xQueueRegistry
                0x20010e08       0x40 CMakeFiles/untitled.elf.dir/Middlewares/Third_Party/FreeRTOS/Source/queue.c.obj
                0x20010e08                xQueueRegistry
 .bss.pxCurrentTCB
                0x20010e48        0x4 CMakeFiles/untitled.elf.dir/Middlewares/Third_Party/FreeRTOS/Source/tasks.c.obj
                0x20010e48                pxCurrentTCB
 .bss.pxDelayedTaskList
                0x20010e4c        0x4 CMakeFiles/untitled.elf.dir/Middlewares/Third_Party/FreeRTOS/Source/tasks.c.obj
 .bss.pxOverflowDelayedTaskList
                0x20010e50        0x4 CMakeFiles/untitled.elf.dir/Middlewares/Third_Party/FreeRTOS/Source/tasks.c.obj
 .bss.pxReadyTasksLists
                0x20010e54      0x460 CMakeFiles/untitled.elf.dir/Middlewares/Third_Party/FreeRTOS/Source/tasks.c.obj
 .bss.uxCurrentNumberOfTasks
                0x200112b4        0x4 CMakeFiles/untitled.elf.dir/Middlewares/Third_Party/FreeRTOS/Source/tasks.c.obj
 .bss.uxDeletedTasksWaitingCleanUp
                0x200112b8        0x4 CMakeFiles/untitled.elf.dir/Middlewares/Third_Party/FreeRTOS/Source/tasks.c.obj
 .bss.uxSchedulerSuspended
                0x200112bc        0x4 CMakeFiles/untitled.elf.dir/Middlewares/Third_Party/FreeRTOS/Source/tasks.c.obj
 .bss.uxTaskNumber
                0x200112c0        0x4 CMakeFiles/untitled.elf.dir/Middlewares/Third_Party/FreeRTOS/Source/tasks.c.obj
 .bss.uxTopReadyPriority
                0x200112c4        0x4 CMakeFiles/untitled.elf.dir/Middlewares/Third_Party/FreeRTOS/Source/tasks.c.obj
 .bss.xDelayedTaskList1
                0x200112c8       0x14 CMakeFiles/untitled.elf.dir/Middlewares/Third_Party/FreeRTOS/Source/tasks.c.obj
 .bss.xDelayedTaskList2
                0x200112dc       0x14 CMakeFiles/untitled.elf.dir/Middlewares/Third_Party/FreeRTOS/Source/tasks.c.obj
 .bss.xIdleTaskHandle
                0x200112f0        0x4 CMakeFiles/untitled.elf.dir/Middlewares/Third_Party/FreeRTOS/Source/tasks.c.obj
 .bss.xNextTaskUnblockTime
                0x200112f4        0x4 CMakeFiles/untitled.elf.dir/Middlewares/Third_Party/FreeRTOS/Source/tasks.c.obj
 .bss.xNumOfOverflows
                0x200112f8        0x4 CMakeFiles/untitled.elf.dir/Middlewares/Third_Party/FreeRTOS/Source/tasks.c.obj
 .bss.xPendedTicks
                0x200112fc        0x4 CMakeFiles/untitled.elf.dir/Middlewares/Third_Party/FreeRTOS/Source/tasks.c.obj
 .bss.xPendingReadyList
                0x20011300       0x14 CMakeFiles/untitled.elf.dir/Middlewares/Third_Party/FreeRTOS/Source/tasks.c.obj
 .bss.xSchedulerRunning
                0x20011314        0x4 CMakeFiles/untitled.elf.dir/Middlewares/Third_Party/FreeRTOS/Source/tasks.c.obj
 .bss.xSuspendedTaskList
                0x20011318       0x14 CMakeFiles/untitled.elf.dir/Middlewares/Third_Party/FreeRTOS/Source/tasks.c.obj
 .bss.xTasksWaitingTermination
                0x2001132c       0x14 CMakeFiles/untitled.elf.dir/Middlewares/Third_Party/FreeRTOS/Source/tasks.c.obj
 .bss.xTickCount
                0x20011340        0x4 CMakeFiles/untitled.elf.dir/Middlewares/Third_Party/FreeRTOS/Source/tasks.c.obj
 .bss.xYieldPending
                0x20011344        0x4 CMakeFiles/untitled.elf.dir/Middlewares/Third_Party/FreeRTOS/Source/tasks.c.obj
 .bss.pxCurrentTimerList
                0x20011348        0x4 CMakeFiles/untitled.elf.dir/Middlewares/Third_Party/FreeRTOS/Source/timers.c.obj
 .bss.pxOverflowTimerList
                0x2001134c        0x4 CMakeFiles/untitled.elf.dir/Middlewares/Third_Party/FreeRTOS/Source/timers.c.obj
 .bss.ucStaticTimerQueueStorage.1
                0x20011350       0xa0 CMakeFiles/untitled.elf.dir/Middlewares/Third_Party/FreeRTOS/Source/timers.c.obj
 .bss.xActiveTimerList1
                0x200113f0       0x14 CMakeFiles/untitled.elf.dir/Middlewares/Third_Party/FreeRTOS/Source/timers.c.obj
 .bss.xActiveTimerList2
                0x20011404       0x14 CMakeFiles/untitled.elf.dir/Middlewares/Third_Party/FreeRTOS/Source/timers.c.obj
 .bss.xLastTime.2
                0x20011418        0x4 CMakeFiles/untitled.elf.dir/Middlewares/Third_Party/FreeRTOS/Source/timers.c.obj
 .bss.xStaticTimerQueue.0
                0x2001141c       0x50 CMakeFiles/untitled.elf.dir/Middlewares/Third_Party/FreeRTOS/Source/timers.c.obj
 .bss.xTimerQueue